Archive member included to satisfy reference by file (symbol)

app/libapp.a(main.c.obj)      (--whole-archive)
zephyr/libzephyr.a(soc_nrf_common.S.obj)
                              (--whole-archive)
zephyr/libzephyr.a(assert.c.obj)
                              (--whole-archive)
zephyr/libzephyr.a(bitarray.c.obj)
                              (--whole-archive)
zephyr/libzephyr.a(cbprintf.c.obj)
                              (--whole-archive)
zephyr/libzephyr.a(cbprintf_complete.c.obj)
                              (--whole-archive)
zephyr/libzephyr.a(cbprintf_packaged.c.obj)
                              (--whole-archive)
zephyr/libzephyr.a(configs.c.obj)
                              (--whole-archive)
zephyr/libzephyr.a(constraint.c.obj)
                              (--whole-archive)
zephyr/libzephyr.a(crc16_sw.c.obj)
                              (--whole-archive)
zephyr/libzephyr.a(crc32_sw.c.obj)
                              (--whole-archive)
zephyr/libzephyr.a(crc32c_sw.c.obj)
                              (--whole-archive)
zephyr/libzephyr.a(crc7_sw.c.obj)
                              (--whole-archive)
zephyr/libzephyr.a(crc8_sw.c.obj)
                              (--whole-archive)
zephyr/libzephyr.a(dec.c.obj)
                              (--whole-archive)
zephyr/libzephyr.a(fdtable.c.obj)
                              (--whole-archive)
zephyr/libzephyr.a(heap-validate.c.obj)
                              (--whole-archive)
zephyr/libzephyr.a(heap.c.obj)
                              (--whole-archive)
zephyr/libzephyr.a(hex.c.obj)
                              (--whole-archive)
zephyr/libzephyr.a(multi_heap.c.obj)
                              (--whole-archive)
zephyr/libzephyr.a(notify.c.obj)
                              (--whole-archive)
zephyr/libzephyr.a(nrf_cc3xx_platform_abort_zephyr.c.obj)
                              (--whole-archive)
zephyr/libzephyr.a(nrf_cc3xx_platform_mutex_zephyr.c.obj)
                              (--whole-archive)
zephyr/libzephyr.a(onoff.c.obj)
                              (--whole-archive)
zephyr/libzephyr.a(pm.c.obj)  (--whole-archive)
zephyr/libzephyr.a(printk.c.obj)
                              (--whole-archive)
zephyr/libzephyr.a(rb.c.obj)  (--whole-archive)
zephyr/libzephyr.a(reboot.c.obj)
                              (--whole-archive)
zephyr/libzephyr.a(residency.c.obj)
                              (--whole-archive)
zephyr/libzephyr.a(sem.c.obj)
                              (--whole-archive)
zephyr/libzephyr.a(thread_entry.c.obj)
                              (--whole-archive)
zephyr/libzephyr.a(timeutil.c.obj)
                              (--whole-archive)
zephyr/libzephyr.a(tracing_none.c.obj)
                              (--whole-archive)
zephyr/libzephyr.a(validate_base_addresses.c.obj)
                              (--whole-archive)
zephyr/libzephyr.a(validate_enabled_instances.c.obj)
                              (--whole-archive)
zephyr/arch/common/libarch__common.a(sw_isr_common.c.obj)
                              (--whole-archive)
zephyr/arch/arch/arm/core/aarch32/libarch__arm__core__aarch32.a(cpu_idle.S.obj)
                              (--whole-archive)
zephyr/arch/arch/arm/core/aarch32/libarch__arm__core__aarch32.a(isr_wrapper.S.obj)
                              (--whole-archive)
zephyr/arch/arch/arm/core/aarch32/libarch__arm__core__aarch32.a(nmi_on_reset.S.obj)
                              (--whole-archive)
zephyr/arch/arch/arm/core/aarch32/libarch__arm__core__aarch32.a(swap_helper.S.obj)
                              (--whole-archive)
zephyr/arch/arch/arm/core/aarch32/libarch__arm__core__aarch32.a(fatal.c.obj)
                              (--whole-archive)
zephyr/arch/arch/arm/core/aarch32/libarch__arm__core__aarch32.a(irq_manage.c.obj)
                              (--whole-archive)
zephyr/arch/arch/arm/core/aarch32/libarch__arm__core__aarch32.a(nmi.c.obj)
                              (--whole-archive)
zephyr/arch/arch/arm/core/aarch32/libarch__arm__core__aarch32.a(prep_c.c.obj)
                              (--whole-archive)
zephyr/arch/arch/arm/core/aarch32/libarch__arm__core__aarch32.a(swap.c.obj)
                              (--whole-archive)
zephyr/arch/arch/arm/core/aarch32/libarch__arm__core__aarch32.a(thread.c.obj)
                              (--whole-archive)
zephyr/arch/arch/arm/core/aarch32/cortex_m/libarch__arm__core__aarch32__cortex_m.a(exc_exit.S.obj)
                              (--whole-archive)
zephyr/arch/arch/arm/core/aarch32/cortex_m/libarch__arm__core__aarch32__cortex_m.a(fault_s.S.obj)
                              (--whole-archive)
zephyr/arch/arch/arm/core/aarch32/cortex_m/libarch__arm__core__aarch32__cortex_m.a(reset.S.obj)
                              (--whole-archive)
zephyr/arch/arch/arm/core/aarch32/cortex_m/libarch__arm__core__aarch32__cortex_m.a(vector_table.S.obj)
                              (--whole-archive)
[...]
Memory Configuration

Name             Origin             Length             Attributes
FLASH            0x00000000         0x00100000         xr
SRAM             0x20000000         0x00040000         xw
IDT_LIST         0xfffff7ff         0x00000800         xw
*default*        0x00000000         0xffffffff

Linker script and memory map

LOAD zephyr/CMakeFiles/zephyr_pre0.dir/misc/empty_file.c.obj
                0x00000020                _region_min_align = 0x20

.rel.plt        0x00000000        0x0
 *(SORT_BY_ALIGNMENT(.rel.plt))
                [!provide]                PROVIDE (__rel_iplt_start = .)
 *(SORT_BY_ALIGNMENT(.rel.iplt))
 .rel.iplt      0x00000000        0x0 app/libapp.a(main.c.obj)
                [!provide]                PROVIDE (__rel_iplt_end = .)

.rela.plt       0x00000000        0x0
 *(SORT_BY_ALIGNMENT(.rela.plt))
                [!provide]                PROVIDE (__rela_iplt_start = .)
 *(SORT_BY_ALIGNMENT(.rela.iplt))
                [!provide]                PROVIDE (__rela_iplt_end = .)

.rel.dyn
 *(SORT_BY_ALIGNMENT(.rel.*))

.rela.dyn
 *(SORT_BY_ALIGNMENT(.rela.*))

/DISCARD/
 *(SORT_BY_ALIGNMENT(.plt))
 *(SORT_BY_ALIGNMENT(.iplt))
 *(SORT_BY_ALIGNMENT(.got.plt))
 *(SORT_BY_ALIGNMENT(.igot.plt))
 *(SORT_BY_ALIGNMENT(.got))
 *(SORT_BY_ALIGNMENT(.igot))
 *(SORT_BY_ALIGNMENT(.note.GNU-stack))
                0x00000000                __rom_region_start = 0x0

rom_start       0x00000000      0x100
                0x00000000                . = 0x0
                0x00000000                . = ALIGN (0x4)
                0x00000000                . = ALIGN (0x80)
                0x00000000                . = ALIGN (0x100)
                0x00000000                _vector_start = .
 *(SORT_BY_ALIGNMENT(.exc_vector_table))
 *(SORT_BY_ALIGNMENT(.exc_vector_table.*))
 .exc_vector_table._vector_table_section
                0x00000000       0x40 zephyr/arch/arch/arm/core/aarch32/cortex_m/libarch__arm__core__aarch32__cortex_m.a(vector_table.S.obj)
                0x00000000                _vector_table
 *(SORT_BY_ALIGNMENT(.gnu.linkonce.irq_vector_table*))
 .gnu.linkonce.irq_vector_table
                0x00000040       0xc0 zephyr/arch/common/libisr_tables.a(isr_tables.c.obj)
                0x00000040                _irq_vector_table
 *(SORT_BY_ALIGNMENT(.vectors))
                0x00000100                _vector_end = .

text            0x00000100     0x707c
                0x00000100                __text_region_start = .
 *(SORT_BY_ALIGNMENT(.text))
 .text          0x00000100       0x30 c:/ncs/v1.9.1/toolchain/opt/bin/../lib/gcc/arm-none-eabi/9.2.1/thumb/v7e-m/nofp\libgcc.a(_aeabi_uldivmod.o)
                0x00000100                __aeabi_uldivmod
 .text          0x00000130      0x2c0 c:/ncs/v1.9.1/toolchain/opt/bin/../lib/gcc/arm-none-eabi/9.2.1/thumb/v7e-m/nofp\libgcc.a(_udivmoddi4.o)
                0x00000130                __udivmoddi4
 .text          0x000003f0        0x4 c:/ncs/v1.9.1/toolchain/opt/bin/../lib/gcc/arm-none-eabi/9.2.1/thumb/v7e-m/nofp\libgcc.a(_dvmd_tls.o)
                0x000003f0                __aeabi_idiv0
                0x000003f0                __aeabi_ldiv0
 *(SORT_BY_ALIGNMENT(.text.*))
 .text.z_impl_gpio_pin_configure
                0x000003f4       0x9c app/libapp.a(main.c.obj)
 .text.gpio_pin_set.constprop.0
                0x00000490       0x88 app/libapp.a(main.c.obj)
 .text.thread_A_code
                0x00000518      0x128 app/libapp.a(main.c.obj)
                0x00000518                thread_A_code
 .text.thread_relogio_code
                0x00000640       0xa8 app/libapp.a(main.c.obj)
                0x00000640                thread_relogio_code
 .text.main     0x000006e8       0x70 app/libapp.a(main.c.obj)
                0x000006e8                main
 .text.cbvprintf
                0x00000758      0x780 zephyr/libzephyr.a(cbprintf_complete.c.obj)
                0x00000758                cbvprintf
 .text.sys_notify_finalize
                0x00000ed8       0x40 zephyr/libzephyr.a(notify.c.obj)
                0x00000ed8                sys_notify_finalize
 .text.nrf_cc3xx_platform_abort_init
                0x00000f18        0xc zephyr/libzephyr.a(nrf_cc3xx_platform_abort_zephyr.c.obj)
                0x00000f18                nrf_cc3xx_platform_abort_init
 .text.mutex_unlock_platform
                0x00000f24       0x4c zephyr/libzephyr.a(nrf_cc3xx_platform_mutex_zephyr.c.obj)
 .text.mutex_free_platform
                0x00000f70       0x48 zephyr/libzephyr.a(nrf_cc3xx_platform_mutex_zephyr.c.obj)
 .text.mutex_init_platform
                0x00000fb8       0x70 zephyr/libzephyr.a(nrf_cc3xx_platform_mutex_zephyr.c.obj)
 .text.mutex_lock_platform
                0x00001028       0x58 zephyr/libzephyr.a(nrf_cc3xx_platform_mutex_zephyr.c.obj)
 .text.nrf_cc3xx_platform_mutex_init
                0x00001080       0x2c zephyr/libzephyr.a(nrf_cc3xx_platform_mutex_zephyr.c.obj)
                0x00001080                nrf_cc3xx_platform_mutex_init
 .text.process_event
                0x000010ac      0x3f4 zephyr/libzephyr.a(onoff.c.obj)
 .text.transition_complete
                0x000014a0       0x64 zephyr/libzephyr.a(onoff.c.obj)
 .text.onoff_request
                0x00001504      0x130 zephyr/libzephyr.a(onoff.c.obj)
                0x00001504                onoff_request
 .text.pm_state_notify
                0x00001634       0xcc zephyr/libzephyr.a(pm.c.obj)
 .text.atomic_test_and_set_bit.constprop.0
                0x00001700       0x38 zephyr/libzephyr.a(pm.c.obj)
 .text.pm_system_resume
                0x00001738       0x88 zephyr/libzephyr.a(pm.c.obj)
                0x00001738                pm_system_resume
 .text.pm_system_suspend
                0x000017c0      0x100 zephyr/libzephyr.a(pm.c.obj)
                0x000017c0                pm_system_suspend
 .text.char_out
                0x000018c0       0x10 zephyr/libzephyr.a(printk.c.obj)
 .text.__printk_hook_install
                0x000018d0        0xc zephyr/libzephyr.a(printk.c.obj)
                0x000018d0                __printk_hook_install
 .text.vprintk  0x000018dc       0x1c zephyr/libzephyr.a(printk.c.obj)
                0x000018dc                vprintk
 .text.sys_reboot
                0x000018f8       0x28 zephyr/libzephyr.a(reboot.c.obj)
                0x000018f8                sys_reboot
 .text.z_arm_cpu_idle_init
                0x00001920        0xc zephyr/arch/arch/arm/core/aarch32/libarch__arm__core__aarch32.a(cpu_idle.S.obj)
                0x00001920                z_arm_cpu_idle_init
 .text.arch_cpu_idle
                0x0000192c       0x1c zephyr/arch/arch/arm/core/aarch32/libarch__arm__core__aarch32.a(cpu_idle.S.obj)
                0x0000192c                arch_cpu_idle
 .text.arch_cpu_atomic_idle
                0x00001948       0x14 zephyr/arch/arch/arm/core/aarch32/libarch__arm__core__aarch32.a(cpu_idle.S.obj)
                0x00001948                arch_cpu_atomic_idle
 .text._isr_wrapper
                0x0000195c       0x40 zephyr/arch/arch/arm/core/aarch32/libarch__arm__core__aarch32.a(isr_wrapper.S.obj)
                0x0000195c                _isr_wrapper
 .text.z_SysNmiOnReset
                0x0000199c        0x8 zephyr/arch/arch/arm/core/aarch32/libarch__arm__core__aarch32.a(nmi_on_reset.S.obj)
                0x0000199c                z_SysNmiOnReset
 .text.z_arm_pendsv
                0x000019a4       0x54 zephyr/arch/arch/arm/core/aarch32/libarch__arm__core__aarch32.a(swap_helper.S.obj)
                0x000019a4                z_arm_pendsv
 .text.z_arm_svc
                0x000019f8       0x20 zephyr/arch/arch/arm/core/aarch32/libarch__arm__core__aarch32.a(swap_helper.S.obj)
                0x000019f8                z_arm_svc
 .text.arch_irq_enable
                0x00001a18       0x20 zephyr/arch/arch/arm/core/aarch32/libarch__arm__core__aarch32.a(irq_manage.c.obj)
                0x00001a18                arch_irq_enable
 .text.arch_irq_is_enabled
                0x00001a38       0x1c zephyr/arch/arch/arm/core/aarch32/libarch__arm__core__aarch32.a(irq_manage.c.obj)
                0x00001a38                arch_irq_is_enabled
 .text.z_arm_irq_priority_set
                0x00001a54       0x68 zephyr/arch/arch/arm/core/aarch32/libarch__arm__core__aarch32.a(irq_manage.c.obj)
                0x00001a54                z_arm_irq_priority_set
 .text.z_arm_prep_c
                0x00001abc       0x38 zephyr/arch/arch/arm/core/aarch32/libarch__arm__core__aarch32.a(prep_c.c.obj)
                0x00001abc                z_arm_prep_c
 .text.arch_swap
                0x00001af4       0x34 zephyr/arch/arch/arm/core/aarch32/libarch__arm__core__aarch32.a(swap.c.obj)
                0x00001af4                arch_swap
 .text.arch_new_thread
                0x00001b28       0x38 zephyr/arch/arch/arm/core/aarch32/libarch__arm__core__aarch32.a(thread.c.obj)
                0x00001b28                arch_new_thread
 .text.z_check_thread_stack_fail
                0x00001b60       0x34 zephyr/arch/arch/arm/core/aarch32/libarch__arm__core__aarch32.a(thread.c.obj)
                0x00001b60                z_check_thread_stack_fail
 .text.arch_switch_to_main_thread
                0x00001b94       0x2c zephyr/arch/arch/arm/core/aarch32/libarch__arm__core__aarch32.a(thread.c.obj)
                0x00001b94                arch_switch_to_main_thread
 .text._HandlerModeExit
                0x00001bc0       0x1c zephyr/arch/arch/arm/core/aarch32/cortex_m/libarch__arm__core__aarch32__cortex_m.a(exc_exit.S.obj)
                0x00001bc0                z_arm_int_exit
                0x00001bc0                z_arm_exc_exit
 .text.__fault  0x00001bdc       0x14 zephyr/arch/arch/arm/core/aarch32/cortex_m/libarch__arm__core__aarch32__cortex_m.a(fault_s.S.obj)
                0x00001bdc                z_arm_usage_fault
                0x00001bdc                z_arm_mpu_fault
                0x00001bdc                z_arm_exc_spurious
                0x00001bdc                z_arm_debug_monitor
                0x00001bdc                z_arm_hard_fault
                0x00001bdc                z_arm_bus_fault
 .text._reset_section
                0x00001bf0       0x54 zephyr/arch/arch/arm/core/aarch32/cortex_m/libarch__arm__core__aarch32__cortex_m.a(reset.S.obj)
                0x00001bf0                __start
                0x00001bf0                z_arm_reset
 .text.mem_manage_fault
                0x00001c44       0xa4 zephyr/arch/arch/arm/core/aarch32/cortex_m/libarch__arm__core__aarch32__cortex_m.a(fault.c.obj)
 .text.bus_fault.isra.0
                0x00001ce8       0x3c zephyr/arch/arch/arm/core/aarch32/cortex_m/libarch__arm__core__aarch32__cortex_m.a(fault.c.obj)
 .text.usage_fault.isra.0
                0x00001d24       0x24 zephyr/arch/arch/arm/core/aarch32/cortex_m/libarch__arm__core__aarch32__cortex_m.a(fault.c.obj)
 .text.z_arm_fault
                0x00001d48      0x17c zephyr/arch/arch/arm/core/aarch32/cortex_m/libarch__arm__core__aarch32__cortex_m.a(fault.c.obj)
                0x00001d48                z_arm_fault
 .text.z_arm_fault_init
                0x00001ec4       0x10 zephyr/arch/arch/arm/core/aarch32/cortex_m/libarch__arm__core__aarch32__cortex_m.a(fault.c.obj)
                0x00001ec4                z_arm_fault_init
 .text.z_arm_interrupt_init
                0x00001ed4       0x18 zephyr/arch/arch/arm/core/aarch32/cortex_m/libarch__arm__core__aarch32__cortex_m.a(irq_init.c.obj)
                0x00001ed4                z_arm_interrupt_init
 .text.z_arm_clear_arm_mpu_config
                0x00001eec       0x20 zephyr/arch/arch/arm/core/aarch32/cortex_m/libarch__arm__core__aarch32__cortex_m.a(scb.c.obj)
                0x00001eec                z_arm_clear_arm_mpu_config
 .text.z_arm_init_arch_hw_at_boot
                0x00001f0c       0x64 zephyr/arch/arch/arm/core/aarch32/cortex_m/libarch__arm__core__aarch32__cortex_m.a(scb.c.obj)
                0x00001f0c                z_arm_init_arch_hw_at_boot
 .text.z_impl_k_thread_abort
                0x00001f70       0x24 zephyr/arch/arch/arm/core/aarch32/cortex_m/libarch__arm__core__aarch32__cortex_m.a(thread_abort.c.obj)
                0x00001f70                z_impl_k_thread_abort
 .text.z_arm_configure_static_mpu_regions
                0x00001f94       0x18 zephyr/arch/arch/arm/core/aarch32/mpu/libarch__arm__core__aarch32__mpu.a(arm_core_mpu.c.obj)
                0x00001f94                z_arm_configure_static_mpu_regions
 .text.z_arm_configure_dynamic_mpu_regions
                0x00001fac       0x20 zephyr/arch/arch/arm/core/aarch32/mpu/libarch__arm__core__aarch32__mpu.a(arm_core_mpu.c.obj)
                0x00001fac                z_arm_configure_dynamic_mpu_regions
 .text.mpu_configure_regions
                0x00001fcc       0x80 zephyr/arch/arch/arm/core/aarch32/mpu/libarch__arm__core__aarch32__mpu.a(arm_mpu.c.obj)
 .text.arm_core_mpu_enable
                0x0000204c       0x14 zephyr/arch/arch/arm/core/aarch32/mpu/libarch__arm__core__aarch32__mpu.a(arm_mpu.c.obj)
                0x0000204c                arm_core_mpu_enable
 .text.arm_core_mpu_disable
                0x00002060       0x10 zephyr/arch/arch/arm/core/aarch32/mpu/libarch__arm__core__aarch32__mpu.a(arm_mpu.c.obj)
                0x00002060                arm_core_mpu_disable
 .text.arm_core_mpu_configure_static_mpu_regions
                0x00002070       0x50 zephyr/arch/arch/arm/core/aarch32/mpu/libarch__arm__core__aarch32__mpu.a(arm_mpu.c.obj)
                0x00002070                arm_core_mpu_configure_static_mpu_regions
 .text.arm_core_mpu_configure_dynamic_mpu_regions
                0x000020c0       0x64 zephyr/arch/arch/arm/core/aarch32/mpu/libarch__arm__core__aarch32__mpu.a(arm_mpu.c.obj)
                0x000020c0                arm_core_mpu_configure_dynamic_mpu_regions
 .text.z_arm_mpu_init
                0x00002124       0xbc zephyr/arch/arch/arm/core/aarch32/mpu/libarch__arm__core__aarch32__mpu.a(arm_mpu.c.obj)
                0x00002124                z_arm_mpu_init
 .text.__stdout_hook_install
                0x000021e0        0xc zephyr/lib/libc/minimal/liblib__libc__minimal.a(stdout_console.c.obj)
                0x000021e0                __stdout_hook_install
 .text.nordicsemi_nrf52_init
                0x000021ec       0x64 zephyr/soc/arm/nordic_nrf/nrf52/libsoc__arm__nordic_nrf__nrf52.a(soc.c.obj)
 .text.sys_arch_reboot
                0x00002250       0x2c zephyr/soc/arm/nordic_nrf/nrf52/libsoc__arm__nordic_nrf__nrf52.a(soc.c.obj)
                0x00002250                sys_arch_reboot
 .text.arch_busy_wait
                0x0000227c       0x14 zephyr/soc/arm/nordic_nrf/nrf52/libsoc__arm__nordic_nrf__nrf52.a(soc.c.obj)
                0x0000227c                arch_busy_wait
 .text.onoff_start
                0x00002290       0x54 zephyr/drivers/clock_control/libdrivers__clock_control.a(clock_control_nrf.c.obj)
 .text.get_status
                0x000022e4       0x3c zephyr/drivers/clock_control/libdrivers__clock_control.a(clock_control_nrf.c.obj)
 .text.stop     0x00002320       0x7c zephyr/drivers/clock_control/libdrivers__clock_control.a(clock_control_nrf.c.obj)
 .text.onoff_stop
                0x0000239c       0x28 zephyr/drivers/clock_control/libdrivers__clock_control.a(clock_control_nrf.c.obj)
 .text.clk_init
                0x000023c4       0x60 zephyr/drivers/clock_control/libdrivers__clock_control.a(clock_control_nrf.c.obj)
 .text.clkstarted_handle.constprop.0
                0x00002424       0x34 zephyr/drivers/clock_control/libdrivers__clock_control.a(clock_control_nrf.c.obj)
 .text.clock_event_handler
                0x00002458       0x60 zephyr/drivers/clock_control/libdrivers__clock_control.a(clock_control_nrf.c.obj)
 .text.generic_hfclk_start
                0x000024b8       0x64 zephyr/drivers/clock_control/libdrivers__clock_control.a(clock_control_nrf.c.obj)
 .text.generic_hfclk_stop
                0x0000251c       0x2c zephyr/drivers/clock_control/libdrivers__clock_control.a(clock_control_nrf.c.obj)
 .text.api_blocking_start
                0x00002548       0x34 zephyr/drivers/clock_control/libdrivers__clock_control.a(clock_control_nrf.c.obj)
 .text.z_nrf_clock_control_lf_on
                0x0000257c      0x158 zephyr/drivers/clock_control/libdrivers__clock_control.a(clock_control_nrf.c.obj)
                0x0000257c                z_nrf_clock_control_lf_on
 .text.uart_console_init
                0x000026d4       0x30 zephyr/drivers/console/libdrivers__console.a(uart_console.c.obj)
 .text.console_out
                0x00002704       0x28 zephyr/drivers/console/libdrivers__console.a(uart_console.c.obj)
 .text.gpio_nrfx_manage_callback
                0x0000272c       0xac zephyr/drivers/gpio/libdrivers__gpio.a(gpio_nrfx.c.obj)
 .text.nrfx_gpio_handler
                0x000027d8       0x98 zephyr/drivers/gpio/libdrivers__gpio.a(gpio_nrfx.c.obj)
 .text.gpio_nrfx_pin_interrupt_configure
                0x00002870      0x130 zephyr/drivers/gpio/libdrivers__gpio.a(gpio_nrfx.c.obj)
 .text.gpio_nrfx_init
                0x000029a0       0x38 zephyr/drivers/gpio/libdrivers__gpio.a(gpio_nrfx.c.obj)
 .text.gpio_nrfx_pin_configure
                0x000029d8      0x15c zephyr/drivers/gpio/libdrivers__gpio.a(gpio_nrfx.c.obj)
 .text.uarte_nrfx_configure
                0x00002b34      0x164 zephyr/drivers/serial/libdrivers__serial.a(uart_nrfx_uarte.c.obj)
 .text.nrf_gpio_pin_port_decode
                0x00002c98       0x84 zephyr/drivers/serial/libdrivers__serial.a(uart_nrfx_uarte.c.obj)
 .text.uarte_nrfx_poll_out
                0x00002d1c       0xc4 zephyr/drivers/serial/libdrivers__serial.a(uart_nrfx_uarte.c.obj)
 .text.uarte_instance_init.isra.0
                0x00002de0      0x198 zephyr/drivers/serial/libdrivers__serial.a(uart_nrfx_uarte.c.obj)
 .text.sys_clock_timeout_handler
                0x00002f78       0x78 zephyr/drivers/timer/libdrivers__timer.a(nrf_rtc_timer.c.obj)
 .text.compare_int_lock
                0x00002ff0       0x50 zephyr/drivers/timer/libdrivers__timer.a(nrf_rtc_timer.c.obj)
 .text.compare_int_unlock.part.0
                0x00003040       0x5c zephyr/drivers/timer/libdrivers__timer.a(nrf_rtc_timer.c.obj)
 .text.z_nrf_rtc_timer_read
                0x0000309c       0x44 zephyr/drivers/timer/libdrivers__timer.a(nrf_rtc_timer.c.obj)
                0x0000309c                z_nrf_rtc_timer_read
 .text.compare_set
                0x000030e0      0x154 zephyr/drivers/timer/libdrivers__timer.a(nrf_rtc_timer.c.obj)
 .text.sys_clock_driver_init
                0x00003234       0x84 zephyr/drivers/timer/libdrivers__timer.a(nrf_rtc_timer.c.obj)
 .text.rtc_nrf_isr
                0x000032b8       0xf0 zephyr/drivers/timer/libdrivers__timer.a(nrf_rtc_timer.c.obj)
                0x000032b8                rtc_nrf_isr
 .text.sys_clock_set_timeout
                0x000033a8       0x60 zephyr/drivers/timer/libdrivers__timer.a(nrf_rtc_timer.c.obj)
                0x000033a8                sys_clock_set_timeout
 .text.sys_clock_elapsed
                0x00003408       0x14 zephyr/drivers/timer/libdrivers__timer.a(nrf_rtc_timer.c.obj)
                0x00003408                sys_clock_elapsed
 .text.nrf_clock_is_running.constprop.0
                0x0000341c       0x68 modules/hal_nordic/nrfx/libmodules__hal_nordic__nrfx.a(nrfx_clock.c.obj)
 .text.nrfx_clock_init
                0x00003484       0x48 modules/hal_nordic/nrfx/libmodules__hal_nordic__nrfx.a(nrfx_clock.c.obj)
                0x00003484                nrfx_clock_init
 .text.nrfx_clock_enable
                0x000034cc       0x40 modules/hal_nordic/nrfx/libmodules__hal_nordic__nrfx.a(nrfx_clock.c.obj)
                0x000034cc                nrfx_clock_enable
 .text.nrfx_clock_start
                0x0000350c       0xa8 modules/hal_nordic/nrfx/libmodules__hal_nordic__nrfx.a(nrfx_clock.c.obj)
                0x0000350c                nrfx_clock_start
 .text.nrfx_clock_stop
                0x000035b4       0xdc modules/hal_nordic/nrfx/libmodules__hal_nordic__nrfx.a(nrfx_clock.c.obj)
                0x000035b4                nrfx_clock_stop
 .text.nrfx_power_clock_irq_handler
                0x00003690       0x68 modules/hal_nordic/nrfx/libmodules__hal_nordic__nrfx.a(nrfx_clock.c.obj)
                0x00003690                nrfx_power_clock_irq_handler
 .text.nrfx_flag32_alloc
                0x000036f8       0x48 modules/hal_nordic/nrfx/libmodules__hal_nordic__nrfx.a(nrfx_flag32_allocator.c.obj)
                0x000036f8                nrfx_flag32_alloc
 .text.nrfx_flag32_free
                0x00003740       0x44 modules/hal_nordic/nrfx/libmodules__hal_nordic__nrfx.a(nrfx_flag32_allocator.c.obj)
                0x00003740                nrfx_flag32_free
 .text.pin_is_task_output
                0x00003784       0x1c modules/hal_nordic/nrfx/libmodules__hal_nordic__nrfx.a(nrfx_gpiote.c.obj)
 .text.call_handler
                0x000037a0       0x3c modules/hal_nordic/nrfx/libmodules__hal_nordic__nrfx.a(nrfx_gpiote.c.obj)
 .text.release_handler
                0x000037dc       0x80 modules/hal_nordic/nrfx/libmodules__hal_nordic__nrfx.a(nrfx_gpiote.c.obj)
 .text.pin_handler_trigger_uninit
                0x0000385c       0x34 modules/hal_nordic/nrfx/libmodules__hal_nordic__nrfx.a(nrfx_gpiote.c.obj)
 .text.nrf_gpio_pin_port_decode
                0x00003890       0x6c modules/hal_nordic/nrfx/libmodules__hal_nordic__nrfx.a(nrfx_gpiote.c.obj)
 .text.nrfx_gpiote_input_configure
                0x000038fc      0x150 modules/hal_nordic/nrfx/libmodules__hal_nordic__nrfx.a(nrfx_gpiote.c.obj)
                0x000038fc                nrfx_gpiote_input_configure
 .text.nrfx_gpiote_output_configure
                0x00003a4c       0xe0 modules/hal_nordic/nrfx/libmodules__hal_nordic__nrfx.a(nrfx_gpiote.c.obj)
                0x00003a4c                nrfx_gpiote_output_configure
 .text.nrfx_gpiote_global_callback_set
                0x00003b2c        0xc modules/hal_nordic/nrfx/libmodules__hal_nordic__nrfx.a(nrfx_gpiote.c.obj)
                0x00003b2c                nrfx_gpiote_global_callback_set
 .text.nrfx_gpiote_channel_get
                0x00003b38       0x50 modules/hal_nordic/nrfx/libmodules__hal_nordic__nrfx.a(nrfx_gpiote.c.obj)
                0x00003b38                nrfx_gpiote_channel_get
 .text.nrfx_gpiote_init
                0x00003b88       0x50 modules/hal_nordic/nrfx/libmodules__hal_nordic__nrfx.a(nrfx_gpiote.c.obj)
                0x00003b88                nrfx_gpiote_init
 .text.nrfx_gpiote_is_init
                0x00003bd8       0x14 modules/hal_nordic/nrfx/libmodules__hal_nordic__nrfx.a(nrfx_gpiote.c.obj)
                0x00003bd8                nrfx_gpiote_is_init
 .text.nrfx_gpiote_channel_free
                0x00003bec        0xc modules/hal_nordic/nrfx/libmodules__hal_nordic__nrfx.a(nrfx_gpiote.c.obj)
                0x00003bec                nrfx_gpiote_channel_free
 .text.nrfx_gpiote_channel_alloc
                0x00003bf8        0xc modules/hal_nordic/nrfx/libmodules__hal_nordic__nrfx.a(nrfx_gpiote.c.obj)
                0x00003bf8                nrfx_gpiote_channel_alloc
 .text.nrfx_gpiote_trigger_enable
                0x00003c04       0xe0 modules/hal_nordic/nrfx/libmodules__hal_nordic__nrfx.a(nrfx_gpiote.c.obj)
                0x00003c04                nrfx_gpiote_trigger_enable
 .text.nrfx_gpiote_trigger_disable
                0x00003ce4       0x44 modules/hal_nordic/nrfx/libmodules__hal_nordic__nrfx.a(nrfx_gpiote.c.obj)
                0x00003ce4                nrfx_gpiote_trigger_disable
 .text.nrfx_gpiote_pin_uninit
                0x00003d28       0x48 modules/hal_nordic/nrfx/libmodules__hal_nordic__nrfx.a(nrfx_gpiote.c.obj)
                0x00003d28                nrfx_gpiote_pin_uninit
 .text.nrfx_gpiote_irq_handler
                0x00003d70      0x1b4 modules/hal_nordic/nrfx/libmodules__hal_nordic__nrfx.a(nrfx_gpiote.c.obj)
                0x00003d70                nrfx_gpiote_irq_handler
 .text.nrfx_ppi_channel_alloc
                0x00003f24        0xc modules/hal_nordic/nrfx/libmodules__hal_nordic__nrfx.a(nrfx_ppi.c.obj)
                0x00003f24                nrfx_ppi_channel_alloc
 .text.nrf52_errata_36
                0x00003f30       0x14 modules/hal_nordic/nrfx/libmodules__hal_nordic__nrfx.a(system_nrf52840.c.obj)
 .text.nrf52_errata_98
                0x00003f44       0x28 modules/hal_nordic/nrfx/libmodules__hal_nordic__nrfx.a(system_nrf52840.c.obj)
 .text.nvmc_wait
                0x00003f6c       0x10 modules/hal_nordic/nrfx/libmodules__hal_nordic__nrfx.a(system_nrf52840.c.obj)
                0x00003f6c                nvmc_wait
 .text.SystemInit
                0x00003f7c      0x1d0 modules/hal_nordic/nrfx/libmodules__hal_nordic__nrfx.a(system_nrf52840.c.obj)
                0x00003f7c                SystemInit
 .text._DoInit  0x0000414c       0x6c modules/segger/libmodules__segger.a(SEGGER_RTT.c.obj)
 .text.z_sys_init_run_level
                0x000041b8       0x40 zephyr/kernel/libkernel.a(device.c.obj)
                0x000041b8                z_sys_init_run_level
 .text.z_impl_device_get_binding
                0x000041f8       0x58 zephyr/kernel/libkernel.a(device.c.obj)
                0x000041f8                z_impl_device_get_binding
 .text.z_fatal_error
                0x00004250       0x64 zephyr/kernel/libkernel.a(fatal.c.obj)
                0x00004250                z_fatal_error
 .text.idle     0x000042b4       0x58 zephyr/kernel/libkernel.a(idle.c.obj)
                0x000042b4                idle
 .text.init_idle_thread
                0x0000430c       0x58 zephyr/kernel/libkernel.a(init.c.obj)
 .text.bg_thread_main
                0x00004364       0x34 zephyr/kernel/libkernel.a(init.c.obj)
 .text.z_bss_zero
                0x00004398       0x14 zephyr/kernel/libkernel.a(init.c.obj)
                0x00004398                z_bss_zero
 .text.z_cstart
                0x000043ac       0xe4 zephyr/kernel/libkernel.a(init.c.obj)
                0x000043ac                z_cstart
 .text.init_mem_slab_module
                0x00004490       0x78 zephyr/kernel/libkernel.a(mem_slab.c.obj)
 .text.k_mem_slab_alloc
                0x00004508       0xd8 zephyr/kernel/libkernel.a(mem_slab.c.obj)
                0x00004508                k_mem_slab_alloc
 .text.k_mem_slab_free
                0x000045e0       0xc8 zephyr/kernel/libkernel.a(mem_slab.c.obj)
                0x000045e0                k_mem_slab_free
 .text.z_impl_k_mutex_lock
                0x000046a8      0x200 zephyr/kernel/libkernel.a(mutex.c.obj)
                0x000046a8                z_impl_k_mutex_lock
 .text.z_impl_k_mutex_unlock
                0x000048a8      0x190 zephyr/kernel/libkernel.a(mutex.c.obj)
                0x000048a8                z_impl_k_mutex_unlock
 .text.z_reset_time_slice
                0x00004a38       0x2c zephyr/kernel/libkernel.a(sched.c.obj)
                0x00004a38                z_reset_time_slice
 .text.k_sched_time_slice_set
                0x00004a64       0xcc zephyr/kernel/libkernel.a(sched.c.obj)
                0x00004a64                k_sched_time_slice_set
 .text.z_reschedule
                0x00004b30       0x88 zephyr/kernel/libkernel.a(sched.c.obj)
                0x00004b30                z_reschedule
 .text.k_sched_lock
                0x00004bb8       0xe8 zephyr/kernel/libkernel.a(sched.c.obj)
                0x00004bb8                k_sched_lock
 .text.z_priq_dumb_remove
                0x00004ca0       0x44 zephyr/kernel/libkernel.a(sched.c.obj)
                0x00004ca0                z_priq_dumb_remove
 .text.unpend_thread_no_timeout
                0x00004ce4       0x44 zephyr/kernel/libkernel.a(sched.c.obj)
 .text.update_cache
                0x00004d28       0x70 zephyr/kernel/libkernel.a(sched.c.obj)
 .text.move_thread_to_end_of_prio_q
                0x00004d98       0xac zephyr/kernel/libkernel.a(sched.c.obj)
 .text.z_time_slice
                0x00004e44       0xf0 zephyr/kernel/libkernel.a(sched.c.obj)
                0x00004e44                z_time_slice
 .text.ready_thread
                0x00004f34       0xa4 zephyr/kernel/libkernel.a(sched.c.obj)
 .text.z_ready_thread
                0x00004fd8       0x90 zephyr/kernel/libkernel.a(sched.c.obj)
                0x00004fd8                z_ready_thread
 .text.z_sched_start
                0x00005068       0xa8 zephyr/kernel/libkernel.a(sched.c.obj)
                0x00005068                z_sched_start
 .text.z_thread_timeout
                0x00005110       0xb4 zephyr/kernel/libkernel.a(sched.c.obj)
                0x00005110                z_thread_timeout
 .text.unready_thread
                0x000051c4       0x38 zephyr/kernel/libkernel.a(sched.c.obj)
 .text.add_to_waitq_locked
                0x000051fc       0x84 zephyr/kernel/libkernel.a(sched.c.obj)
 .text.pend     0x00005280       0xbc zephyr/kernel/libkernel.a(sched.c.obj)
 .text.z_pend_curr
                0x0000533c       0x60 zephyr/kernel/libkernel.a(sched.c.obj)
                0x0000533c                z_pend_curr
 .text.z_set_prio
                0x0000539c      0x138 zephyr/kernel/libkernel.a(sched.c.obj)
                0x0000539c                z_set_prio
 .text.z_impl_k_thread_suspend
                0x000054d4       0xd4 zephyr/kernel/libkernel.a(sched.c.obj)
                0x000054d4                z_impl_k_thread_suspend
 .text.k_sched_unlock
                0x000055a8       0xf8 zephyr/kernel/libkernel.a(sched.c.obj)
                0x000055a8                k_sched_unlock
 .text.z_unpend_first_thread
                0x000056a0       0xa0 zephyr/kernel/libkernel.a(sched.c.obj)
                0x000056a0                z_unpend_first_thread
 .text.z_sched_init
                0x00005740       0x18 zephyr/kernel/libkernel.a(sched.c.obj)
                0x00005740                z_sched_init
 .text.z_impl_k_yield
                0x00005758      0x148 zephyr/kernel/libkernel.a(sched.c.obj)
                0x00005758                z_impl_k_yield
 .text.z_tick_sleep
                0x000058a0      0x15c zephyr/kernel/libkernel.a(sched.c.obj)
 .text.z_impl_k_sleep
                0x000059fc       0x70 zephyr/kernel/libkernel.a(sched.c.obj)
                0x000059fc                z_impl_k_sleep
 .text.z_impl_z_current_get
                0x00005a6c        0xc zephyr/kernel/libkernel.a(sched.c.obj)
                0x00005a6c                z_impl_z_current_get
 .text.z_thread_abort
                0x00005a78      0x168 zephyr/kernel/libkernel.a(sched.c.obj)
                0x00005a78                z_thread_abort
 .text.z_impl_k_sem_give
                0x00005be0       0x7c zephyr/kernel/libkernel.a(sem.c.obj)
                0x00005be0                z_impl_k_sem_give
 .text.z_impl_k_sem_take
                0x00005c5c      0x114 zephyr/kernel/libkernel.a(sem.c.obj)
                0x00005c5c                z_impl_k_sem_take
 .text.z_setup_new_thread
                0x00005d70       0xc8 zephyr/kernel/libkernel.a(thread.c.obj)
                0x00005d70                z_setup_new_thread
 .text.z_impl_k_thread_create
                0x00005e38       0x9c zephyr/kernel/libkernel.a(thread.c.obj)
                0x00005e38                z_impl_k_thread_create
 .text.z_init_static_threads
                0x00005ed4      0x120 zephyr/kernel/libkernel.a(thread.c.obj)
                0x00005ed4                z_init_static_threads
 .text.z_spin_lock_valid
                0x00005ff4       0x1c zephyr/kernel/libkernel.a(thread.c.obj)
                0x00005ff4                z_spin_lock_valid
 .text.z_spin_unlock_valid
                0x00006010       0x20 zephyr/kernel/libkernel.a(thread.c.obj)
                0x00006010                z_spin_unlock_valid
 .text.z_spin_lock_set_owner
                0x00006030       0x10 zephyr/kernel/libkernel.a(thread.c.obj)
                0x00006030                z_spin_lock_set_owner
 .text.elapsed  0x00006040       0x14 zephyr/kernel/libkernel.a(timeout.c.obj)
 .text.next_timeout
                0x00006054       0x58 zephyr/kernel/libkernel.a(timeout.c.obj)
 .text.remove_timeout
                0x000060ac       0x34 zephyr/kernel/libkernel.a(timeout.c.obj)
 .text.z_add_timeout
                0x000060e0      0x1a8 zephyr/kernel/libkernel.a(timeout.c.obj)
                0x000060e0                z_add_timeout
 .text.z_abort_timeout
                0x00006288       0x9c zephyr/kernel/libkernel.a(timeout.c.obj)
                0x00006288                z_abort_timeout
 .text.z_get_next_timeout_expiry
                0x00006324       0x90 zephyr/kernel/libkernel.a(timeout.c.obj)
                0x00006324                z_get_next_timeout_expiry
 .text.z_set_timeout_expiry
                0x000063b4       0xa0 zephyr/kernel/libkernel.a(timeout.c.obj)
                0x000063b4                z_set_timeout_expiry
 .text.sys_clock_announce
                0x00006454      0x198 zephyr/kernel/libkernel.a(timeout.c.obj)
                0x00006454                sys_clock_announce
 .text.sys_clock_tick_get
                0x000065ec       0xa0 zephyr/kernel/libkernel.a(timeout.c.obj)
                0x000065ec                sys_clock_tick_get
 .text.z_data_copy
                0x0000668c       0x34 zephyr/kernel/libkernel.a(xip.c.obj)
                0x0000668c                z_data_copy
 .text.boot_banner
                0x000066c0       0x18 zephyr/kernel/libkernel.a(banner.c.obj)
                0x000066c0                boot_banner
 .text.nrf_cc3xx_platform_init_no_rng
                0x000066d8       0x38 C:/ncs/v1.9.1/nrfxlib/crypto/nrf_cc310_platform/lib/cortex-m4/soft-float/no-interrupts/libnrf_cc310_platform_0.9.13.a(nrf_cc3xx_platform.c.obj)
                0x000066d8                nrf_cc3xx_platform_init_no_rng
 .text.nrf_cc3xx_platform_abort
                0x00006710       0x24 C:/ncs/v1.9.1/nrfxlib/crypto/nrf_cc310_platform/lib/cortex-m4/soft-float/no-interrupts/libnrf_cc310_platform_0.9.13.a(nrf_cc3xx_platform_abort.c.obj)
 .text.CC_PalAbort
                0x00006734       0x40 C:/ncs/v1.9.1/nrfxlib/crypto/nrf_cc310_platform/lib/cortex-m4/soft-float/no-interrupts/libnrf_cc310_platform_0.9.13.a(nrf_cc3xx_platform_abort.c.obj)
                0x00006734                CC_PalAbort
 .text.nrf_cc3xx_platform_set_abort
                0x00006774       0x10 C:/ncs/v1.9.1/nrfxlib/crypto/nrf_cc310_platform/lib/cortex-m4/soft-float/no-interrupts/libnrf_cc310_platform_0.9.13.a(nrf_cc3xx_platform_abort.c.obj)
                0x00006774                nrf_cc3xx_platform_set_abort
 .text.mutex_free
                0x00006784       0x28 C:/ncs/v1.9.1/nrfxlib/crypto/nrf_cc310_platform/lib/cortex-m4/soft-float/no-interrupts/libnrf_cc310_platform_0.9.13.a(nrf_cc3xx_platform_mutex.c.obj)
 .text.mutex_unlock
                0x000067ac       0x2c C:/ncs/v1.9.1/nrfxlib/crypto/nrf_cc310_platform/lib/cortex-m4/soft-float/no-interrupts/libnrf_cc310_platform_0.9.13.a(nrf_cc3xx_platform_mutex.c.obj)
 .text.mutex_init
                0x000067d8       0x1c C:/ncs/v1.9.1/nrfxlib/crypto/nrf_cc310_platform/lib/cortex-m4/soft-float/no-interrupts/libnrf_cc310_platform_0.9.13.a(nrf_cc3xx_platform_mutex.c.obj)
 .text.mutex_lock
                0x000067f4       0x44 C:/ncs/v1.9.1/nrfxlib/crypto/nrf_cc310_platform/lib/cortex-m4/soft-float/no-interrupts/libnrf_cc310_platform_0.9.13.a(nrf_cc3xx_platform_mutex.c.obj)
 .text.nrf_cc3xx_platform_set_mutexes
                0x00006838       0x60 C:/ncs/v1.9.1/nrfxlib/crypto/nrf_cc310_platform/lib/cortex-m4/soft-float/no-interrupts/libnrf_cc310_platform_0.9.13.a(nrf_cc3xx_platform_mutex.c.obj)
                0x00006838                nrf_cc3xx_platform_set_mutexes
 .text.CC_LibInitNoRng
                0x00006898       0x6c C:/ncs/v1.9.1/nrfxlib/crypto/nrf_cc310_platform/lib/cortex-m4/soft-float/no-interrupts/libnrf_cc310_platform_0.9.13.a(cc_lib.c.obj)
                0x00006898                CC_LibInitNoRng
 .text.CC_HalInit
                0x00006904        0x4 C:/ncs/v1.9.1/nrfxlib/crypto/nrf_cc310_platform/lib/cortex-m4/soft-float/no-interrupts/libnrf_cc310_platform_0.9.13.a(cc_hal.c.obj)
                0x00006904                CC_HalInit
 .text.CC_HalTerminate
                0x00006908        0x4 C:/ncs/v1.9.1/nrfxlib/crypto/nrf_cc310_platform/lib/cortex-m4/soft-float/no-interrupts/libnrf_cc310_platform_0.9.13.a(cc_hal.c.obj)
                0x00006908                CC_HalTerminate
 .text.CC_HalMaskInterrupt
                0x0000690c        0xc C:/ncs/v1.9.1/nrfxlib/crypto/nrf_cc310_platform/lib/cortex-m4/soft-float/no-interrupts/libnrf_cc310_platform_0.9.13.a(cc_hal.c.obj)
                0x0000690c                CC_HalMaskInterrupt
 .text.CC_PalInit
                0x00006918       0x5c C:/ncs/v1.9.1/nrfxlib/crypto/nrf_cc310_platform/lib/cortex-m4/soft-float/no-interrupts/libnrf_cc310_platform_0.9.13.a(cc_pal.c.obj)
                0x00006918                CC_PalInit
 .text.CC_PalTerminate
                0x00006974       0x34 C:/ncs/v1.9.1/nrfxlib/crypto/nrf_cc310_platform/lib/cortex-m4/soft-float/no-interrupts/libnrf_cc310_platform_0.9.13.a(cc_pal.c.obj)
                0x00006974                CC_PalTerminate
 .text.CC_PalDmaInit
                0x000069a8        0x4 C:/ncs/v1.9.1/nrfxlib/crypto/nrf_cc310_platform/lib/cortex-m4/soft-float/no-interrupts/libnrf_cc310_platform_0.9.13.a(cc_pal_dma.c.obj)
                0x000069a8                CC_PalDmaInit
 .text.CC_PalDmaTerminate
                0x000069ac        0x4 C:/ncs/v1.9.1/nrfxlib/crypto/nrf_cc310_platform/lib/cortex-m4/soft-float/no-interrupts/libnrf_cc310_platform_0.9.13.a(cc_pal_dma.c.obj)
                0x000069ac                CC_PalDmaTerminate
 .text.CC_PalMutexCreate
                0x000069b0       0x14 C:/ncs/v1.9.1/nrfxlib/crypto/nrf_cc310_platform/lib/cortex-m4/soft-float/no-interrupts/libnrf_cc310_platform_0.9.13.a(cc_pal_mutex.c.obj)
                0x000069b0                CC_PalMutexCreate
 .text.CC_PalMutexDestroy
                0x000069c4       0x14 C:/ncs/v1.9.1/nrfxlib/crypto/nrf_cc310_platform/lib/cortex-m4/soft-float/no-interrupts/libnrf_cc310_platform_0.9.13.a(cc_pal_mutex.c.obj)
                0x000069c4                CC_PalMutexDestroy
 .text.CC_PalPowerSaveModeInit
                0x000069d8       0x3c C:/ncs/v1.9.1/nrfxlib/crypto/nrf_cc310_platform/lib/cortex-m4/soft-float/no-interrupts/libnrf_cc310_platform_0.9.13.a(cc_pal_pm.c.obj)
                0x000069d8                CC_PalPowerSaveModeInit
 .text.CC_PalPowerSaveModeSelect
                0x00006a14       0x84 C:/ncs/v1.9.1/nrfxlib/crypto/nrf_cc310_platform/lib/cortex-m4/soft-float/no-interrupts/libnrf_cc310_platform_0.9.13.a(cc_pal_pm.c.obj)
                0x00006a14                CC_PalPowerSaveModeSelect
 .text.k_msleep
                0x00006a98       0x2a app/libapp.a(main.c.obj)
 .text.assert_post_action
                0x00006ac2        0xe zephyr/libzephyr.a(assert.c.obj)
                0x00006ac2                assert_post_action
 .text.encode_uint
                0x00006ad0       0x96 zephyr/libzephyr.a(cbprintf_complete.c.obj)
 .text.outs     0x00006b66       0x2c zephyr/libzephyr.a(cbprintf_complete.c.obj)
 .text._ConfigAbsSyms
                0x00006b92        0x2 zephyr/libzephyr.a(configs.c.obj)
                0x00006b92                _ConfigAbsSyms
 .text.sys_notify_validate
                0x00006b94       0x22 zephyr/libzephyr.a(notify.c.obj)
                0x00006b94                sys_notify_validate
 .text.abort_function
                0x00006bb6        0x8 zephyr/libzephyr.a(nrf_cc3xx_platform_abort_zephyr.c.obj)
 .text.process_recheck
                0x00006bbe       0x38 zephyr/libzephyr.a(onoff.c.obj)
 .text.notify_one
                0x00006bf6       0x2c zephyr/libzephyr.a(onoff.c.obj)
 .text.validate_args
                0x00006c22       0x1e zephyr/libzephyr.a(onoff.c.obj)
 .text.onoff_manager_init
                0x00006c40       0x26 zephyr/libzephyr.a(onoff.c.obj)
                0x00006c40                onoff_manager_init
 .text.arch_printk_char_out
                0x00006c66        0x4 zephyr/libzephyr.a(printk.c.obj)
                0x00006c66                arch_printk_char_out
 .text.printk   0x00006c6a       0x1a zephyr/libzephyr.a(printk.c.obj)
                0x00006c6a                printk
 .text.pm_policy_next_state
                0x00006c84        0xa zephyr/libzephyr.a(residency.c.obj)
                0x00006c84                pm_policy_next_state
 .text.z_thread_entry
                0x00006c8e       0x14 zephyr/libzephyr.a(thread_entry.c.obj)
                0x00006c8e                z_thread_entry
 .text.z_arm_fatal_error
                0x00006ca2        0x4 zephyr/arch/arch/arm/core/aarch32/libarch__arm__core__aarch32.a(fatal.c.obj)
                0x00006ca2                z_arm_fatal_error
 .text.z_do_kernel_oops
                0x00006ca6        0x8 zephyr/arch/arch/arm/core/aarch32/libarch__arm__core__aarch32.a(fatal.c.obj)
                0x00006ca6                z_do_kernel_oops
 .text.z_irq_spurious
                0x00006cae        0x8 zephyr/arch/arch/arm/core/aarch32/libarch__arm__core__aarch32.a(irq_manage.c.obj)
                0x00006cae                z_irq_spurious
 .text.z_arm_nmi
                0x00006cb6        0xe zephyr/arch/arch/arm/core/aarch32/libarch__arm__core__aarch32.a(nmi.c.obj)
                0x00006cb6                z_arm_nmi
 .text._stdout_hook_default
                0x00006cc4        0x6 zephyr/lib/libc/minimal/liblib__libc__minimal.a(stdout_console.c.obj)
 .text.strcpy   0x00006cca       0x14 zephyr/lib/libc/minimal/liblib__libc__minimal.a(string.c.obj)
                0x00006cca                strcpy
 .text.strlen   0x00006cde        0xe zephyr/lib/libc/minimal/liblib__libc__minimal.a(string.c.obj)
                0x00006cde                strlen
 .text.strnlen  0x00006cec       0x12 zephyr/lib/libc/minimal/liblib__libc__minimal.a(string.c.obj)
                0x00006cec                strnlen
 .text.strcmp   0x00006cfe       0x18 zephyr/lib/libc/minimal/liblib__libc__minimal.a(string.c.obj)
                0x00006cfe                strcmp
 .text.memcpy   0x00006d16       0x16 zephyr/lib/libc/minimal/liblib__libc__minimal.a(string.c.obj)
                0x00006d16                memcpy
 .text.memset   0x00006d2c       0x12 zephyr/lib/libc/minimal/liblib__libc__minimal.a(string.c.obj)
                0x00006d2c                memset
 .text.pm_power_state_set
                0x00006d3e       0x26 zephyr/soc/arm/nordic_nrf/nrf52/libsoc__arm__nordic_nrf__nrf52.a(power.c.obj)
                0x00006d3e                pm_power_state_set
 .text.pm_power_state_exit_post_ops
                0x00006d64       0x16 zephyr/soc/arm/nordic_nrf/nrf52/libsoc__arm__nordic_nrf__nrf52.a(power.c.obj)
                0x00006d64                pm_power_state_exit_post_ops
 .text.set_starting_state
                0x00006d7a       0x3c zephyr/drivers/clock_control/libdrivers__clock_control.a(clock_control_nrf.c.obj)
 .text.set_on_state
                0x00006db6       0x26 zephyr/drivers/clock_control/libdrivers__clock_control.a(clock_control_nrf.c.obj)
 .text.onoff_started_callback
                0x00006ddc        0xc zephyr/drivers/clock_control/libdrivers__clock_control.a(clock_control_nrf.c.obj)
 .text.lfclk_start
                0x00006de8        0x6 zephyr/drivers/clock_control/libdrivers__clock_control.a(clock_control_nrf.c.obj)
 .text.lfclk_stop
                0x00006dee        0x6 zephyr/drivers/clock_control/libdrivers__clock_control.a(clock_control_nrf.c.obj)
 .text.api_stop
                0x00006df4        0x6 zephyr/drivers/clock_control/libdrivers__clock_control.a(clock_control_nrf.c.obj)
 .text.blocking_start_callback
                0x00006dfa        0x6 zephyr/drivers/clock_control/libdrivers__clock_control.a(clock_control_nrf.c.obj)
 .text.api_start
                0x00006e00       0x36 zephyr/drivers/clock_control/libdrivers__clock_control.a(clock_control_nrf.c.obj)
 .text.gpio_nrfx_port_get_raw
                0x00006e36        0xe zephyr/drivers/gpio/libdrivers__gpio.a(gpio_nrfx.c.obj)
 .text.gpio_nrfx_port_set_masked_raw
                0x00006e44       0x16 zephyr/drivers/gpio/libdrivers__gpio.a(gpio_nrfx.c.obj)
 .text.gpio_nrfx_port_set_bits_raw
                0x00006e5a        0xc zephyr/drivers/gpio/libdrivers__gpio.a(gpio_nrfx.c.obj)
 .text.gpio_nrfx_port_clear_bits_raw
                0x00006e66        0xc zephyr/drivers/gpio/libdrivers__gpio.a(gpio_nrfx.c.obj)
 .text.gpio_nrfx_port_toggle_bits
                0x00006e72       0x12 zephyr/drivers/gpio/libdrivers__gpio.a(gpio_nrfx.c.obj)
 .text.uarte_nrfx_isr_int
                0x00006e84       0x74 zephyr/drivers/serial/libdrivers__serial.a(uart_nrfx_uarte.c.obj)
 .text.uarte_nrfx_config_get
                0x00006ef8       0x10 zephyr/drivers/serial/libdrivers__serial.a(uart_nrfx_uarte.c.obj)
 .text.uarte_nrfx_err_check
                0x00006f08        0xe zephyr/drivers/serial/libdrivers__serial.a(uart_nrfx_uarte.c.obj)
 .text.is_tx_ready
                0x00006f16       0x20 zephyr/drivers/serial/libdrivers__serial.a(uart_nrfx_uarte.c.obj)
 .text.uarte_nrfx_poll_in
                0x00006f36       0x26 zephyr/drivers/serial/libdrivers__serial.a(uart_nrfx_uarte.c.obj)
 .text.uarte_0_init
                0x00006f5c       0x1e zephyr/drivers/serial/libdrivers__serial.a(uart_nrfx_uarte.c.obj)
 .text.uarte_1_init
                0x00006f7a       0x1e zephyr/drivers/serial/libdrivers__serial.a(uart_nrfx_uarte.c.obj)
 .text.sys_clock_idle_exit
                0x00006f98        0x2 zephyr/drivers/timer/libdrivers__timer.a(sys_clock_init.c.obj)
                0x00006f98                sys_clock_idle_exit
 .text.k_sys_fatal_error_handler
                0x00006f9a        0x8 modules/nrf/lib/fatal_error/lib..__nrf__lib__fatal_error.a(fatal_error.c.obj)
                0x00006f9a                k_sys_fatal_error_handler
 .text.hw_cc3xx_init_internal
                0x00006fa2        0x4 modules/nrf/drivers/hw_cc310/lib..__nrf__drivers__hw_cc310.a(hw_cc310.c.obj)
 .text.hw_cc3xx_init
                0x00006fa6       0x12 modules/nrf/drivers/hw_cc310/lib..__nrf__drivers__hw_cc310.a(hw_cc310.c.obj)
 .text.nrfx_isr
                0x00006fb8        0x2 modules/hal_nordic/nrfx/libmodules__hal_nordic__nrfx.a(nrfx_glue.c.obj)
                0x00006fb8                nrfx_isr
 .text.nrfx_busy_wait
                0x00006fba        0x4 modules/hal_nordic/nrfx/libmodules__hal_nordic__nrfx.a(nrfx_glue.c.obj)
                0x00006fba                nrfx_busy_wait
 .text.nrf_gpio_pin_present_check
                0x00006fbe       0x22 modules/hal_nordic/nrfx/libmodules__hal_nordic__nrfx.a(nrfx_gpiote.c.obj)
 .text.nrf_gpiote_in_event_get
                0x00006fe0        0x8 modules/hal_nordic/nrfx/libmodules__hal_nordic__nrfx.a(nrfx_gpiote.c.obj)
 .text.nrf_gpio_reconfigure
                0x00006fe8       0x96 modules/hal_nordic/nrfx/libmodules__hal_nordic__nrfx.a(nrfx_gpiote.c.obj)
 .text.nrf_gpio_cfg_sense_set
                0x0000707e       0x1e modules/hal_nordic/nrfx/libmodules__hal_nordic__nrfx.a(nrfx_gpiote.c.obj)
 .text.SEGGER_RTT_Init
                0x0000709c        0x4 modules/segger/libmodules__segger.a(SEGGER_RTT.c.obj)
                0x0000709c                SEGGER_RTT_Init
 .text.rtt_init
                0x000070a0        0xa modules/segger/libmodules__segger.a(SEGGER_RTT_zephyr.c.obj)
 .text.z_device_state_init
                0x000070aa        0x2 zephyr/kernel/libkernel.a(device.c.obj)
                0x000070aa                z_device_state_init
 .text.z_device_ready
                0x000070ac       0x14 zephyr/kernel/libkernel.a(device.c.obj)
                0x000070ac                z_device_ready
 .text.z_pm_save_idle_exit
                0x000070c0        0xe zephyr/kernel/libkernel.a(idle.c.obj)
                0x000070c0                z_pm_save_idle_exit
 .text.k_mem_slab_init
                0x000070ce       0x38 zephyr/kernel/libkernel.a(mem_slab.c.obj)
                0x000070ce                k_mem_slab_init
 .text.z_impl_k_mutex_init
                0x00007106        0xe zephyr/kernel/libkernel.a(mutex.c.obj)
                0x00007106                z_impl_k_mutex_init
 .text.z_reschedule_irqlock
                0x00007114       0x18 zephyr/kernel/libkernel.a(sched.c.obj)
                0x00007114                z_reschedule_irqlock
 .text.z_reschedule_unlocked
                0x0000712c       0x14 zephyr/kernel/libkernel.a(sched.c.obj)
 .text.z_priq_dumb_best
                0x00007140       0x14 zephyr/kernel/libkernel.a(sched.c.obj)
                0x00007140                z_priq_dumb_best
 .text.k_is_in_isr
                0x00007154        0xc zephyr/kernel/libkernel.a(thread.c.obj)
                0x00007154                k_is_in_isr
 .text.sys_clock_tick_get_32
                0x00007160        0x8 zephyr/kernel/libkernel.a(timeout.c.obj)
                0x00007160                sys_clock_tick_get_32
 .text.z_impl_k_uptime_ticks
                0x00007168        0x4 zephyr/kernel/libkernel.a(timeout.c.obj)
                0x00007168                z_impl_k_uptime_ticks
 .text.z_impl_k_busy_wait
                0x0000716c        0x8 zephyr/kernel/libkernel.a(timeout.c.obj)
                0x0000716c                z_impl_k_busy_wait
 .text._OffsetAbsSyms
                0x00007174        0x2 zephyr/CMakeFiles/offsets.dir/./arch/arm/core/offsets/offsets.c.obj
                0x00007174                _OffsetAbsSyms
 *(SORT_BY_ALIGNMENT(.TEXT.*))
 *fill*         0x00007176        0x2 
 .TEXT.z_arm_platform_init
                0x00007178        0x4 zephyr/libzephyr.a(soc_nrf_common.S.obj)
                0x00007178                z_arm_platform_init
 *(SORT_BY_ALIGNMENT(.gnu.linkonce.t.*))
 *(SORT_BY_ALIGNMENT(.glue_7t))
 .glue_7t       0x0000717c        0x0 linker stubs
 *(SORT_BY_ALIGNMENT(.glue_7))
 .glue_7        0x0000717c        0x0 linker stubs
 *(SORT_BY_ALIGNMENT(.vfp11_veneer))
 .vfp11_veneer  0x0000717c        0x0 linker stubs
 *(SORT_BY_ALIGNMENT(.v4_bx))
 .v4_bx         0x0000717c        0x0 linker stubs
                0x0000717c                __text_region_end = .

.ARM.exidx      0x0000717c        0x8
                0x0000717c                __exidx_start = .
 *(SORT_BY_ALIGNMENT(.ARM.exidx*) SORT_BY_ALIGNMENT(gnu.linkonce.armexidx.*))
 .ARM.exidx     0x0000717c        0x8 c:/ncs/v1.9.1/toolchain/opt/bin/../lib/gcc/arm-none-eabi/9.2.1/thumb/v7e-m/nofp\libgcc.a(_udivmoddi4.o)
                0x00007184                __exidx_end = .
                0x00007184                __rodata_region_start = .

initlevel       0x00007184       0x60
                0x00007184                __init_start = .
                0x00007184                __init_PRE_KERNEL_1_start = .
 *(SORT_BY_NAME(SORT_BY_ALIGNMENT(.z_init_PRE_KERNEL_1[0-9]_*)))
 .z_init_PRE_KERNEL_10_
                0x00007184        0x8 zephyr/soc/arm/nordic_nrf/nrf52/libsoc__arm__nordic_nrf__nrf52.a(soc.c.obj)
 *(SORT_BY_NAME(SORT_BY_ALIGNMENT(.z_init_PRE_KERNEL_1[1-9][0-9]_*)))
 .z_init_PRE_KERNEL_130_
                0x0000718c        0x8 zephyr/drivers/clock_control/libdrivers__clock_control.a(clock_control_nrf.c.obj)
 .z_init_PRE_KERNEL_130_
                0x00007194        0x8 modules/segger/libmodules__segger.a(SEGGER_RTT_zephyr.c.obj)
 .z_init_PRE_KERNEL_130_
                0x0000719c        0x8 zephyr/kernel/libkernel.a(mem_slab.c.obj)
 .z_init_PRE_KERNEL_140_
                0x000071a4       0x10 zephyr/drivers/gpio/libdrivers__gpio.a(gpio_nrfx.c.obj)
 .z_init_PRE_KERNEL_140_
                0x000071b4        0x8 modules/nrf/drivers/hw_cc310/lib..__nrf__drivers__hw_cc310.a(hw_cc310.c.obj)
 .z_init_PRE_KERNEL_155_
                0x000071bc       0x10 zephyr/drivers/serial/libdrivers__serial.a(uart_nrfx_uarte.c.obj)
 .z_init_PRE_KERNEL_160_
                0x000071cc        0x8 zephyr/drivers/console/libdrivers__console.a(uart_console.c.obj)
                0x000071d4                __init_PRE_KERNEL_2_start = .
 *(SORT_BY_NAME(SORT_BY_ALIGNMENT(.z_init_PRE_KERNEL_2[0-9]_*)))
 .z_init_PRE_KERNEL_20_
                0x000071d4        0x8 zephyr/drivers/timer/libdrivers__timer.a(nrf_rtc_timer.c.obj)
 *(SORT_BY_NAME(SORT_BY_ALIGNMENT(.z_init_PRE_KERNEL_2[1-9][0-9]_*)))
                0x000071dc                __init_POST_KERNEL_start = .
 *(SORT_BY_NAME(SORT_BY_ALIGNMENT(.z_init_POST_KERNEL[0-9]_*)))
 *(SORT_BY_NAME(SORT_BY_ALIGNMENT(.z_init_POST_KERNEL[1-9][0-9]_*)))
 .z_init_POST_KERNEL40_
                0x000071dc        0x8 modules/nrf/drivers/hw_cc310/lib..__nrf__drivers__hw_cc310.a(hw_cc310.c.obj)
                0x000071e4                __init_APPLICATION_start = .
 *(SORT_BY_NAME(SORT_BY_ALIGNMENT(.z_init_APPLICATION[0-9]_*)))
 *(SORT_BY_NAME(SORT_BY_ALIGNMENT(.z_init_APPLICATION[1-9][0-9]_*)))
                0x000071e4                __init_SMP_start = .
 *(SORT_BY_NAME(SORT_BY_ALIGNMENT(.z_init_SMP[0-9]_*)))
 *(SORT_BY_NAME(SORT_BY_ALIGNMENT(.z_init_SMP[1-9][0-9]_*)))
                0x000071e4                __init_end = .

devices         0x000071e4       0x78
                0x000071e4                __device_start = .
                0x000071e4                __device_PRE_KERNEL_1_start = .
 *(SORT_BY_NAME(SORT_BY_ALIGNMENT(.z_device_PRE_KERNEL_1[0-9]_*)))
 *(SORT_BY_NAME(SORT_BY_ALIGNMENT(.z_device_PRE_KERNEL_1[1-9][0-9]_*)))
 .z_device_PRE_KERNEL_130_
                0x000071e4       0x18 zephyr/drivers/clock_control/libdrivers__clock_control.a(clock_control_nrf.c.obj)
                0x000071e4                __device_dts_ord_27
 .z_device_PRE_KERNEL_140_
                0x000071fc       0x30 zephyr/drivers/gpio/libdrivers__gpio.a(gpio_nrfx.c.obj)
                0x000071fc                __device_dts_ord_11
                0x00007214                __device_dts_ord_54
 .z_device_PRE_KERNEL_155_
                0x0000722c       0x30 zephyr/drivers/serial/libdrivers__serial.a(uart_nrfx_uarte.c.obj)
                0x0000722c                __device_dts_ord_63
                0x00007244                __device_dts_ord_62
                0x0000725c                __device_PRE_KERNEL_2_start = .
 *(SORT_BY_NAME(SORT_BY_ALIGNMENT(.z_device_PRE_KERNEL_2[0-9]_*)))
 *(SORT_BY_NAME(SORT_BY_ALIGNMENT(.z_device_PRE_KERNEL_2[1-9][0-9]_*)))
                0x0000725c                __device_POST_KERNEL_start = .
 *(SORT_BY_NAME(SORT_BY_ALIGNMENT(.z_device_POST_KERNEL[0-9]_*)))
 *(SORT_BY_NAME(SORT_BY_ALIGNMENT(.z_device_POST_KERNEL[1-9][0-9]_*)))
                0x0000725c                __device_APPLICATION_start = .
 *(SORT_BY_NAME(SORT_BY_ALIGNMENT(.z_device_APPLICATION[0-9]_*)))
 *(SORT_BY_NAME(SORT_BY_ALIGNMENT(.z_device_APPLICATION[1-9][0-9]_*)))
                0x0000725c                __device_SMP_start = .
 *(SORT_BY_NAME(SORT_BY_ALIGNMENT(.z_device_SMP[0-9]_*)))
 *(SORT_BY_NAME(SORT_BY_ALIGNMENT(.z_device_SMP[1-9][0-9]_*)))
                0x0000725c                __device_end = .

sw_isr_table    0x0000725c      0x180
                0x0000725c                . = ALIGN (0x0)
 *(SORT_BY_ALIGNMENT(.gnu.linkonce.sw_isr_table*))
 .gnu.linkonce.sw_isr_table
                0x0000725c      0x180 zephyr/arch/common/libisr_tables.a(isr_tables.c.obj)
                0x0000725c                _sw_isr_table

initlevel_error
                0x00007184        0x0
 *(SORT_BY_NAME(SORT_BY_ALIGNMENT(.z_init_[_A-Z0-9]*)))
                0x00000001                ASSERT ((SIZEOF (initlevel_error) == 0x0), Undefined initialization levels used.)

app_shmem_regions
                0x000073dc        0x0
                0x000073dc                __app_shmem_regions_start = .
 *(SORT_BY_NAME(SORT_BY_ALIGNMENT(.app_regions.*)))
                0x000073dc                __app_shmem_regions_end = .

bt_l2cap_fixed_chan_area
                0x000073dc        0x0
                0x000073dc                _bt_l2cap_fixed_chan_list_start = .
 *(SORT_BY_NAME(SORT_BY_ALIGNMENT(._bt_l2cap_fixed_chan.static.*)))
                0x000073dc                _bt_l2cap_fixed_chan_list_end = .

bt_gatt_service_static_area
                0x000073dc        0x0
                0x000073dc                _bt_gatt_service_static_list_start = .
 *(SORT_BY_NAME(SORT_BY_ALIGNMENT(._bt_gatt_service_static.static.*)))
                0x000073dc                _bt_gatt_service_static_list_end = .

k_p4wq_initparam_area
                0x000073dc        0x0
                0x000073dc                _k_p4wq_initparam_list_start = .
 *(SORT_BY_NAME(SORT_BY_ALIGNMENT(._k_p4wq_initparam.static.*)))
                0x000073dc                _k_p4wq_initparam_list_end = .

log_strings_sections
                0x000073dc        0x0
                0x000073dc                __log_strings_start = .
 *(SORT_BY_NAME(SORT_BY_ALIGNMENT(.log_strings*)))
                0x000073dc                __log_strings_end = .

log_const_sections
                0x000073dc        0x0
                0x000073dc                __log_const_start = .
 *(SORT_BY_NAME(SORT_BY_ALIGNMENT(.log_const_*)))
                0x000073dc                __log_const_end = .

log_backends_sections
                0x000073dc        0x0
                0x000073dc                __log_backends_start = .
 *(SORT_BY_ALIGNMENT(._log_backend.*))
                0x000073dc                __log_backends_end = .

shell_area      0x000073dc        0x0
                0x000073dc                _shell_list_start = .
 *(SORT_BY_NAME(SORT_BY_ALIGNMENT(._shell.static.*)))
                0x000073dc                _shell_list_end = .

shell_root_cmds_sections
                0x000073dc        0x0
                0x000073dc                __shell_root_cmds_start = .
 *(SORT_BY_NAME(SORT_BY_ALIGNMENT(.shell_root_cmd_*)))
                0x000073dc                __shell_root_cmds_end = .

font_entry_sections
                0x000073dc        0x0
                0x000073dc                __font_entry_start = .
 *(SORT_BY_NAME(SORT_BY_ALIGNMENT(._cfb_font.*)))
                0x000073dc                __font_entry_end = .

tracing_backend_area
                0x000073dc        0x0
                0x000073dc                _tracing_backend_list_start = .
 *(SORT_BY_NAME(SORT_BY_ALIGNMENT(._tracing_backend.static.*)))
                0x000073dc                _tracing_backend_list_end = .

zephyr_dbg_info
 *(SORT_BY_ALIGNMENT(.dbg_thread_info))

device_handles  0x000073dc       0x40
                0x000073dc                __device_handles_start = .
 *(SORT_BY_NAME(SORT_BY_ALIGNMENT(.__device_handles_pass1*)))
 .__device_handles_pass1
                0x000073dc        0xa zephyr/drivers/clock_control/libdrivers__clock_control.a(clock_control_nrf.c.obj)
                0x000073dc                __devicehdl_DT_N_S_soc_S_clock_40000000
 .__device_handles_pass1
                0x000073e6       0x22 zephyr/drivers/gpio/libdrivers__gpio.a(gpio_nrfx.c.obj)
                0x000073e6                __devicehdl_DT_N_S_soc_S_gpio_50000300
                0x000073f0                __devicehdl_DT_N_S_soc_S_gpio_50000000
 .__device_handles_pass1
                0x00007408       0x14 zephyr/drivers/serial/libdrivers__serial.a(uart_nrfx_uarte.c.obj)
                0x00007408                __devicehdl_DT_N_S_soc_S_uart_40028000
                0x00007412                __devicehdl_DT_N_S_soc_S_uart_40002000
                0x0000741c                __device_handles_end = .

rodata          0x00007420     0x107c
 *(SORT_BY_ALIGNMENT(.rodata))
 *(SORT_BY_ALIGNMENT(.rodata.*))
 .rodata.delay_machine_code.12406
                0x00007420        0x6 zephyr/soc/arm/nordic_nrf/nrf52/libsoc__arm__nordic_nrf__nrf52.a(soc.c.obj)
 *fill*         0x00007426        0x2 
 .rodata.apis   0x00007428        0x8 zephyr/libzephyr.a(nrf_cc3xx_platform_abort_zephyr.c.obj)
 .rodata.mutex_apis
                0x00007430       0x10 zephyr/libzephyr.a(nrf_cc3xx_platform_mutex_zephyr.c.obj)
 .rodata.mutexes
                0x00007440       0x14 zephyr/libzephyr.a(nrf_cc3xx_platform_mutex_zephyr.c.obj)
 .rodata.static_regions
                0x00007454        0xc zephyr/arch/arch/arm/core/aarch32/mpu/libarch__arm__core__aarch32__mpu.a(arm_core_mpu.c.obj)
 .rodata.mpu_config
                0x00007460        0x8 zephyr/soc/arm/common/cortex_m/libsoc__arm__common__cortex_m.a(arm_mpu_regions.c.obj)
                0x00007460                mpu_config
 .rodata.mpu_regions
                0x00007468       0x18 zephyr/soc/arm/common/cortex_m/libsoc__arm__common__cortex_m.a(arm_mpu_regions.c.obj)
 .rodata.clock_control_api
                0x00007480       0x18 zephyr/drivers/clock_control/libdrivers__clock_control.a(clock_control_nrf.c.obj)
 .rodata.config
                0x00007498       0x10 zephyr/drivers/clock_control/libdrivers__clock_control.a(clock_control_nrf.c.obj)
 .rodata.transitions.11164
                0x000074a8        0xc zephyr/drivers/clock_control/libdrivers__clock_control.a(clock_control_nrf.c.obj)
 .rodata.gpio_nrfx_drv_api_funcs
                0x000074b4       0x24 zephyr/drivers/gpio/libdrivers__gpio.a(gpio_nrfx.c.obj)
 .rodata.gpio_nrfx_p0_cfg
                0x000074d8       0x10 zephyr/drivers/gpio/libdrivers__gpio.a(gpio_nrfx.c.obj)
 .rodata.gpio_nrfx_p1_cfg
                0x000074e8       0x10 zephyr/drivers/gpio/libdrivers__gpio.a(gpio_nrfx.c.obj)
 .rodata.uart_nrfx_uarte_driver_api
                0x000074f8       0x14 zephyr/drivers/serial/libdrivers__serial.a(uart_nrfx_uarte.c.obj)
 .rodata.uarte_0z_config
                0x0000750c       0x20 zephyr/drivers/serial/libdrivers__serial.a(uart_nrfx_uarte.c.obj)
 .rodata.uarte_1z_config
                0x0000752c       0x20 zephyr/drivers/serial/libdrivers__serial.a(uart_nrfx_uarte.c.obj)
 .rodata.levels.9429
                0x0000754c       0x14 zephyr/kernel/libkernel.a(device.c.obj)
 .rodata._k_neg_eagain
                0x00007560        0x4 zephyr/kernel/libkernel.a(errno.c.obj)
                0x00007560                _k_neg_eagain
 .rodata.CSWTCH.8
                0x00007564       0x1c C:/ncs/v1.9.1/nrfxlib/crypto/nrf_cc310_platform/lib/cortex-m4/soft-float/no-interrupts/libnrf_cc310_platform_0.9.13.a(nrf_cc3xx_platform.c.obj)
 .rodata.mutex_free.str1.4
                0x00007580       0x26 C:/ncs/v1.9.1/nrfxlib/crypto/nrf_cc310_platform/lib/cortex-m4/soft-float/no-interrupts/libnrf_cc310_platform_0.9.13.a(nrf_cc3xx_platform_mutex.c.obj)
 *fill*         0x000075a6        0x2 
 .rodata.mutex_init.str1.4
                0x000075a8       0x23 C:/ncs/v1.9.1/nrfxlib/crypto/nrf_cc310_platform/lib/cortex-m4/soft-float/no-interrupts/libnrf_cc310_platform_0.9.13.a(nrf_cc3xx_platform_mutex.c.obj)
 *fill*         0x000075cb        0x1 
 .rodata.CC_PalPowerSaveModeInit.str1.4
                0x000075cc       0x20 C:/ncs/v1.9.1/nrfxlib/crypto/nrf_cc310_platform/lib/cortex-m4/soft-float/no-interrupts/libnrf_cc310_platform_0.9.13.a(cc_pal_pm.c.obj)
 .rodata.z_impl_gpio_pin_configure.str1.1
                0x000075ec      0x117 app/libapp.a(main.c.obj)
 .rodata.thread_A_code.str1.1
                0x00007703       0xa7 app/libapp.a(main.c.obj)
 .rodata.thread_relogio_code.str1.1
                0x000077aa       0x3b app/libapp.a(main.c.obj)
 .rodata.cbvprintf.str1.1
                0x000077e5        0x6 zephyr/libzephyr.a(cbprintf_complete.c.obj)
 .rodata.sys_notify_finalize.str1.1
                0x000077eb       0x23 zephyr/libzephyr.a(notify.c.obj)
                                 0x42 (size before relaxing)
 .rodata.mutex_free_platform.str1.1
                0x0000780e       0x26 zephyr/libzephyr.a(nrf_cc3xx_platform_mutex_zephyr.c.obj)
 .rodata.mutex_init_platform.str1.1
                0x00007834       0x2d zephyr/libzephyr.a(nrf_cc3xx_platform_mutex_zephyr.c.obj)
 .rodata.process_event.str1.1
                0x00007861      0x122 zephyr/libzephyr.a(onoff.c.obj)
                                0x141 (size before relaxing)
 .rodata.pm_state_notify.str1.1
                0x00007983       0x9c zephyr/libzephyr.a(pm.c.obj)
 .rodata.sys_reboot.str1.1
                0x00007983       0x29 zephyr/libzephyr.a(reboot.c.obj)
 .rodata.z_arm_irq_priority_set.str1.1
                0x000079ac       0x91 zephyr/arch/arch/arm/core/aarch32/libarch__arm__core__aarch32.a(irq_manage.c.obj)
                                 0xae (size before relaxing)
 .rodata.mem_manage_fault.str1.1
                0x00007a3d       0xa7 zephyr/arch/arch/arm/core/aarch32/cortex_m/libarch__arm__core__aarch32__cortex_m.a(fault.c.obj)
                                 0xc4 (size before relaxing)
 .rodata.z_arm_fault.str1.1
                0x00007ae4       0xa5 zephyr/arch/arch/arm/core/aarch32/cortex_m/libarch__arm__core__aarch32__cortex_m.a(fault.c.obj)
                                 0xa7 (size before relaxing)
 .rodata.arm_core_mpu_configure_static_mpu_regions.str1.1
                0x00007b89       0x63 zephyr/arch/arch/arm/core/aarch32/mpu/libarch__arm__core__aarch32__mpu.a(arm_mpu.c.obj)
                                 0x82 (size before relaxing)
 .rodata.arm_core_mpu_configure_dynamic_mpu_regions.str1.1
                0x00007bec       0x2d zephyr/arch/arch/arm/core/aarch32/mpu/libarch__arm__core__aarch32__mpu.a(arm_mpu.c.obj)
 .rodata.z_arm_mpu_init.str1.1
                0x00007c19       0xa5 zephyr/arch/arch/arm/core/aarch32/mpu/libarch__arm__core__aarch32__mpu.a(arm_mpu.c.obj)
 .rodata.str1.1
                0x00007cbe        0xf zephyr/soc/arm/common/cortex_m/libsoc__arm__common__cortex_m.a(arm_mpu_regions.c.obj)
 .rodata.CSWTCH.9
                0x00007ccd        0x6 zephyr/soc/arm/nordic_nrf/nrf52/libsoc__arm__nordic_nrf__nrf52.a(soc.c.obj)
 .rodata.get_status.str1.1
                0x00007cd3       0x61 zephyr/drivers/clock_control/libdrivers__clock_control.a(clock_control_nrf.c.obj)
                                 0x7e (size before relaxing)
 .rodata.clock_event_handler.str1.1
                0x00007d34        0x2 zephyr/drivers/clock_control/libdrivers__clock_control.a(clock_control_nrf.c.obj)
 .rodata.z_nrf_clock_control_lf_on.str1.1
                0x00007d34        0x9 zephyr/drivers/clock_control/libdrivers__clock_control.a(clock_control_nrf.c.obj)
 .rodata.str1.1
                0x00007d3d        0x6 zephyr/drivers/clock_control/libdrivers__clock_control.a(clock_control_nrf.c.obj)
 .rodata.gpio_nrfx_manage_callback.str1.1
                0x00007d43       0x6e zephyr/drivers/gpio/libdrivers__gpio.a(gpio_nrfx.c.obj)
                                 0x8b (size before relaxing)
 .rodata.nrfx_gpio_handler.str1.1
                0x00007db1        0xc zephyr/drivers/gpio/libdrivers__gpio.a(gpio_nrfx.c.obj)
 .rodata.gpio_nrfx_pin_interrupt_configure.str1.1
                0x00007dbd       0x56 zephyr/drivers/gpio/libdrivers__gpio.a(gpio_nrfx.c.obj)
                                 0x58 (size before relaxing)
 .rodata.str1.1
                0x00007e13        0x7 zephyr/drivers/gpio/libdrivers__gpio.a(gpio_nrfx.c.obj)
                                  0xe (size before relaxing)
 .rodata.nrf_gpio_pin_port_decode.str1.1
                0x00007e1a       0x75 zephyr/drivers/serial/libdrivers__serial.a(uart_nrfx_uarte.c.obj)
 .rodata.str1.1
                0x00007e1a        0xe zephyr/drivers/serial/libdrivers__serial.a(uart_nrfx_uarte.c.obj)
 .rodata.nrf_clock_is_running.constprop.0.str1.1
                0x00007e28       0x34 modules/hal_nordic/nrfx/libmodules__hal_nordic__nrfx.a(nrfx_clock.c.obj)
                                 0x53 (size before relaxing)
 .rodata.nrfx_clock_init.str1.1
                0x00007e5c       0x4b modules/hal_nordic/nrfx/libmodules__hal_nordic__nrfx.a(nrfx_clock.c.obj)
 .rodata.nrfx_clock_enable.str1.1
                0x00007ea7       0x1e modules/hal_nordic/nrfx/libmodules__hal_nordic__nrfx.a(nrfx_clock.c.obj)
 .rodata.legacy_handler.str1.1
                0x00007ec5       0x64 modules/hal_nordic/nrfx/libmodules__hal_nordic__nrfx.a(nrfx_gpiote.c.obj)
                                 0x81 (size before relaxing)
 .rodata.release_handler.str1.1
                0x00007f29       0x14 modules/hal_nordic/nrfx/libmodules__hal_nordic__nrfx.a(nrfx_gpiote.c.obj)
 .rodata.nrf_gpio_pin_port_decode.str1.1
                0x00007f3d       0x58 modules/hal_nordic/nrfx/libmodules__hal_nordic__nrfx.a(nrfx_gpiote.c.obj)
 .rodata.nrfx_gpiote_channel_get.str1.1
                0x00007f3d        0xa modules/hal_nordic/nrfx/libmodules__hal_nordic__nrfx.a(nrfx_gpiote.c.obj)
 .rodata.nrfx_gpiote_trigger_enable.str1.1
                0x00007f47       0x20 modules/hal_nordic/nrfx/libmodules__hal_nordic__nrfx.a(nrfx_gpiote.c.obj)
 .rodata.CSWTCH.14
                0x00007f67        0x6 modules/hal_nordic/nrfx/libmodules__hal_nordic__nrfx.a(system_nrf52840.c.obj)
 .rodata.CSWTCH.5
                0x00007f6d        0x6 modules/hal_nordic/nrfx/libmodules__hal_nordic__nrfx.a(system_nrf52840.c.obj)
 .rodata._DoInit.str1.1
                0x00007f73       0x14 modules/segger/libmodules__segger.a(SEGGER_RTT.c.obj)
 .rodata.z_fatal_error.str1.1
                0x00007f87       0x74 zephyr/kernel/libkernel.a(fatal.c.obj)
                                 0x91 (size before relaxing)
 .rodata.idle.str1.1
                0x00007ffb       0x49 zephyr/kernel/libkernel.a(idle.c.obj)
                                 0x66 (size before relaxing)
 .rodata.z_cstart.str1.1
                0x00008044        0x5 zephyr/kernel/libkernel.a(init.c.obj)
 .rodata.init_mem_slab_module.str1.1
                0x00008049       0x61 zephyr/kernel/libkernel.a(mem_slab.c.obj)
                                 0x7e (size before relaxing)
 .rodata.k_mem_slab_alloc.str1.1
                0x000080aa       0x7f zephyr/kernel/libkernel.a(mem_slab.c.obj)
 .rodata.z_impl_k_mutex_lock.str1.1
                0x000080aa       0x59 zephyr/kernel/libkernel.a(mutex.c.obj)
                                 0xf5 (size before relaxing)
 .rodata.z_impl_k_mutex_unlock.str1.1
                0x00008103       0x76 zephyr/kernel/libkernel.a(mutex.c.obj)
 .rodata.k_sched_time_slice_set.str1.1
                0x00008179       0x9c zephyr/kernel/libkernel.a(sched.c.obj)
 .rodata.k_sched_lock.str1.1
                0x00008179       0x71 zephyr/kernel/libkernel.a(sched.c.obj)
 .rodata.z_priq_dumb_remove.str1.1
                0x00008179       0x43 zephyr/kernel/libkernel.a(sched.c.obj)
 .rodata.unpend_thread_no_timeout.str1.1
                0x000081bc       0x17 zephyr/kernel/libkernel.a(sched.c.obj)
 .rodata.update_cache.str1.1
                0x000081d3       0x27 zephyr/kernel/libkernel.a(sched.c.obj)
 .rodata.k_sched_unlock.str1.1
                0x000081fa       0x31 zephyr/kernel/libkernel.a(sched.c.obj)
 .rodata.z_tick_sleep.str1.1
                0x0000822b       0x40 zephyr/kernel/libkernel.a(sched.c.obj)
 .rodata.z_thread_abort.str1.1
                0x0000826b       0x22 zephyr/kernel/libkernel.a(sched.c.obj)
                                 0x24 (size before relaxing)
 .rodata.z_impl_k_sem_give.str1.1
                0x0000828d       0x70 zephyr/kernel/libkernel.a(sem.c.obj)
 .rodata.z_impl_k_sem_take.str1.1
                0x0000828d       0x6d zephyr/kernel/libkernel.a(sem.c.obj)
                                 0x9c (size before relaxing)
 .rodata.z_setup_new_thread.str1.1
                0x000082fa       0xd4 zephyr/kernel/libkernel.a(thread.c.obj)
                                 0xf1 (size before relaxing)
 .rodata.z_impl_k_thread_create.str1.1
                0x000083ce       0x25 zephyr/kernel/libkernel.a(thread.c.obj)
                                 0x37 (size before relaxing)
 .rodata.z_init_static_threads.str1.1
                0x000083f3       0x2d zephyr/kernel/libkernel.a(thread.c.obj)
                                 0x4c (size before relaxing)
 .rodata.z_add_timeout.str1.1
                0x00008420       0x44 zephyr/kernel/libkernel.a(timeout.c.obj)
                                 0xe3 (size before relaxing)
 .rodata.boot_banner.str1.1
                0x00008464       0x36 zephyr/kernel/libkernel.a(banner.c.obj)
                                 0x37 (size before relaxing)
 *(SORT_BY_ALIGNMENT(.gnu.linkonce.r.*))
                0x0000849c                . = ALIGN (0x4)
 *fill*         0x0000849a        0x2 
                0x0000849c                __rodata_region_end = .
                0x000084a0                . = ALIGN (_region_min_align)
                0x00010000                . = ALIGN ((0x1 << ((__rodata_region_end - __rom_region_start) <= 0x4)?0x2:((__rodata_region_end - __rom_region_start) <= 0x8)?0x3:((__rodata_region_end - __rom_region_start) <= 0x10)?0x4:((__rodata_region_end - __rom_region_start) <= 0x20)?0x5:((__rodata_region_end - __rom_region_start) <= 0x40)?0x6:((__rodata_region_end - __rom_region_start) <= 0x80)?0x7:((__rodata_region_end - __rom_region_start) <= 0x100)?0x8:((__rodata_region_end - __rom_region_start) <= 0x200)?0x9:((__rodata_region_end - __rom_region_start) <= 0x400)?0xa:((__rodata_region_end - __rom_region_start) <= 0x800)?0xb:((__rodata_region_end - __rom_region_start) <= 0x1000)?0xc:((__rodata_region_end - __rom_region_start) <= 0x2000)?0xd:((__rodata_region_end - __rom_region_start) <= 0x4000)?0xe:((__rodata_region_end - __rom_region_start) <= 0x8000)?0xf:((__rodata_region_end - __rom_region_start) <= 0x10000)?0x10:((__rodata_region_end - __rom_region_start) <= 0x20000)?0x11:((__rodata_region_end - __rom_region_start) <= 0x40000)?0x12:((__rodata_region_end - __rom_region_start) <= 0x80000)?0x13:((__rodata_region_end - __rom_region_start) <= 0x100000)?0x14:((__rodata_region_end - __rom_region_start) <= 0x200000)?0x15:((__rodata_region_end - __rom_region_start) <= 0x400000)?0x16:((__rodata_region_end - __rom_region_start) <= 0x800000)?0x17:((__rodata_region_end - __rom_region_start) <= 0x1000000)?0x18:((__rodata_region_end - __rom_region_start) <= 0x2000000)?0x19:((__rodata_region_end - __rom_region_start) <= 0x4000000)?0x1a:((__rodata_region_end - __rom_region_start) <= 0x8000000)?0x1b:((__rodata_region_end - __rom_region_start) <= 0x10000000)?0x1c:((__rodata_region_end - __rom_region_start) <= 0x20000000)?0x1d:((__rodata_region_end - __rom_region_start) <= 0x40000000)?0x1e:((__rodata_region_end - __rom_region_start) <= 0x80000000)?0x1f:0x20))
                0x00010000                __rom_region_end = .
                0x20000000                . = 0x20000000
                0x20000000                . = ALIGN (_region_min_align)
                0x20000000                _image_ram_start = .

.ramfunc        0x20000000        0x0 load address 0x0000849c
                0x20000000                . = ALIGN (_region_min_align)
                0x20000000                . = ALIGN ((0x1 << (__ramfunc_size <= 0x4)?0x2:(__ramfunc_size <= 0x8)?0x3:(__ramfunc_size <= 0x10)?0x4:(__ramfunc_size <= 0x20)?0x5:(__ramfunc_size <= 0x40)?0x6:(__ramfunc_size <= 0x80)?0x7:(__ramfunc_size <= 0x100)?0x8:(__ramfunc_size <= 0x200)?0x9:(__ramfunc_size <= 0x400)?0xa:(__ramfunc_size <= 0x800)?0xb:(__ramfunc_size <= 0x1000)?0xc:(__ramfunc_size <= 0x2000)?0xd:(__ramfunc_size <= 0x4000)?0xe:(__ramfunc_size <= 0x8000)?0xf:(__ramfunc_size <= 0x10000)?0x10:(__ramfunc_size <= 0x20000)?0x11:(__ramfunc_size <= 0x40000)?0x12:(__ramfunc_size <= 0x80000)?0x13:(__ramfunc_size <= 0x100000)?0x14:(__ramfunc_size <= 0x200000)?0x15:(__ramfunc_size <= 0x400000)?0x16:(__ramfunc_size <= 0x800000)?0x17:(__ramfunc_size <= 0x1000000)?0x18:(__ramfunc_size <= 0x2000000)?0x19:(__ramfunc_size <= 0x4000000)?0x1a:(__ramfunc_size <= 0x8000000)?0x1b:(__ramfunc_size <= 0x10000000)?0x1c:(__ramfunc_size <= 0x20000000)?0x1d:(__ramfunc_size <= 0x40000000)?0x1e:(__ramfunc_size <= 0x80000000)?0x1f:0x20))
                0x20000000                __ramfunc_start = .
 *(SORT_BY_ALIGNMENT(.ramfunc))
 *(SORT_BY_ALIGNMENT(.ramfunc.*))
                0x20000000                . = ALIGN (_region_min_align)
                0x20000000                . = ALIGN ((0x1 << (__ramfunc_size <= 0x4)?0x2:(__ramfunc_size <= 0x8)?0x3:(__ramfunc_size <= 0x10)?0x4:(__ramfunc_size <= 0x20)?0x5:(__ramfunc_size <= 0x40)?0x6:(__ramfunc_size <= 0x80)?0x7:(__ramfunc_size <= 0x100)?0x8:(__ramfunc_size <= 0x200)?0x9:(__ramfunc_size <= 0x400)?0xa:(__ramfunc_size <= 0x800)?0xb:(__ramfunc_size <= 0x1000)?0xc:(__ramfunc_size <= 0x2000)?0xd:(__ramfunc_size <= 0x4000)?0xe:(__ramfunc_size <= 0x8000)?0xf:(__ramfunc_size <= 0x10000)?0x10:(__ramfunc_size <= 0x20000)?0x11:(__ramfunc_size <= 0x40000)?0x12:(__ramfunc_size <= 0x80000)?0x13:(__ramfunc_size <= 0x100000)?0x14:(__ramfunc_size <= 0x200000)?0x15:(__ramfunc_size <= 0x400000)?0x16:(__ramfunc_size <= 0x800000)?0x17:(__ramfunc_size <= 0x1000000)?0x18:(__ramfunc_size <= 0x2000000)?0x19:(__ramfunc_size <= 0x4000000)?0x1a:(__ramfunc_size <= 0x8000000)?0x1b:(__ramfunc_size <= 0x10000000)?0x1c:(__ramfunc_size <= 0x20000000)?0x1d:(__ramfunc_size <= 0x40000000)?0x1e:(__ramfunc_size <= 0x80000000)?0x1f:0x20))
                0x20000000                __ramfunc_end = .
                0x00000000                __ramfunc_size = (__ramfunc_end - __ramfunc_start)
                0x0000849c                __ramfunc_load_start = LOADADDR (.ramfunc)

datas           0x20000000      0x13c load address 0x0000849c
                0x20000000                __data_region_start = .
                0x20000000                __data_start = .
 *(SORT_BY_ALIGNMENT(.data))
 *(SORT_BY_ALIGNMENT(.data.*))
 .data.asym_mutex
                0x20000000        0x8 zephyr/libzephyr.a(nrf_cc3xx_platform_mutex_zephyr.c.obj)
 .data.power_mutex
                0x20000008        0x8 zephyr/libzephyr.a(nrf_cc3xx_platform_mutex_zephyr.c.obj)
 .data.rng_mutex
                0x20000010        0x8 zephyr/libzephyr.a(nrf_cc3xx_platform_mutex_zephyr.c.obj)
 .data.sym_mutex
                0x20000018        0x8 zephyr/libzephyr.a(nrf_cc3xx_platform_mutex_zephyr.c.obj)
 .data._char_out
                0x20000020        0x4 zephyr/libzephyr.a(printk.c.obj)
                0x20000020                _char_out
 .data._stdout_hook
                0x20000024        0x4 zephyr/lib/libc/minimal/liblib__libc__minimal.a(stdout_console.c.obj)
 .data.uarte_0_data
                0x20000028       0x14 zephyr/drivers/serial/libdrivers__serial.a(uart_nrfx_uarte.c.obj)
 .data.uarte_1_data
                0x2000003c       0x14 zephyr/drivers/serial/libdrivers__serial.a(uart_nrfx_uarte.c.obj)
 .data.m_cb     0x20000050       0x7c modules/hal_nordic/nrfx/libmodules__hal_nordic__nrfx.a(nrfx_gpiote.c.obj)
 .data.m_channels_allocated
                0x200000cc        0x4 modules/hal_nordic/nrfx/libmodules__hal_nordic__nrfx.a(nrfx_ppi.c.obj)
 .data.SystemCoreClock
                0x200000d0        0x4 modules/hal_nordic/nrfx/libmodules__hal_nordic__nrfx.a(system_nrf52840.c.obj)
                0x200000d0                SystemCoreClock
 .data.timeout_list
                0x200000d4        0x8 zephyr/kernel/libkernel.a(timeout.c.obj)
 .data.platform_abort_apis
                0x200000dc        0x8 C:/ncs/v1.9.1/nrfxlib/crypto/nrf_cc310_platform/lib/cortex-m4/soft-float/no-interrupts/libnrf_cc310_platform_0.9.13.a(nrf_cc3xx_platform_abort.c.obj)
                0x200000dc                platform_abort_apis
 .data.asym_mutex
                0x200000e4        0x8 C:/ncs/v1.9.1/nrfxlib/crypto/nrf_cc310_platform/lib/cortex-m4/soft-float/no-interrupts/libnrf_cc310_platform_0.9.13.a(nrf_cc3xx_platform_mutex.c.obj)
 .data.platform_mutex_apis
                0x200000ec       0x10 C:/ncs/v1.9.1/nrfxlib/crypto/nrf_cc310_platform/lib/cortex-m4/soft-float/no-interrupts/libnrf_cc310_platform_0.9.13.a(nrf_cc3xx_platform_mutex.c.obj)
                0x200000ec                platform_mutex_apis
 .data.platform_mutexes
                0x200000fc       0x14 C:/ncs/v1.9.1/nrfxlib/crypto/nrf_cc310_platform/lib/cortex-m4/soft-float/no-interrupts/libnrf_cc310_platform_0.9.13.a(nrf_cc3xx_platform_mutex.c.obj)
                0x200000fc                platform_mutexes
 .data.power_mutex
                0x20000110        0x8 C:/ncs/v1.9.1/nrfxlib/crypto/nrf_cc310_platform/lib/cortex-m4/soft-float/no-interrupts/libnrf_cc310_platform_0.9.13.a(nrf_cc3xx_platform_mutex.c.obj)
 .data.rng_mutex
                0x20000118        0x8 C:/ncs/v1.9.1/nrfxlib/crypto/nrf_cc310_platform/lib/cortex-m4/soft-float/no-interrupts/libnrf_cc310_platform_0.9.13.a(nrf_cc3xx_platform_mutex.c.obj)
 .data.sym_mutex
                0x20000120        0x8 C:/ncs/v1.9.1/nrfxlib/crypto/nrf_cc310_platform/lib/cortex-m4/soft-float/no-interrupts/libnrf_cc310_platform_0.9.13.a(nrf_cc3xx_platform_mutex.c.obj)
 .data.CCAsymCryptoMutex
                0x20000128        0x4 C:/ncs/v1.9.1/nrfxlib/crypto/nrf_cc310_platform/lib/cortex-m4/soft-float/no-interrupts/libnrf_cc310_platform_0.9.13.a(cc_pal.c.obj)
                0x20000128                CCAsymCryptoMutex
 .data.CCPowerMutex
                0x2000012c        0x4 C:/ncs/v1.9.1/nrfxlib/crypto/nrf_cc310_platform/lib/cortex-m4/soft-float/no-interrupts/libnrf_cc310_platform_0.9.13.a(cc_pal.c.obj)
                0x2000012c                CCPowerMutex
 .data.CCRndCryptoMutex
                0x20000130        0x4 C:/ncs/v1.9.1/nrfxlib/crypto/nrf_cc310_platform/lib/cortex-m4/soft-float/no-interrupts/libnrf_cc310_platform_0.9.13.a(cc_pal.c.obj)
                0x20000130                CCRndCryptoMutex
 .data.CCSymCryptoMutex
                0x20000134        0x4 C:/ncs/v1.9.1/nrfxlib/crypto/nrf_cc310_platform/lib/cortex-m4/soft-float/no-interrupts/libnrf_cc310_platform_0.9.13.a(cc_pal.c.obj)
                0x20000134                CCSymCryptoMutex
 .data.pCCRndCryptoMutex
                0x20000138        0x4 C:/ncs/v1.9.1/nrfxlib/crypto/nrf_cc310_platform/lib/cortex-m4/soft-float/no-interrupts/libnrf_cc310_platform_0.9.13.a(cc_pal.c.obj)
                0x20000138                pCCRndCryptoMutex
 *(SORT_BY_ALIGNMENT(.kernel.*))
                0x2000013c                __data_end = .
                0x0000013c                __data_size = (__data_end - __data_start)
                0x0000849c                __data_load_start = LOADADDR (datas)
                0x0000849c                __data_region_load_start = LOADADDR (datas)

device_states   0x2000013c       0x14 load address 0x000085d8
                0x2000013c                __device_states_start = .
 *(SORT_BY_ALIGNMENT(.z_devstate))
 .z_devstate    0x2000013c        0x4 zephyr/drivers/clock_control/libdrivers__clock_control.a(clock_control_nrf.c.obj)
 .z_devstate    0x20000140        0x8 zephyr/drivers/gpio/libdrivers__gpio.a(gpio_nrfx.c.obj)
 .z_devstate    0x20000148        0x8 zephyr/drivers/serial/libdrivers__serial.a(uart_nrfx_uarte.c.obj)
 *(SORT_BY_ALIGNMENT(.z_devstate.*))
                0x20000150                __device_states_end = .

initshell       0x20000150        0x0 load address 0x000085ec
                0x20000150                __shell_module_start = .
 *(SORT_BY_ALIGNMENT(.shell_module_*))
                0x20000150                __shell_module_end = .
                0x20000150                __shell_cmd_start = .
 *(SORT_BY_ALIGNMENT(.shell_cmd_*))
                0x20000150                __shell_cmd_end = .

log_dynamic_sections
                0x20000150        0x0 load address 0x000085ec
                0x20000150                __log_dynamic_start = .
 *(SORT_BY_NAME(SORT_BY_ALIGNMENT(.log_dynamic_*)))
                0x20000150                __log_dynamic_end = .

_static_thread_data_area
                0x20000150        0x0 load address 0x000085ec
                0x20000150                __static_thread_data_list_start = .
 *(SORT_BY_NAME(SORT_BY_ALIGNMENT(.__static_thread_data.static.*)))
                0x20000150                __static_thread_data_list_end = .

k_timer_area    0x20000150        0x0 load address 0x000085ec
                0x20000150                _k_timer_list_start = .
 *(SORT_BY_NAME(SORT_BY_ALIGNMENT(._k_timer.static.*)))
                0x20000150                _k_timer_list_end = .

k_mem_slab_area
                0x20000150        0x0 load address 0x000085ec
                0x20000150                _k_mem_slab_list_start = .
 *(SORT_BY_NAME(SORT_BY_ALIGNMENT(._k_mem_slab.static.*)))
                0x20000150                _k_mem_slab_list_end = .

k_mem_pool_area
                0x20000150        0x0 load address 0x000085ec
                0x20000150                _k_mem_pool_list_start = .
 *(SORT_BY_NAME(SORT_BY_ALIGNMENT(._k_mem_pool.static.*)))
                0x20000150                _k_mem_pool_list_end = .

k_heap_area     0x20000150        0x0 load address 0x000085ec
                0x20000150                _k_heap_list_start = .
 *(SORT_BY_NAME(SORT_BY_ALIGNMENT(._k_heap.static.*)))
                0x20000150                _k_heap_list_end = .

k_mutex_area    0x20000150       0x50 load address 0x000085ec
                0x20000150                _k_mutex_list_start = .
 *(SORT_BY_NAME(SORT_BY_ALIGNMENT(._k_mutex.static.*)))
 ._k_mutex.static.asym_mutex_int
                0x20000150       0x14 zephyr/libzephyr.a(nrf_cc3xx_platform_mutex_zephyr.c.obj)
                0x20000150                asym_mutex_int
 ._k_mutex.static.power_mutex_int
                0x20000164       0x14 zephyr/libzephyr.a(nrf_cc3xx_platform_mutex_zephyr.c.obj)
                0x20000164                power_mutex_int
 ._k_mutex.static.rng_mutex_int
                0x20000178       0x14 zephyr/libzephyr.a(nrf_cc3xx_platform_mutex_zephyr.c.obj)
                0x20000178                rng_mutex_int
 ._k_mutex.static.sym_mutex_int
                0x2000018c       0x14 zephyr/libzephyr.a(nrf_cc3xx_platform_mutex_zephyr.c.obj)
                0x2000018c                sym_mutex_int
                0x200001a0                _k_mutex_list_end = .

k_stack_area    0x200001a0        0x0 load address 0x0000863c
                0x200001a0                _k_stack_list_start = .
 *(SORT_BY_NAME(SORT_BY_ALIGNMENT(._k_stack.static.*)))
                0x200001a0                _k_stack_list_end = .

k_msgq_area     0x200001a0        0x0 load address 0x0000863c
                0x200001a0                _k_msgq_list_start = .
 *(SORT_BY_NAME(SORT_BY_ALIGNMENT(._k_msgq.static.*)))
                0x200001a0                _k_msgq_list_end = .

k_mbox_area     0x200001a0        0x0 load address 0x0000863c
                0x200001a0                _k_mbox_list_start = .
 *(SORT_BY_NAME(SORT_BY_ALIGNMENT(._k_mbox.static.*)))
                0x200001a0                _k_mbox_list_end = .

k_pipe_area     0x200001a0        0x0 load address 0x0000863c
                0x200001a0                _k_pipe_list_start = .
 *(SORT_BY_NAME(SORT_BY_ALIGNMENT(._k_pipe.static.*)))
                0x200001a0                _k_pipe_list_end = .

k_sem_area      0x200001a0        0x0 load address 0x0000863c
                0x200001a0                _k_sem_list_start = .
 *(SORT_BY_NAME(SORT_BY_ALIGNMENT(._k_sem.static.*)))
                0x200001a0                _k_sem_list_end = .

k_event_area    0x200001a0        0x0 load address 0x0000863c
                0x200001a0                _k_event_list_start = .
 *(SORT_BY_NAME(SORT_BY_ALIGNMENT(._k_event.static.*)))
                0x200001a0                _k_event_list_end = .

k_queue_area    0x200001a0        0x0 load address 0x0000863c
                0x200001a0                _k_queue_list_start = .
 *(SORT_BY_NAME(SORT_BY_ALIGNMENT(._k_queue.static.*)))
                0x200001a0                _k_queue_list_end = .

k_condvar_area  0x200001a0        0x0 load address 0x0000863c
                0x200001a0                _k_condvar_list_start = .
 *(SORT_BY_NAME(SORT_BY_ALIGNMENT(._k_condvar.static.*)))
                0x200001a0                _k_condvar_list_end = .

_net_buf_pool_area
                0x200001a0        0x0 load address 0x0000863c
                0x200001a0                _net_buf_pool_list = .
 *(SORT_BY_NAME(SORT_BY_ALIGNMENT(._net_buf_pool.static.*)))
                0x200001a0                __data_region_end = .

bss             0x200001a0      0xf00
                0x200001a0                . = ALIGN (0x4)
                0x200001a0                __bss_start = .
                0x200001a0                __kernel_ram_start = .
 *(SORT_BY_ALIGNMENT(.bss))
 *(SORT_BY_ALIGNMENT(.bss.*))
 .bss.thread_A_data
                0x200001a0       0x80 app/libapp.a(main.c.obj)
                0x200001a0                thread_A_data
 .bss.thread_relogio_data
                0x20000220       0x80 app/libapp.a(main.c.obj)
                0x20000220                thread_relogio_data
 .bss.anchor    0x200002a0        0x8 zephyr/drivers/timer/libdrivers__timer.a(nrf_rtc_timer.c.obj)
 .bss.cc_data   0x200002a8       0x10 zephyr/drivers/timer/libdrivers__timer.a(nrf_rtc_timer.c.obj)
 .bss.last_count
                0x200002b8        0x8 zephyr/drivers/timer/libdrivers__timer.a(nrf_rtc_timer.c.obj)
 .bss.z_idle_threads
                0x200002c0       0x80 zephyr/kernel/libkernel.a(init.c.obj)
                0x200002c0                z_idle_threads
 .bss.z_main_thread
                0x20000340       0x80 zephyr/kernel/libkernel.a(init.c.obj)
                0x20000340                z_main_thread
 .bss.curr_tick
                0x200003c0        0x8 zephyr/kernel/libkernel.a(timeout.c.obj)
 .bss.horas     0x200003c8        0x4 app/libapp.a(main.c.obj)
                0x200003c8                horas
 .bss.min       0x200003cc        0x4 app/libapp.a(main.c.obj)
                0x200003cc                min
 .bss.seg       0x200003d0        0x4 app/libapp.a(main.c.obj)
                0x200003d0                seg
 .bss.thread_A_tid
                0x200003d4        0x4 app/libapp.a(main.c.obj)
                0x200003d4                thread_A_tid
 .bss.thread_relogio_tid
                0x200003d8        0x4 app/libapp.a(main.c.obj)
                0x200003d8                thread_relogio_tid
 .bss.mutex_slab
                0x200003dc       0x20 zephyr/libzephyr.a(nrf_cc3xx_platform_mutex_zephyr.c.obj)
                0x200003dc                mutex_slab
 .bss.mutex_slab_buffer
                0x200003fc      0x500 zephyr/libzephyr.a(nrf_cc3xx_platform_mutex_zephyr.c.obj)
                0x200003fc                mutex_slab_buffer
 .bss.pm_notifier_lock
                0x200008fc        0x4 zephyr/libzephyr.a(pm.c.obj)
 .bss.pm_notifiers
                0x20000900        0x8 zephyr/libzephyr.a(pm.c.obj)
 .bss.z_post_ops_required
                0x20000908        0x4 zephyr/libzephyr.a(pm.c.obj)
 .bss.z_power_states
                0x2000090c        0xc zephyr/libzephyr.a(pm.c.obj)
 .bss.z_power_states_forced
                0x20000918        0x4 zephyr/libzephyr.a(pm.c.obj)
 .bss.dynamic_regions.9983
                0x2000091c        0xc zephyr/arch/arch/arm/core/aarch32/mpu/libarch__arm__core__aarch32__mpu.a(arm_core_mpu.c.obj)
 .bss.cli.11138
                0x20000928       0x10 zephyr/drivers/clock_control/libdrivers__clock_control.a(clock_control_nrf.c.obj)
 .bss.data      0x20000938       0x58 zephyr/drivers/clock_control/libdrivers__clock_control.a(clock_control_nrf.c.obj)
 .bss.hfclk_users
                0x20000990        0x4 zephyr/drivers/clock_control/libdrivers__clock_control.a(clock_control_nrf.c.obj)
 .bss.on.11137  0x20000994        0x4 zephyr/drivers/clock_control/libdrivers__clock_control.a(clock_control_nrf.c.obj)
 .bss.uart_console_dev
                0x20000998        0x4 zephyr/drivers/console/libdrivers__console.a(uart_console.c.obj)
 .bss.gpio_nrfx_p0_data
                0x2000099c        0xc zephyr/drivers/gpio/libdrivers__gpio.a(gpio_nrfx.c.obj)
 .bss.gpio_nrfx_p1_data
                0x200009a8        0xc zephyr/drivers/gpio/libdrivers__gpio.a(gpio_nrfx.c.obj)
 .bss.force_isr_mask
                0x200009b4        0x4 zephyr/drivers/timer/libdrivers__timer.a(nrf_rtc_timer.c.obj)
 .bss.int_mask  0x200009b8        0x4 zephyr/drivers/timer/libdrivers__timer.a(nrf_rtc_timer.c.obj)
 .bss.overflow_cnt
                0x200009bc        0x4 zephyr/drivers/timer/libdrivers__timer.a(nrf_rtc_timer.c.obj)
 .bss.m_clock_cb
                0x200009c0        0x8 modules/hal_nordic/nrfx/libmodules__hal_nordic__nrfx.a(nrfx_clock.c.obj)
 .bss._SEGGER_RTT
                0x200009c8       0xa8 modules/segger/libmodules__segger.a(SEGGER_RTT.c.obj)
                0x200009c8                _SEGGER_RTT
 .bss._kernel   0x20000a70       0x28 zephyr/kernel/libkernel.a(init.c.obj)
                0x20000a70                _kernel
 .bss.lock      0x20000a98        0x4 zephyr/kernel/libkernel.a(mutex.c.obj)
 .bss.pending_current
                0x20000a9c        0x4 zephyr/kernel/libkernel.a(sched.c.obj)
 .bss.sched_spinlock
                0x20000aa0        0x4 zephyr/kernel/libkernel.a(sched.c.obj)
                0x20000aa0                sched_spinlock
 .bss.slice_max_prio
                0x20000aa4        0x4 zephyr/kernel/libkernel.a(sched.c.obj)
 .bss.slice_time
                0x20000aa8        0x4 zephyr/kernel/libkernel.a(sched.c.obj)
 .bss.lock      0x20000aac        0x4 zephyr/kernel/libkernel.a(sem.c.obj)
 .bss.announce_remaining
                0x20000ab0        0x4 zephyr/kernel/libkernel.a(timeout.c.obj)
 .bss.timeout_lock
                0x20000ab4        0x4 zephyr/kernel/libkernel.a(timeout.c.obj)
 .bss.nrf_cc3xx_platform_initialized
                0x20000ab8        0x4 C:/ncs/v1.9.1/nrfxlib/crypto/nrf_cc310_platform/lib/cortex-m4/soft-float/no-interrupts/libnrf_cc310_platform_0.9.13.a(nrf_cc3xx_platform.c.obj)
 .bss.asym_mutex_int
                0x20000abc        0x4 C:/ncs/v1.9.1/nrfxlib/crypto/nrf_cc310_platform/lib/cortex-m4/soft-float/no-interrupts/libnrf_cc310_platform_0.9.13.a(nrf_cc3xx_platform_mutex.c.obj)
 .bss.power_mutex_int
                0x20000ac0        0x4 C:/ncs/v1.9.1/nrfxlib/crypto/nrf_cc310_platform/lib/cortex-m4/soft-float/no-interrupts/libnrf_cc310_platform_0.9.13.a(nrf_cc3xx_platform_mutex.c.obj)
 .bss.rng_mutex_int
                0x20000ac4        0x4 C:/ncs/v1.9.1/nrfxlib/crypto/nrf_cc310_platform/lib/cortex-m4/soft-float/no-interrupts/libnrf_cc310_platform_0.9.13.a(nrf_cc3xx_platform_mutex.c.obj)
 .bss.sym_mutex_int
                0x20000ac8        0x4 C:/ncs/v1.9.1/nrfxlib/crypto/nrf_cc310_platform/lib/cortex-m4/soft-float/no-interrupts/libnrf_cc310_platform_0.9.13.a(nrf_cc3xx_platform_mutex.c.obj)
 .bss.use_count
                0x20000acc        0x4 C:/ncs/v1.9.1/nrfxlib/crypto/nrf_cc310_platform/lib/cortex-m4/soft-float/no-interrupts/libnrf_cc310_platform_0.9.13.a(cc_pal_pm.c.obj)
 .bss.static_regions_num
                0x20000ad0        0x1 zephyr/arch/arch/arm/core/aarch32/mpu/libarch__arm__core__aarch32__mpu.a(arm_mpu.c.obj)
 .bss._acDownBuffer
                0x20000ad1       0x10 modules/segger/libmodules__segger.a(SEGGER_RTT.c.obj)
 .bss._acUpBuffer
                0x20000ae1      0x400 modules/segger/libmodules__segger.a(SEGGER_RTT.c.obj)