Archive member included to satisfy reference by file (symbol)

app/libapp.a(main.c.obj)      (--whole-archive)
zephyr/libzephyr.a(soc_nrf_common.S.obj)
                              (--whole-archive)
zephyr/libzephyr.a(assert.c.obj)
                              (--whole-archive)
zephyr/libzephyr.a(bitarray.c.obj)
                              (--whole-archive)
zephyr/libzephyr.a(cbprintf.c.obj)
                              (--whole-archive)
zephyr/libzephyr.a(cbprintf_complete.c.obj)
                              (--whole-archive)
zephyr/libzephyr.a(cbprintf_packaged.c.obj)
                              (--whole-archive)
zephyr/libzephyr.a(configs.c.obj)
                              (--whole-archive)
zephyr/libzephyr.a(constraint.c.obj)
                              (--whole-archive)
zephyr/libzephyr.a(crc16_sw.c.obj)
                              (--whole-archive)
zephyr/libzephyr.a(crc32_sw.c.obj)
                              (--whole-archive)
zephyr/libzephyr.a(crc32c_sw.c.obj)
                              (--whole-archive)
zephyr/libzephyr.a(crc7_sw.c.obj)
                              (--whole-archive)
zephyr/libzephyr.a(crc8_sw.c.obj)
                              (--whole-archive)
zephyr/libzephyr.a(dec.c.obj)
                              (--whole-archive)
zephyr/libzephyr.a(fdtable.c.obj)
                              (--whole-archive)
zephyr/libzephyr.a(heap-validate.c.obj)
                              (--whole-archive)
zephyr/libzephyr.a(heap.c.obj)
                              (--whole-archive)
zephyr/libzephyr.a(hex.c.obj)
                              (--whole-archive)
zephyr/libzephyr.a(multi_heap.c.obj)
                              (--whole-archive)
zephyr/libzephyr.a(notify.c.obj)
                              (--whole-archive)
zephyr/libzephyr.a(nrf_cc3xx_platform_abort_zephyr.c.obj)
                              (--whole-archive)
zephyr/libzephyr.a(nrf_cc3xx_platform_mutex_zephyr.c.obj)
                              (--whole-archive)
zephyr/libzephyr.a(onoff.c.obj)
                              (--whole-archive)
zephyr/libzephyr.a(pm.c.obj)  (--whole-archive)
zephyr/libzephyr.a(printk.c.obj)
                              (--whole-archive)
zephyr/libzephyr.a(rb.c.obj)  (--whole-archive)
zephyr/libzephyr.a(reboot.c.obj)
                              (--whole-archive)
zephyr/libzephyr.a(residency.c.obj)
                              (--whole-archive)
zephyr/libzephyr.a(sem.c.obj)
                              (--whole-archive)
zephyr/libzephyr.a(thread_entry.c.obj)
                              (--whole-archive)
zephyr/libzephyr.a(timeutil.c.obj)
                              (--whole-archive)
zephyr/libzephyr.a(tracing_none.c.obj)
                              (--whole-archive)
zephyr/libzephyr.a(validate_base_addresses.c.obj)
                              (--whole-archive)
zephyr/libzephyr.a(validate_enabled_instances.c.obj)
                              (--whole-archive)
zephyr/arch/common/libarch__common.a(sw_isr_common.c.obj)
                              (--whole-archive)
zephyr/arch/arch/arm/core/aarch32/libarch__arm__core__aarch32.a(cpu_idle.S.obj)
                              (--whole-archive)
zephyr/arch/arch/arm/core/aarch32/libarch__arm__core__aarch32.a(isr_wrapper.S.obj)
                              (--whole-archive)
zephyr/arch/arch/arm/core/aarch32/libarch__arm__core__aarch32.a(nmi_on_reset.S.obj)
                              (--whole-archive)
zephyr/arch/arch/arm/core/aarch32/libarch__arm__core__aarch32.a(swap_helper.S.obj)
                              (--whole-archive)
zephyr/arch/arch/arm/core/aarch32/libarch__arm__core__aarch32.a(fatal.c.obj)
                              (--whole-archive)
zephyr/arch/arch/arm/core/aarch32/libarch__arm__core__aarch32.a(irq_manage.c.obj)
                              (--whole-archive)
zephyr/arch/arch/arm/core/aarch32/libarch__arm__core__aarch32.a(nmi.c.obj)
                              (--whole-archive)
zephyr/arch/arch/arm/core/aarch32/libarch__arm__core__aarch32.a(prep_c.c.obj)
                              (--whole-archive)
zephyr/arch/arch/arm/core/aarch32/libarch__arm__core__aarch32.a(swap.c.obj)
                              (--whole-archive)
zephyr/arch/arch/arm/core/aarch32/libarch__arm__core__aarch32.a(thread.c.obj)
                              (--whole-archive)
zephyr/arch/arch/arm/core/aarch32/cortex_m/libarch__arm__core__aarch32__cortex_m.a(exc_exit.S.obj)
                              (--whole-archive)
zephyr/arch/arch/arm/core/aarch32/cortex_m/libarch__arm__core__aarch32__cortex_m.a(fault_s.S.obj)
                              (--whole-archive)
zephyr/arch/arch/arm/core/aarch32/cortex_m/libarch__arm__core__aarch32__cortex_m.a(reset.S.obj)
                              (--whole-archive)
zephyr/arch/arch/arm/core/aarch32/cortex_m/libarch__arm__core__aarch32__cortex_m.a(vector_table.S.obj)
                              (--whole-archive)
[...]
Memory Configuration

Name             Origin             Length             Attributes
FLASH            0x00000000         0x00100000         xr
SRAM             0x20000000         0x00040000         xw
IDT_LIST         0xfffff7ff         0x00000800         xw
*default*        0x00000000         0xffffffff

Linker script and memory map

LOAD zephyr/CMakeFiles/zephyr_final.dir/dev_handles.c.obj
LOAD zephyr/CMakeFiles/zephyr_final.dir/misc/empty_file.c.obj
LOAD zephyr/CMakeFiles/zephyr_final.dir/isr_tables.c.obj
                0x00000020                _region_min_align = 0x20

.rel.plt        0x00000000        0x0
 *(SORT_BY_ALIGNMENT(.rel.plt))
                [!provide]                PROVIDE (__rel_iplt_start = .)
 *(SORT_BY_ALIGNMENT(.rel.iplt))
 .rel.iplt      0x00000000        0x0 zephyr/CMakeFiles/zephyr_final.dir/dev_handles.c.obj
                [!provide]                PROVIDE (__rel_iplt_end = .)

.rela.plt       0x00000000        0x0
 *(SORT_BY_ALIGNMENT(.rela.plt))
                [!provide]                PROVIDE (__rela_iplt_start = .)
 *(SORT_BY_ALIGNMENT(.rela.iplt))
                [!provide]                PROVIDE (__rela_iplt_end = .)

.rel.dyn
 *(SORT_BY_ALIGNMENT(.rel.*))

.rela.dyn
 *(SORT_BY_ALIGNMENT(.rela.*))

/DISCARD/
 *(SORT_BY_ALIGNMENT(.plt))
 *(SORT_BY_ALIGNMENT(.iplt))
 *(SORT_BY_ALIGNMENT(.got.plt))
 *(SORT_BY_ALIGNMENT(.igot.plt))
 *(SORT_BY_ALIGNMENT(.got))
 *(SORT_BY_ALIGNMENT(.igot))
 *(SORT_BY_ALIGNMENT(.irq_info*))
 *(SORT_BY_ALIGNMENT(.intList*))
 *(SORT_BY_ALIGNMENT(.note.GNU-stack))
                0x00000000                __rom_region_start = 0x0

rom_start       0x00000000      0x100
                0x00000000                . = 0x0
                0x00000000                . = ALIGN (0x4)
                0x00000000                . = ALIGN (0x80)
                0x00000000                . = ALIGN (0x100)
                0x00000000                _vector_start = .
 *(SORT_BY_ALIGNMENT(.exc_vector_table))
 *(SORT_BY_ALIGNMENT(.exc_vector_table.*))
 .exc_vector_table._vector_table_section
                0x00000000       0x40 zephyr/arch/arch/arm/core/aarch32/cortex_m/libarch__arm__core__aarch32__cortex_m.a(vector_table.S.obj)
                0x00000000                _vector_table
 *(SORT_BY_ALIGNMENT(.gnu.linkonce.irq_vector_table*))
 .gnu.linkonce.irq_vector_table
                0x00000040       0xc0 zephyr/CMakeFiles/zephyr_final.dir/isr_tables.c.obj
                0x00000040                _irq_vector_table
 *(SORT_BY_ALIGNMENT(.vectors))
                0x00000100                _vector_end = .

text            0x00000100     0x9198
                0x00000100                __text_region_start = .
 *(SORT_BY_ALIGNMENT(.text))
 .text          0x00000100      0x378 c:/users/utilizador/ncs/v1.9.1/toolchain/opt/bin/../lib/gcc/arm-none-eabi/9.2.1/thumb/v7e-m/nofp\libgcc.a(_arm_addsubdf3.o)
                0x00000100                __aeabi_drsub
                0x00000108                __aeabi_dsub
                0x00000108                __subdf3
                0x0000010c                __aeabi_dadd
                0x0000010c                __adddf3
                0x00000384                __floatunsidf
                0x00000384                __aeabi_ui2d
                0x000003a4                __floatsidf
                0x000003a4                __aeabi_i2d
                0x000003c8                __aeabi_f2d
                0x000003c8                __extendsfdf2
                0x0000040c                __floatundidf
                0x0000040c                __aeabi_ul2d
                0x0000041c                __floatdidf
                0x0000041c                __aeabi_l2d
 .text          0x00000478      0x424 c:/users/utilizador/ncs/v1.9.1/toolchain/opt/bin/../lib/gcc/arm-none-eabi/9.2.1/thumb/v7e-m/nofp\libgcc.a(_arm_muldivdf3.o)
                0x00000478                __aeabi_dmul
                0x00000478                __muldf3
                0x000006cc                __divdf3
                0x000006cc                __aeabi_ddiv
 .text          0x0000089c      0x110 c:/users/utilizador/ncs/v1.9.1/toolchain/opt/bin/../lib/gcc/arm-none-eabi/9.2.1/thumb/v7e-m/nofp\libgcc.a(_arm_cmpdf2.o)
                0x0000089c                __gtdf2
                0x0000089c                __gedf2
                0x000008a4                __ltdf2
                0x000008a4                __ledf2
                0x000008ac                __nedf2
                0x000008ac                __eqdf2
                0x000008ac                __cmpdf2
                0x00000928                __aeabi_cdrcmple
                0x00000938                __aeabi_cdcmpeq
                0x00000938                __aeabi_cdcmple
                0x00000948                __aeabi_dcmpeq
                0x0000095c                __aeabi_dcmplt
                0x00000970                __aeabi_dcmple
                0x00000984                __aeabi_dcmpge
                0x00000998                __aeabi_dcmpgt
 .text          0x000009ac       0x30 c:/users/utilizador/ncs/v1.9.1/toolchain/opt/bin/../lib/gcc/arm-none-eabi/9.2.1/thumb/v7e-m/nofp\libgcc.a(_aeabi_uldivmod.o)
                0x000009ac                __aeabi_uldivmod
 .text          0x000009dc      0x2c0 c:/users/utilizador/ncs/v1.9.1/toolchain/opt/bin/../lib/gcc/arm-none-eabi/9.2.1/thumb/v7e-m/nofp\libgcc.a(_udivmoddi4.o)
                0x000009dc                __udivmoddi4
 .text          0x00000c9c        0x4 c:/users/utilizador/ncs/v1.9.1/toolchain/opt/bin/../lib/gcc/arm-none-eabi/9.2.1/thumb/v7e-m/nofp\libgcc.a(_dvmd_tls.o)
                0x00000c9c                __aeabi_idiv0
                0x00000c9c                __aeabi_ldiv0
 *(SORT_BY_ALIGNMENT(.text.*))
 .text.thread_B_code
                0x00000ca0      0x114 app/libapp.a(main.c.obj)
                0x00000ca0                thread_B_code
 .text.thread_C_code
                0x00000db4      0x120 app/libapp.a(main.c.obj)
                0x00000db4                thread_C_code
 .text.thread_A_code
                0x00000ed4      0x158 app/libapp.a(main.c.obj)
                0x00000ed4                thread_A_code
 .text.main     0x0000102c       0xcc app/libapp.a(main.c.obj)
                0x0000102c                main
 .text.cbvprintf
                0x000010f8      0x780 zephyr/libzephyr.a(cbprintf_complete.c.obj)
                0x000010f8                cbvprintf
 .text.sys_notify_finalize
                0x00001878       0x60 zephyr/libzephyr.a(notify.c.obj)
                0x00001878                sys_notify_finalize
 .text.nrf_cc3xx_platform_abort_init
                0x000018d8        0xc zephyr/libzephyr.a(nrf_cc3xx_platform_abort_zephyr.c.obj)
                0x000018d8                nrf_cc3xx_platform_abort_init
 .text.mutex_unlock_platform
                0x000018e4       0x4c zephyr/libzephyr.a(nrf_cc3xx_platform_mutex_zephyr.c.obj)
 .text.mutex_free_platform
                0x00001930       0x48 zephyr/libzephyr.a(nrf_cc3xx_platform_mutex_zephyr.c.obj)
 .text.mutex_init_platform
                0x00001978       0x70 zephyr/libzephyr.a(nrf_cc3xx_platform_mutex_zephyr.c.obj)
 .text.mutex_lock_platform
                0x000019e8       0x58 zephyr/libzephyr.a(nrf_cc3xx_platform_mutex_zephyr.c.obj)
 .text.nrf_cc3xx_platform_mutex_init
                0x00001a40       0x2c zephyr/libzephyr.a(nrf_cc3xx_platform_mutex_zephyr.c.obj)
                0x00001a40                nrf_cc3xx_platform_mutex_init
 .text.process_event
                0x00001a6c      0x3f4 zephyr/libzephyr.a(onoff.c.obj)
 .text.transition_complete
                0x00001e60       0x64 zephyr/libzephyr.a(onoff.c.obj)
 .text.onoff_request
                0x00001ec4      0x130 zephyr/libzephyr.a(onoff.c.obj)
                0x00001ec4                onoff_request
 .text.pm_state_notify
                0x00001ff4       0xcc zephyr/libzephyr.a(pm.c.obj)
 .text.atomic_test_and_set_bit.constprop.0
                0x000020c0       0x38 zephyr/libzephyr.a(pm.c.obj)
 .text.pm_system_resume
                0x000020f8       0x88 zephyr/libzephyr.a(pm.c.obj)
                0x000020f8                pm_system_resume
 .text.pm_system_suspend
                0x00002180      0x100 zephyr/libzephyr.a(pm.c.obj)
                0x00002180                pm_system_suspend
 .text.char_out
                0x00002280       0x10 zephyr/libzephyr.a(printk.c.obj)
 .text.__printk_hook_install
                0x00002290        0xc zephyr/libzephyr.a(printk.c.obj)
                0x00002290                __printk_hook_install
 .text.vprintk  0x0000229c       0x1c zephyr/libzephyr.a(printk.c.obj)
                0x0000229c                vprintk
 .text.sys_reboot
                0x000022b8       0x28 zephyr/libzephyr.a(reboot.c.obj)
                0x000022b8                sys_reboot
 .text.z_arm_cpu_idle_init
                0x000022e0        0xc zephyr/arch/arch/arm/core/aarch32/libarch__arm__core__aarch32.a(cpu_idle.S.obj)
                0x000022e0                z_arm_cpu_idle_init
 .text.arch_cpu_idle
                0x000022ec       0x1c zephyr/arch/arch/arm/core/aarch32/libarch__arm__core__aarch32.a(cpu_idle.S.obj)
                0x000022ec                arch_cpu_idle
 .text.arch_cpu_atomic_idle
                0x00002308       0x14 zephyr/arch/arch/arm/core/aarch32/libarch__arm__core__aarch32.a(cpu_idle.S.obj)
                0x00002308                arch_cpu_atomic_idle
 .text._isr_wrapper
                0x0000231c       0x40 zephyr/arch/arch/arm/core/aarch32/libarch__arm__core__aarch32.a(isr_wrapper.S.obj)
                0x0000231c                _isr_wrapper
 .text.z_SysNmiOnReset
                0x0000235c        0x8 zephyr/arch/arch/arm/core/aarch32/libarch__arm__core__aarch32.a(nmi_on_reset.S.obj)
                0x0000235c                z_SysNmiOnReset
 .text.z_arm_pendsv
                0x00002364       0x54 zephyr/arch/arch/arm/core/aarch32/libarch__arm__core__aarch32.a(swap_helper.S.obj)
                0x00002364                z_arm_pendsv
 .text.z_arm_svc
                0x000023b8       0x20 zephyr/arch/arch/arm/core/aarch32/libarch__arm__core__aarch32.a(swap_helper.S.obj)
                0x000023b8                z_arm_svc
 .text.arch_irq_enable
                0x000023d8       0x20 zephyr/arch/arch/arm/core/aarch32/libarch__arm__core__aarch32.a(irq_manage.c.obj)
                0x000023d8                arch_irq_enable
 .text.arch_irq_is_enabled
                0x000023f8       0x1c zephyr/arch/arch/arm/core/aarch32/libarch__arm__core__aarch32.a(irq_manage.c.obj)
                0x000023f8                arch_irq_is_enabled
 .text.z_arm_irq_priority_set
                0x00002414       0x68 zephyr/arch/arch/arm/core/aarch32/libarch__arm__core__aarch32.a(irq_manage.c.obj)
                0x00002414                z_arm_irq_priority_set
 .text.z_arm_prep_c
                0x0000247c       0x38 zephyr/arch/arch/arm/core/aarch32/libarch__arm__core__aarch32.a(prep_c.c.obj)
                0x0000247c                z_arm_prep_c
 .text.arch_swap
                0x000024b4       0x34 zephyr/arch/arch/arm/core/aarch32/libarch__arm__core__aarch32.a(swap.c.obj)
                0x000024b4                arch_swap
 .text.arch_new_thread
                0x000024e8       0x38 zephyr/arch/arch/arm/core/aarch32/libarch__arm__core__aarch32.a(thread.c.obj)
                0x000024e8                arch_new_thread
 .text.z_check_thread_stack_fail
                0x00002520       0x34 zephyr/arch/arch/arm/core/aarch32/libarch__arm__core__aarch32.a(thread.c.obj)
                0x00002520                z_check_thread_stack_fail
 .text.arch_switch_to_main_thread
                0x00002554       0x2c zephyr/arch/arch/arm/core/aarch32/libarch__arm__core__aarch32.a(thread.c.obj)
                0x00002554                arch_switch_to_main_thread
 .text._HandlerModeExit
                0x00002580       0x1c zephyr/arch/arch/arm/core/aarch32/cortex_m/libarch__arm__core__aarch32__cortex_m.a(exc_exit.S.obj)
                0x00002580                z_arm_int_exit
                0x00002580                z_arm_exc_exit
 .text.__fault  0x0000259c       0x14 zephyr/arch/arch/arm/core/aarch32/cortex_m/libarch__arm__core__aarch32__cortex_m.a(fault_s.S.obj)
                0x0000259c                z_arm_usage_fault
                0x0000259c                z_arm_mpu_fault
                0x0000259c                z_arm_exc_spurious
                0x0000259c                z_arm_debug_monitor
                0x0000259c                z_arm_hard_fault
                0x0000259c                z_arm_bus_fault
 .text._reset_section
                0x000025b0       0x54 zephyr/arch/arch/arm/core/aarch32/cortex_m/libarch__arm__core__aarch32__cortex_m.a(reset.S.obj)
                0x000025b0                __start
                0x000025b0                z_arm_reset
 .text.mem_manage_fault
                0x00002604       0xa4 zephyr/arch/arch/arm/core/aarch32/cortex_m/libarch__arm__core__aarch32__cortex_m.a(fault.c.obj)
 .text.bus_fault.isra.0
                0x000026a8       0x3c zephyr/arch/arch/arm/core/aarch32/cortex_m/libarch__arm__core__aarch32__cortex_m.a(fault.c.obj)
 .text.usage_fault.isra.0
                0x000026e4       0x24 zephyr/arch/arch/arm/core/aarch32/cortex_m/libarch__arm__core__aarch32__cortex_m.a(fault.c.obj)
 .text.z_arm_fault
                0x00002708      0x17c zephyr/arch/arch/arm/core/aarch32/cortex_m/libarch__arm__core__aarch32__cortex_m.a(fault.c.obj)
                0x00002708                z_arm_fault
 .text.z_arm_fault_init
                0x00002884       0x10 zephyr/arch/arch/arm/core/aarch32/cortex_m/libarch__arm__core__aarch32__cortex_m.a(fault.c.obj)
                0x00002884                z_arm_fault_init
 .text.z_arm_interrupt_init
                0x00002894       0x18 zephyr/arch/arch/arm/core/aarch32/cortex_m/libarch__arm__core__aarch32__cortex_m.a(irq_init.c.obj)
                0x00002894                z_arm_interrupt_init
 .text.z_arm_clear_arm_mpu_config
                0x000028ac       0x20 zephyr/arch/arch/arm/core/aarch32/cortex_m/libarch__arm__core__aarch32__cortex_m.a(scb.c.obj)
                0x000028ac                z_arm_clear_arm_mpu_config
 .text.z_arm_init_arch_hw_at_boot
                0x000028cc       0x64 zephyr/arch/arch/arm/core/aarch32/cortex_m/libarch__arm__core__aarch32__cortex_m.a(scb.c.obj)
                0x000028cc                z_arm_init_arch_hw_at_boot
 .text.z_impl_k_thread_abort
                0x00002930       0x24 zephyr/arch/arch/arm/core/aarch32/cortex_m/libarch__arm__core__aarch32__cortex_m.a(thread_abort.c.obj)
                0x00002930                z_impl_k_thread_abort
 .text.z_arm_configure_static_mpu_regions
                0x00002954       0x18 zephyr/arch/arch/arm/core/aarch32/mpu/libarch__arm__core__aarch32__mpu.a(arm_core_mpu.c.obj)
                0x00002954                z_arm_configure_static_mpu_regions
 .text.z_arm_configure_dynamic_mpu_regions
                0x0000296c       0x20 zephyr/arch/arch/arm/core/aarch32/mpu/libarch__arm__core__aarch32__mpu.a(arm_core_mpu.c.obj)
                0x0000296c                z_arm_configure_dynamic_mpu_regions
 .text.mpu_configure_regions
                0x0000298c       0x80 zephyr/arch/arch/arm/core/aarch32/mpu/libarch__arm__core__aarch32__mpu.a(arm_mpu.c.obj)
 .text.arm_core_mpu_enable
                0x00002a0c       0x14 zephyr/arch/arch/arm/core/aarch32/mpu/libarch__arm__core__aarch32__mpu.a(arm_mpu.c.obj)
                0x00002a0c                arm_core_mpu_enable
 .text.arm_core_mpu_disable
                0x00002a20       0x10 zephyr/arch/arch/arm/core/aarch32/mpu/libarch__arm__core__aarch32__mpu.a(arm_mpu.c.obj)
                0x00002a20                arm_core_mpu_disable
 .text.arm_core_mpu_configure_static_mpu_regions
                0x00002a30       0x50 zephyr/arch/arch/arm/core/aarch32/mpu/libarch__arm__core__aarch32__mpu.a(arm_mpu.c.obj)
                0x00002a30                arm_core_mpu_configure_static_mpu_regions
 .text.arm_core_mpu_configure_dynamic_mpu_regions
                0x00002a80       0x64 zephyr/arch/arch/arm/core/aarch32/mpu/libarch__arm__core__aarch32__mpu.a(arm_mpu.c.obj)
                0x00002a80                arm_core_mpu_configure_dynamic_mpu_regions
 .text.z_arm_mpu_init
                0x00002ae4       0xbc zephyr/arch/arch/arm/core/aarch32/mpu/libarch__arm__core__aarch32__mpu.a(arm_mpu.c.obj)
                0x00002ae4                z_arm_mpu_init
 .text.printf   0x00002ba0       0x24 zephyr/lib/libc/minimal/liblib__libc__minimal.a(fprintf.c.obj)
                0x00002ba0                printf
 .text.__stdout_hook_install
                0x00002bc4        0xc zephyr/lib/libc/minimal/liblib__libc__minimal.a(stdout_console.c.obj)
                0x00002bc4                __stdout_hook_install
 .text.z_impl_zephyr_fputc
                0x00002bd0       0x18 zephyr/lib/libc/minimal/liblib__libc__minimal.a(stdout_console.c.obj)
                0x00002bd0                z_impl_zephyr_fputc
 .text.nordicsemi_nrf52_init
                0x00002be8       0x64 zephyr/soc/arm/nordic_nrf/nrf52/libsoc__arm__nordic_nrf__nrf52.a(soc.c.obj)
 .text.sys_arch_reboot
                0x00002c4c       0x2c zephyr/soc/arm/nordic_nrf/nrf52/libsoc__arm__nordic_nrf__nrf52.a(soc.c.obj)
                0x00002c4c                sys_arch_reboot
 .text.arch_busy_wait
                0x00002c78       0x14 zephyr/soc/arm/nordic_nrf/nrf52/libsoc__arm__nordic_nrf__nrf52.a(soc.c.obj)
                0x00002c78                arch_busy_wait
 .text.adc_context_start_sampling.isra.0
                0x00002c8c       0x20 zephyr/drivers/adc/libdrivers__adc.a(adc_nrfx_saadc.c.obj)
 .text.adc_nrfx_channel_setup
                0x00002cac       0xd4 zephyr/drivers/adc/libdrivers__adc.a(adc_nrfx_saadc.c.obj)
 .text.start_read.isra.0
                0x00002d80      0x188 zephyr/drivers/adc/libdrivers__adc.a(adc_nrfx_saadc.c.obj)
 .text.adc_nrfx_read_async
                0x00002f08       0x44 zephyr/drivers/adc/libdrivers__adc.a(adc_nrfx_saadc.c.obj)
 .text.init_saadc
                0x00002f4c       0x48 zephyr/drivers/adc/libdrivers__adc.a(adc_nrfx_saadc.c.obj)
 .text.saadc_irq_handler
                0x00002f94       0xf4 zephyr/drivers/adc/libdrivers__adc.a(adc_nrfx_saadc.c.obj)
 .text.adc_nrfx_read
                0x00003088       0x40 zephyr/drivers/adc/libdrivers__adc.a(adc_nrfx_saadc.c.obj)
 .text.onoff_start
                0x000030c8       0x54 zephyr/drivers/clock_control/libdrivers__clock_control.a(clock_control_nrf.c.obj)
 .text.get_status
                0x0000311c       0x3c zephyr/drivers/clock_control/libdrivers__clock_control.a(clock_control_nrf.c.obj)
 .text.stop     0x00003158       0x7c zephyr/drivers/clock_control/libdrivers__clock_control.a(clock_control_nrf.c.obj)
 .text.onoff_stop
                0x000031d4       0x28 zephyr/drivers/clock_control/libdrivers__clock_control.a(clock_control_nrf.c.obj)
 .text.clk_init
                0x000031fc       0x60 zephyr/drivers/clock_control/libdrivers__clock_control.a(clock_control_nrf.c.obj)
 .text.clkstarted_handle.constprop.0
                0x0000325c       0x34 zephyr/drivers/clock_control/libdrivers__clock_control.a(clock_control_nrf.c.obj)
 .text.clock_event_handler
                0x00003290       0x60 zephyr/drivers/clock_control/libdrivers__clock_control.a(clock_control_nrf.c.obj)
 .text.generic_hfclk_start
                0x000032f0       0x64 zephyr/drivers/clock_control/libdrivers__clock_control.a(clock_control_nrf.c.obj)
 .text.generic_hfclk_stop
                0x00003354       0x2c zephyr/drivers/clock_control/libdrivers__clock_control.a(clock_control_nrf.c.obj)
 .text.api_blocking_start
                0x00003380       0x3c zephyr/drivers/clock_control/libdrivers__clock_control.a(clock_control_nrf.c.obj)
 .text.z_nrf_clock_control_lf_on
                0x000033bc      0x158 zephyr/drivers/clock_control/libdrivers__clock_control.a(clock_control_nrf.c.obj)
                0x000033bc                z_nrf_clock_control_lf_on
 .text.uart_console_init
                0x00003514       0x30 zephyr/drivers/console/libdrivers__console.a(uart_console.c.obj)
 .text.console_out
                0x00003544       0x28 zephyr/drivers/console/libdrivers__console.a(uart_console.c.obj)
 .text.gpio_nrfx_manage_callback
                0x0000356c       0xac zephyr/drivers/gpio/libdrivers__gpio.a(gpio_nrfx.c.obj)
 .text.nrfx_gpio_handler
                0x00003618       0x98 zephyr/drivers/gpio/libdrivers__gpio.a(gpio_nrfx.c.obj)
 .text.gpio_nrfx_pin_interrupt_configure
                0x000036b0      0x130 zephyr/drivers/gpio/libdrivers__gpio.a(gpio_nrfx.c.obj)
 .text.gpio_nrfx_init
                0x000037e0       0x38 zephyr/drivers/gpio/libdrivers__gpio.a(gpio_nrfx.c.obj)
 .text.gpio_nrfx_pin_configure
                0x00003818      0x15c zephyr/drivers/gpio/libdrivers__gpio.a(gpio_nrfx.c.obj)
 .text.pwm_nrfx_get_cycles_per_sec
                0x00003974       0x10 zephyr/drivers/pwm/libdrivers__pwm.a(pwm_nrfx.c.obj)
 .text.pwm_nrfx_init
                0x00003984       0x44 zephyr/drivers/pwm/libdrivers__pwm.a(pwm_nrfx.c.obj)
 .text.nrf_gpio_pin_port_decode
                0x000039c8       0x84 zephyr/drivers/pwm/libdrivers__pwm.a(pwm_nrfx.c.obj)
 .text.uarte_nrfx_configure
                0x00003a4c      0x164 zephyr/drivers/serial/libdrivers__serial.a(uart_nrfx_uarte.c.obj)
 .text.nrf_gpio_pin_port_decode
                0x00003bb0       0x84 zephyr/drivers/serial/libdrivers__serial.a(uart_nrfx_uarte.c.obj)
 .text.uarte_nrfx_poll_out
                0x00003c34       0xc4 zephyr/drivers/serial/libdrivers__serial.a(uart_nrfx_uarte.c.obj)
 .text.uarte_instance_init.isra.0
                0x00003cf8      0x198 zephyr/drivers/serial/libdrivers__serial.a(uart_nrfx_uarte.c.obj)
 .text.sys_clock_timeout_handler
                0x00003e90       0x78 zephyr/drivers/timer/libdrivers__timer.a(nrf_rtc_timer.c.obj)
 .text.compare_int_lock
                0x00003f08       0x50 zephyr/drivers/timer/libdrivers__timer.a(nrf_rtc_timer.c.obj)
 .text.compare_int_unlock.part.0
                0x00003f58       0x5c zephyr/drivers/timer/libdrivers__timer.a(nrf_rtc_timer.c.obj)
 .text.z_nrf_rtc_timer_read
                0x00003fb4       0x44 zephyr/drivers/timer/libdrivers__timer.a(nrf_rtc_timer.c.obj)
                0x00003fb4                z_nrf_rtc_timer_read
 .text.compare_set
                0x00003ff8      0x154 zephyr/drivers/timer/libdrivers__timer.a(nrf_rtc_timer.c.obj)
 .text.sys_clock_driver_init
                0x0000414c       0x84 zephyr/drivers/timer/libdrivers__timer.a(nrf_rtc_timer.c.obj)
 .text.rtc_nrf_isr
                0x000041d0       0xf0 zephyr/drivers/timer/libdrivers__timer.a(nrf_rtc_timer.c.obj)
                0x000041d0                rtc_nrf_isr
 .text.sys_clock_set_timeout
                0x000042c0       0x60 zephyr/drivers/timer/libdrivers__timer.a(nrf_rtc_timer.c.obj)
                0x000042c0                sys_clock_set_timeout
 .text.sys_clock_elapsed
                0x00004320       0x14 zephyr/drivers/timer/libdrivers__timer.a(nrf_rtc_timer.c.obj)
                0x00004320                sys_clock_elapsed
 .text.nrf_clock_is_running.constprop.0
                0x00004334       0x68 modules/hal_nordic/nrfx/libmodules__hal_nordic__nrfx.a(nrfx_clock.c.obj)
 .text.nrfx_clock_init
                0x0000439c       0x48 modules/hal_nordic/nrfx/libmodules__hal_nordic__nrfx.a(nrfx_clock.c.obj)
                0x0000439c                nrfx_clock_init
 .text.nrfx_clock_enable
                0x000043e4       0x40 modules/hal_nordic/nrfx/libmodules__hal_nordic__nrfx.a(nrfx_clock.c.obj)
                0x000043e4                nrfx_clock_enable
 .text.nrfx_clock_start
                0x00004424       0xa8 modules/hal_nordic/nrfx/libmodules__hal_nordic__nrfx.a(nrfx_clock.c.obj)
                0x00004424                nrfx_clock_start
 .text.nrfx_clock_stop
                0x000044cc       0xdc modules/hal_nordic/nrfx/libmodules__hal_nordic__nrfx.a(nrfx_clock.c.obj)
                0x000044cc                nrfx_clock_stop
 .text.nrfx_power_clock_irq_handler
                0x000045a8       0x68 modules/hal_nordic/nrfx/libmodules__hal_nordic__nrfx.a(nrfx_clock.c.obj)
                0x000045a8                nrfx_power_clock_irq_handler
 .text.nrfx_flag32_alloc
                0x00004610       0x48 modules/hal_nordic/nrfx/libmodules__hal_nordic__nrfx.a(nrfx_flag32_allocator.c.obj)
                0x00004610                nrfx_flag32_alloc
 .text.nrfx_flag32_free
                0x00004658       0x44 modules/hal_nordic/nrfx/libmodules__hal_nordic__nrfx.a(nrfx_flag32_allocator.c.obj)
                0x00004658                nrfx_flag32_free
 .text.pin_is_task_output
                0x0000469c       0x1c modules/hal_nordic/nrfx/libmodules__hal_nordic__nrfx.a(nrfx_gpiote.c.obj)
 .text.call_handler
                0x000046b8       0x3c modules/hal_nordic/nrfx/libmodules__hal_nordic__nrfx.a(nrfx_gpiote.c.obj)
 .text.release_handler
                0x000046f4       0x80 modules/hal_nordic/nrfx/libmodules__hal_nordic__nrfx.a(nrfx_gpiote.c.obj)
 .text.pin_handler_trigger_uninit
                0x00004774       0x34 modules/hal_nordic/nrfx/libmodules__hal_nordic__nrfx.a(nrfx_gpiote.c.obj)
 .text.nrf_gpio_pin_port_decode
                0x000047a8       0x6c modules/hal_nordic/nrfx/libmodules__hal_nordic__nrfx.a(nrfx_gpiote.c.obj)
 .text.nrfx_gpiote_input_configure
                0x00004814      0x150 modules/hal_nordic/nrfx/libmodules__hal_nordic__nrfx.a(nrfx_gpiote.c.obj)
                0x00004814                nrfx_gpiote_input_configure
 .text.nrfx_gpiote_output_configure
                0x00004964       0xe0 modules/hal_nordic/nrfx/libmodules__hal_nordic__nrfx.a(nrfx_gpiote.c.obj)
                0x00004964                nrfx_gpiote_output_configure
 .text.nrfx_gpiote_global_callback_set
                0x00004a44        0xc modules/hal_nordic/nrfx/libmodules__hal_nordic__nrfx.a(nrfx_gpiote.c.obj)
                0x00004a44                nrfx_gpiote_global_callback_set
 .text.nrfx_gpiote_channel_get
                0x00004a50       0x50 modules/hal_nordic/nrfx/libmodules__hal_nordic__nrfx.a(nrfx_gpiote.c.obj)
                0x00004a50                nrfx_gpiote_channel_get
 .text.nrfx_gpiote_init
                0x00004aa0       0x50 modules/hal_nordic/nrfx/libmodules__hal_nordic__nrfx.a(nrfx_gpiote.c.obj)
                0x00004aa0                nrfx_gpiote_init
 .text.nrfx_gpiote_is_init
                0x00004af0       0x14 modules/hal_nordic/nrfx/libmodules__hal_nordic__nrfx.a(nrfx_gpiote.c.obj)
                0x00004af0                nrfx_gpiote_is_init
 .text.nrfx_gpiote_channel_free
                0x00004b04        0xc modules/hal_nordic/nrfx/libmodules__hal_nordic__nrfx.a(nrfx_gpiote.c.obj)
                0x00004b04                nrfx_gpiote_channel_free
 .text.nrfx_gpiote_channel_alloc
                0x00004b10        0xc modules/hal_nordic/nrfx/libmodules__hal_nordic__nrfx.a(nrfx_gpiote.c.obj)
                0x00004b10                nrfx_gpiote_channel_alloc
 .text.nrfx_gpiote_trigger_enable
                0x00004b1c       0xe0 modules/hal_nordic/nrfx/libmodules__hal_nordic__nrfx.a(nrfx_gpiote.c.obj)
                0x00004b1c                nrfx_gpiote_trigger_enable
 .text.nrfx_gpiote_trigger_disable
                0x00004bfc       0x44 modules/hal_nordic/nrfx/libmodules__hal_nordic__nrfx.a(nrfx_gpiote.c.obj)
                0x00004bfc                nrfx_gpiote_trigger_disable
 .text.nrfx_gpiote_pin_uninit
                0x00004c40       0x48 modules/hal_nordic/nrfx/libmodules__hal_nordic__nrfx.a(nrfx_gpiote.c.obj)
                0x00004c40                nrfx_gpiote_pin_uninit
 .text.nrfx_gpiote_irq_handler
                0x00004c88      0x1b4 modules/hal_nordic/nrfx/libmodules__hal_nordic__nrfx.a(nrfx_gpiote.c.obj)
                0x00004c88                nrfx_gpiote_irq_handler
 .text.nrfx_ppi_channel_alloc
                0x00004e3c        0xc modules/hal_nordic/nrfx/libmodules__hal_nordic__nrfx.a(nrfx_ppi.c.obj)
                0x00004e3c                nrfx_ppi_channel_alloc
 .text.nrf_pwm_sequence_set
                0x00004e48       0xf8 modules/hal_nordic/nrfx/libmodules__hal_nordic__nrfx.a(nrfx_pwm.c.obj)
 .text.nrf_gpio_pin_port_decode
                0x00004f40       0x84 modules/hal_nordic/nrfx/libmodules__hal_nordic__nrfx.a(nrfx_pwm.c.obj)
 .text.nrfx_pwm_init
                0x00004fc4      0x198 modules/hal_nordic/nrfx/libmodules__hal_nordic__nrfx.a(nrfx_pwm.c.obj)
                0x00004fc4                nrfx_pwm_init
 .text.nrfx_pwm_simple_playback
                0x0000515c       0xe8 modules/hal_nordic/nrfx/libmodules__hal_nordic__nrfx.a(nrfx_pwm.c.obj)
                0x0000515c                nrfx_pwm_simple_playback
 .text.nrfx_pwm_is_stopped
                0x00005244       0x5c modules/hal_nordic/nrfx/libmodules__hal_nordic__nrfx.a(nrfx_pwm.c.obj)
                0x00005244                nrfx_pwm_is_stopped
 .text.nrfx_pwm_stop
                0x000052a0       0x64 modules/hal_nordic/nrfx/libmodules__hal_nordic__nrfx.a(nrfx_pwm.c.obj)
                0x000052a0                nrfx_pwm_stop
 .text.nrf52_errata_36
                0x00005304       0x14 modules/hal_nordic/nrfx/libmodules__hal_nordic__nrfx.a(system_nrf52840.c.obj)
 .text.nrf52_errata_98
                0x00005318       0x28 modules/hal_nordic/nrfx/libmodules__hal_nordic__nrfx.a(system_nrf52840.c.obj)
 .text.nvmc_wait
                0x00005340       0x10 modules/hal_nordic/nrfx/libmodules__hal_nordic__nrfx.a(system_nrf52840.c.obj)
                0x00005340                nvmc_wait
 .text.SystemInit
                0x00005350      0x1d0 modules/hal_nordic/nrfx/libmodules__hal_nordic__nrfx.a(system_nrf52840.c.obj)
                0x00005350                SystemInit
 .text.z_sys_init_run_level
                0x00005520       0x40 zephyr/kernel/libkernel.a(device.c.obj)
                0x00005520                z_sys_init_run_level
 .text.z_impl_device_get_binding
                0x00005560       0x58 zephyr/kernel/libkernel.a(device.c.obj)
                0x00005560                z_impl_device_get_binding
 .text.z_fatal_error
                0x000055b8       0x64 zephyr/kernel/libkernel.a(fatal.c.obj)
                0x000055b8                z_fatal_error
 .text.idle     0x0000561c       0x58 zephyr/kernel/libkernel.a(idle.c.obj)
                0x0000561c                idle
 .text.init_idle_thread
                0x00005674       0x58 zephyr/kernel/libkernel.a(init.c.obj)
 .text.bg_thread_main
                0x000056cc       0x34 zephyr/kernel/libkernel.a(init.c.obj)
 .text.z_bss_zero
                0x00005700       0x14 zephyr/kernel/libkernel.a(init.c.obj)
                0x00005700                z_bss_zero
 .text.z_cstart
                0x00005714       0xe4 zephyr/kernel/libkernel.a(init.c.obj)
                0x00005714                z_cstart
 .text.init_mem_slab_module
                0x000057f8       0x78 zephyr/kernel/libkernel.a(mem_slab.c.obj)
 .text.k_mem_slab_alloc
                0x00005870       0xd8 zephyr/kernel/libkernel.a(mem_slab.c.obj)
                0x00005870                k_mem_slab_alloc
 .text.k_mem_slab_free
                0x00005948       0xc8 zephyr/kernel/libkernel.a(mem_slab.c.obj)
                0x00005948                k_mem_slab_free
 .text.z_impl_k_mutex_lock
                0x00005a10      0x200 zephyr/kernel/libkernel.a(mutex.c.obj)
                0x00005a10                z_impl_k_mutex_lock
 .text.z_impl_k_mutex_unlock
                0x00005c10      0x190 zephyr/kernel/libkernel.a(mutex.c.obj)
                0x00005c10                z_impl_k_mutex_unlock
 .text.signal_poll_event
                0x00005da0       0xec zephyr/kernel/libkernel.a(poll.c.obj)
 .text.z_impl_k_poll_signal_raise
                0x00005e8c       0xb8 zephyr/kernel/libkernel.a(poll.c.obj)
                0x00005e8c                z_impl_k_poll_signal_raise
 .text.z_reset_time_slice
                0x00005f44       0x2c zephyr/kernel/libkernel.a(sched.c.obj)
                0x00005f44                z_reset_time_slice
 .text.k_sched_time_slice_set
                0x00005f70       0xcc zephyr/kernel/libkernel.a(sched.c.obj)
                0x00005f70                k_sched_time_slice_set
 .text.z_unpend_thread_no_timeout
                0x0000603c       0x90 zephyr/kernel/libkernel.a(sched.c.obj)
                0x0000603c                z_unpend_thread_no_timeout
 .text.z_reschedule
                0x000060cc       0x88 zephyr/kernel/libkernel.a(sched.c.obj)
                0x000060cc                z_reschedule
 .text.k_sched_lock
                0x00006154       0xe8 zephyr/kernel/libkernel.a(sched.c.obj)
                0x00006154                k_sched_lock
 .text.z_priq_dumb_remove
                0x0000623c       0x44 zephyr/kernel/libkernel.a(sched.c.obj)
                0x0000623c                z_priq_dumb_remove
 .text.unpend_thread_no_timeout
                0x00006280       0x44 zephyr/kernel/libkernel.a(sched.c.obj)
 .text.z_unpend_thread
                0x000062c4       0x98 zephyr/kernel/libkernel.a(sched.c.obj)
                0x000062c4                z_unpend_thread
 .text.update_cache
                0x0000635c       0x70 zephyr/kernel/libkernel.a(sched.c.obj)
 .text.move_thread_to_end_of_prio_q
                0x000063cc       0xac zephyr/kernel/libkernel.a(sched.c.obj)
 .text.z_time_slice
                0x00006478       0xf0 zephyr/kernel/libkernel.a(sched.c.obj)
                0x00006478                z_time_slice
 .text.ready_thread
                0x00006568       0xa4 zephyr/kernel/libkernel.a(sched.c.obj)
 .text.z_ready_thread
                0x0000660c       0x90 zephyr/kernel/libkernel.a(sched.c.obj)
                0x0000660c                z_ready_thread
 .text.z_sched_start
                0x0000669c       0xa8 zephyr/kernel/libkernel.a(sched.c.obj)
                0x0000669c                z_sched_start
 .text.z_thread_timeout
                0x00006744       0xb4 zephyr/kernel/libkernel.a(sched.c.obj)
                0x00006744                z_thread_timeout
 .text.unready_thread
                0x000067f8       0x38 zephyr/kernel/libkernel.a(sched.c.obj)
 .text.add_to_waitq_locked
                0x00006830       0x84 zephyr/kernel/libkernel.a(sched.c.obj)
 .text.pend     0x000068b4       0xbc zephyr/kernel/libkernel.a(sched.c.obj)
 .text.z_pend_curr
                0x00006970       0x60 zephyr/kernel/libkernel.a(sched.c.obj)
                0x00006970                z_pend_curr
 .text.z_set_prio
                0x000069d0      0x138 zephyr/kernel/libkernel.a(sched.c.obj)
                0x000069d0                z_set_prio
 .text.z_impl_k_thread_suspend
                0x00006b08       0xd4 zephyr/kernel/libkernel.a(sched.c.obj)
                0x00006b08                z_impl_k_thread_suspend
 .text.k_sched_unlock
                0x00006bdc       0xf8 zephyr/kernel/libkernel.a(sched.c.obj)
                0x00006bdc                k_sched_unlock
 .text.z_unpend1_no_timeout
                0x00006cd4       0x98 zephyr/kernel/libkernel.a(sched.c.obj)
                0x00006cd4                z_unpend1_no_timeout
 .text.z_unpend_first_thread
                0x00006d6c       0xa0 zephyr/kernel/libkernel.a(sched.c.obj)
                0x00006d6c                z_unpend_first_thread
 .text.z_sched_init
                0x00006e0c       0x18 zephyr/kernel/libkernel.a(sched.c.obj)
                0x00006e0c                z_sched_init
 .text.z_impl_k_yield
                0x00006e24      0x148 zephyr/kernel/libkernel.a(sched.c.obj)
                0x00006e24                z_impl_k_yield
 .text.z_tick_sleep
                0x00006f6c      0x15c zephyr/kernel/libkernel.a(sched.c.obj)
 .text.z_impl_k_sleep
                0x000070c8       0x70 zephyr/kernel/libkernel.a(sched.c.obj)
                0x000070c8                z_impl_k_sleep
 .text.z_impl_z_current_get
                0x00007138        0xc zephyr/kernel/libkernel.a(sched.c.obj)
                0x00007138                z_impl_z_current_get
 .text.z_impl_k_is_preempt_thread
                0x00007144       0x20 zephyr/kernel/libkernel.a(sched.c.obj)
                0x00007144                z_impl_k_is_preempt_thread
 .text.z_thread_abort
                0x00007164      0x168 zephyr/kernel/libkernel.a(sched.c.obj)
                0x00007164                z_thread_abort
 .text.z_sched_wake
                0x000072cc       0xb0 zephyr/kernel/libkernel.a(sched.c.obj)
                0x000072cc                z_sched_wake
 .text.z_sched_wait
                0x0000737c       0x24 zephyr/kernel/libkernel.a(sched.c.obj)
                0x0000737c                z_sched_wait
 .text.z_impl_k_sem_give
                0x000073a0       0x88 zephyr/kernel/libkernel.a(sem.c.obj)
                0x000073a0                z_impl_k_sem_give
 .text.z_impl_k_sem_take
                0x00007428      0x114 zephyr/kernel/libkernel.a(sem.c.obj)
                0x00007428                z_impl_k_sem_take
 .text.k_sys_work_q_init
                0x0000753c       0x34 zephyr/kernel/libkernel.a(system_work_q.c.obj)
 .text.z_setup_new_thread
                0x00007570       0xc8 zephyr/kernel/libkernel.a(thread.c.obj)
                0x00007570                z_setup_new_thread
 .text.z_impl_k_thread_create
                0x00007638       0x9c zephyr/kernel/libkernel.a(thread.c.obj)
                0x00007638                z_impl_k_thread_create
 .text.z_init_static_threads
                0x000076d4      0x120 zephyr/kernel/libkernel.a(thread.c.obj)
                0x000076d4                z_init_static_threads
 .text.z_spin_lock_valid
                0x000077f4       0x1c zephyr/kernel/libkernel.a(thread.c.obj)
                0x000077f4                z_spin_lock_valid
 .text.z_spin_unlock_valid
                0x00007810       0x20 zephyr/kernel/libkernel.a(thread.c.obj)
                0x00007810                z_spin_unlock_valid
 .text.z_spin_lock_set_owner
                0x00007830       0x10 zephyr/kernel/libkernel.a(thread.c.obj)
                0x00007830                z_spin_lock_set_owner
 .text.elapsed  0x00007840       0x14 zephyr/kernel/libkernel.a(timeout.c.obj)
 .text.next_timeout
                0x00007854       0x58 zephyr/kernel/libkernel.a(timeout.c.obj)
 .text.remove_timeout
                0x000078ac       0x34 zephyr/kernel/libkernel.a(timeout.c.obj)
 .text.z_add_timeout
                0x000078e0      0x1a8 zephyr/kernel/libkernel.a(timeout.c.obj)
                0x000078e0                z_add_timeout
 .text.z_abort_timeout
                0x00007a88       0x9c zephyr/kernel/libkernel.a(timeout.c.obj)
                0x00007a88                z_abort_timeout
 .text.z_get_next_timeout_expiry
                0x00007b24       0x90 zephyr/kernel/libkernel.a(timeout.c.obj)
                0x00007b24                z_get_next_timeout_expiry
 .text.z_set_timeout_expiry
                0x00007bb4       0xa0 zephyr/kernel/libkernel.a(timeout.c.obj)
                0x00007bb4                z_set_timeout_expiry
 .text.sys_clock_announce
                0x00007c54      0x198 zephyr/kernel/libkernel.a(timeout.c.obj)
                0x00007c54                sys_clock_announce
 .text.sys_clock_tick_get
                0x00007dec       0xa0 zephyr/kernel/libkernel.a(timeout.c.obj)
                0x00007dec                sys_clock_tick_get
 .text.z_timer_expiration_handler
                0x00007e8c      0x168 zephyr/kernel/libkernel.a(timer.c.obj)
                0x00007e8c                z_timer_expiration_handler
 .text.z_impl_k_timer_start
                0x00007ff4       0xc0 zephyr/kernel/libkernel.a(timer.c.obj)
                0x00007ff4                z_impl_k_timer_start
 .text.work_queue_main
                0x000080b4      0x228 zephyr/kernel/libkernel.a(work.c.obj)
 .text.submit_to_queue_locked
                0x000082dc       0xc8 zephyr/kernel/libkernel.a(work.c.obj)
 .text.k_work_submit_to_queue
                0x000083a4       0xc8 zephyr/kernel/libkernel.a(work.c.obj)
                0x000083a4                k_work_submit_to_queue
 .text.k_work_queue_start
                0x0000846c       0xe4 zephyr/kernel/libkernel.a(work.c.obj)
                0x0000846c                k_work_queue_start
 .text.z_data_copy
                0x00008550       0x34 zephyr/kernel/libkernel.a(xip.c.obj)
                0x00008550                z_data_copy
 .text.boot_banner
                0x00008584       0x18 zephyr/kernel/libkernel.a(banner.c.obj)
                0x00008584                boot_banner
 .text.nrf_cc3xx_platform_init_no_rng
                0x0000859c       0x38 C:/Users/Utilizador/ncs/v1.9.1/nrfxlib/crypto/nrf_cc310_platform/lib/cortex-m4/soft-float/no-interrupts/libnrf_cc310_platform_0.9.13.a(nrf_cc3xx_platform.c.obj)
                0x0000859c                nrf_cc3xx_platform_init_no_rng
 .text.nrf_cc3xx_platform_abort
                0x000085d4       0x24 C:/Users/Utilizador/ncs/v1.9.1/nrfxlib/crypto/nrf_cc310_platform/lib/cortex-m4/soft-float/no-interrupts/libnrf_cc310_platform_0.9.13.a(nrf_cc3xx_platform_abort.c.obj)
 .text.CC_PalAbort
                0x000085f8       0x40 C:/Users/Utilizador/ncs/v1.9.1/nrfxlib/crypto/nrf_cc310_platform/lib/cortex-m4/soft-float/no-interrupts/libnrf_cc310_platform_0.9.13.a(nrf_cc3xx_platform_abort.c.obj)
                0x000085f8                CC_PalAbort
 .text.nrf_cc3xx_platform_set_abort
                0x00008638       0x10 C:/Users/Utilizador/ncs/v1.9.1/nrfxlib/crypto/nrf_cc310_platform/lib/cortex-m4/soft-float/no-interrupts/libnrf_cc310_platform_0.9.13.a(nrf_cc3xx_platform_abort.c.obj)
                0x00008638                nrf_cc3xx_platform_set_abort
 .text.mutex_free
                0x00008648       0x28 C:/Users/Utilizador/ncs/v1.9.1/nrfxlib/crypto/nrf_cc310_platform/lib/cortex-m4/soft-float/no-interrupts/libnrf_cc310_platform_0.9.13.a(nrf_cc3xx_platform_mutex.c.obj)
 .text.mutex_unlock
                0x00008670       0x2c C:/Users/Utilizador/ncs/v1.9.1/nrfxlib/crypto/nrf_cc310_platform/lib/cortex-m4/soft-float/no-interrupts/libnrf_cc310_platform_0.9.13.a(nrf_cc3xx_platform_mutex.c.obj)
 .text.mutex_init
                0x0000869c       0x1c C:/Users/Utilizador/ncs/v1.9.1/nrfxlib/crypto/nrf_cc310_platform/lib/cortex-m4/soft-float/no-interrupts/libnrf_cc310_platform_0.9.13.a(nrf_cc3xx_platform_mutex.c.obj)
 .text.mutex_lock
                0x000086b8       0x44 C:/Users/Utilizador/ncs/v1.9.1/nrfxlib/crypto/nrf_cc310_platform/lib/cortex-m4/soft-float/no-interrupts/libnrf_cc310_platform_0.9.13.a(nrf_cc3xx_platform_mutex.c.obj)
 .text.nrf_cc3xx_platform_set_mutexes
                0x000086fc       0x60 C:/Users/Utilizador/ncs/v1.9.1/nrfxlib/crypto/nrf_cc310_platform/lib/cortex-m4/soft-float/no-interrupts/libnrf_cc310_platform_0.9.13.a(nrf_cc3xx_platform_mutex.c.obj)
                0x000086fc                nrf_cc3xx_platform_set_mutexes
 .text.CC_LibInitNoRng
                0x0000875c       0x6c C:/Users/Utilizador/ncs/v1.9.1/nrfxlib/crypto/nrf_cc310_platform/lib/cortex-m4/soft-float/no-interrupts/libnrf_cc310_platform_0.9.13.a(cc_lib.c.obj)
                0x0000875c                CC_LibInitNoRng
 .text.CC_HalInit
                0x000087c8        0x4 C:/Users/Utilizador/ncs/v1.9.1/nrfxlib/crypto/nrf_cc310_platform/lib/cortex-m4/soft-float/no-interrupts/libnrf_cc310_platform_0.9.13.a(cc_hal.c.obj)
                0x000087c8                CC_HalInit
 .text.CC_HalTerminate
                0x000087cc        0x4 C:/Users/Utilizador/ncs/v1.9.1/nrfxlib/crypto/nrf_cc310_platform/lib/cortex-m4/soft-float/no-interrupts/libnrf_cc310_platform_0.9.13.a(cc_hal.c.obj)
                0x000087cc                CC_HalTerminate
 .text.CC_HalMaskInterrupt
                0x000087d0        0xc C:/Users/Utilizador/ncs/v1.9.1/nrfxlib/crypto/nrf_cc310_platform/lib/cortex-m4/soft-float/no-interrupts/libnrf_cc310_platform_0.9.13.a(cc_hal.c.obj)
                0x000087d0                CC_HalMaskInterrupt
 .text.CC_PalInit
                0x000087dc       0x5c C:/Users/Utilizador/ncs/v1.9.1/nrfxlib/crypto/nrf_cc310_platform/lib/cortex-m4/soft-float/no-interrupts/libnrf_cc310_platform_0.9.13.a(cc_pal.c.obj)
                0x000087dc                CC_PalInit
 .text.CC_PalTerminate
                0x00008838       0x34 C:/Users/Utilizador/ncs/v1.9.1/nrfxlib/crypto/nrf_cc310_platform/lib/cortex-m4/soft-float/no-interrupts/libnrf_cc310_platform_0.9.13.a(cc_pal.c.obj)
                0x00008838                CC_PalTerminate
 .text.CC_PalDmaInit
                0x0000886c        0x4 C:/Users/Utilizador/ncs/v1.9.1/nrfxlib/crypto/nrf_cc310_platform/lib/cortex-m4/soft-float/no-interrupts/libnrf_cc310_platform_0.9.13.a(cc_pal_dma.c.obj)
                0x0000886c                CC_PalDmaInit
 .text.CC_PalDmaTerminate
                0x00008870        0x4 C:/Users/Utilizador/ncs/v1.9.1/nrfxlib/crypto/nrf_cc310_platform/lib/cortex-m4/soft-float/no-interrupts/libnrf_cc310_platform_0.9.13.a(cc_pal_dma.c.obj)
                0x00008870                CC_PalDmaTerminate
 .text.CC_PalMutexCreate
                0x00008874       0x14 C:/Users/Utilizador/ncs/v1.9.1/nrfxlib/crypto/nrf_cc310_platform/lib/cortex-m4/soft-float/no-interrupts/libnrf_cc310_platform_0.9.13.a(cc_pal_mutex.c.obj)
                0x00008874                CC_PalMutexCreate
 .text.CC_PalMutexDestroy
                0x00008888       0x14 C:/Users/Utilizador/ncs/v1.9.1/nrfxlib/crypto/nrf_cc310_platform/lib/cortex-m4/soft-float/no-interrupts/libnrf_cc310_platform_0.9.13.a(cc_pal_mutex.c.obj)
                0x00008888                CC_PalMutexDestroy
 .text.CC_PalPowerSaveModeInit
                0x0000889c       0x3c C:/Users/Utilizador/ncs/v1.9.1/nrfxlib/crypto/nrf_cc310_platform/lib/cortex-m4/soft-float/no-interrupts/libnrf_cc310_platform_0.9.13.a(cc_pal_pm.c.obj)
                0x0000889c                CC_PalPowerSaveModeInit
 .text.CC_PalPowerSaveModeSelect
                0x000088d8       0x84 C:/Users/Utilizador/ncs/v1.9.1/nrfxlib/crypto/nrf_cc310_platform/lib/cortex-m4/soft-float/no-interrupts/libnrf_cc310_platform_0.9.13.a(cc_pal_pm.c.obj)
                0x000088d8                CC_PalPowerSaveModeSelect
 .text.assert_post_action
                0x0000895c        0xe zephyr/libzephyr.a(assert.c.obj)
                0x0000895c                assert_post_action
 .text.encode_uint
                0x0000896a       0x96 zephyr/libzephyr.a(cbprintf_complete.c.obj)
 .text.outs     0x00008a00       0x2c zephyr/libzephyr.a(cbprintf_complete.c.obj)
 .text._ConfigAbsSyms
                0x00008a2c        0x2 zephyr/libzephyr.a(configs.c.obj)
                0x00008a2c                _ConfigAbsSyms
 .text.sys_notify_validate
                0x00008a2e       0x28 zephyr/libzephyr.a(notify.c.obj)
                0x00008a2e                sys_notify_validate
 .text.abort_function
                0x00008a56        0x8 zephyr/libzephyr.a(nrf_cc3xx_platform_abort_zephyr.c.obj)
 .text.process_recheck
                0x00008a5e       0x38 zephyr/libzephyr.a(onoff.c.obj)
 .text.notify_one
                0x00008a96       0x2c zephyr/libzephyr.a(onoff.c.obj)
 .text.validate_args
                0x00008ac2       0x1e zephyr/libzephyr.a(onoff.c.obj)
 .text.onoff_manager_init
                0x00008ae0       0x26 zephyr/libzephyr.a(onoff.c.obj)
                0x00008ae0                onoff_manager_init
 .text.arch_printk_char_out
                0x00008b06        0x4 zephyr/libzephyr.a(printk.c.obj)
                0x00008b06                arch_printk_char_out
 .text.printk   0x00008b0a       0x1a zephyr/libzephyr.a(printk.c.obj)
                0x00008b0a                printk
 .text.pm_policy_next_state
                0x00008b24        0xa zephyr/libzephyr.a(residency.c.obj)
                0x00008b24                pm_policy_next_state
 .text.z_thread_entry
                0x00008b2e       0x14 zephyr/libzephyr.a(thread_entry.c.obj)
                0x00008b2e                z_thread_entry
 .text.z_arm_fatal_error
                0x00008b42        0x4 zephyr/arch/arch/arm/core/aarch32/libarch__arm__core__aarch32.a(fatal.c.obj)
                0x00008b42                z_arm_fatal_error
 .text.z_do_kernel_oops
                0x00008b46        0x8 zephyr/arch/arch/arm/core/aarch32/libarch__arm__core__aarch32.a(fatal.c.obj)
                0x00008b46                z_do_kernel_oops
 .text.z_irq_spurious
                0x00008b4e        0x8 zephyr/arch/arch/arm/core/aarch32/libarch__arm__core__aarch32.a(irq_manage.c.obj)
                0x00008b4e                z_irq_spurious
 .text.z_arm_nmi
                0x00008b56        0xe zephyr/arch/arch/arm/core/aarch32/libarch__arm__core__aarch32.a(nmi.c.obj)
                0x00008b56                z_arm_nmi
 .text._stdout_hook_default
                0x00008b64        0x6 zephyr/lib/libc/minimal/liblib__libc__minimal.a(stdout_console.c.obj)
 .text.fputc    0x00008b6a        0x4 zephyr/lib/libc/minimal/liblib__libc__minimal.a(stdout_console.c.obj)
                0x00008b6a                fputc
 .text.strlen   0x00008b6e        0xe zephyr/lib/libc/minimal/liblib__libc__minimal.a(string.c.obj)
                0x00008b6e                strlen
 .text.strnlen  0x00008b7c       0x12 zephyr/lib/libc/minimal/liblib__libc__minimal.a(string.c.obj)
                0x00008b7c                strnlen
 .text.strcmp   0x00008b8e       0x18 zephyr/lib/libc/minimal/liblib__libc__minimal.a(string.c.obj)
                0x00008b8e                strcmp
 .text.memcpy   0x00008ba6       0x16 zephyr/lib/libc/minimal/liblib__libc__minimal.a(string.c.obj)
                0x00008ba6                memcpy
 .text.memset   0x00008bbc       0x12 zephyr/lib/libc/minimal/liblib__libc__minimal.a(string.c.obj)
                0x00008bbc                memset
 .text.pm_power_state_set
                0x00008bce       0x26 zephyr/soc/arm/nordic_nrf/nrf52/libsoc__arm__nordic_nrf__nrf52.a(power.c.obj)
                0x00008bce                pm_power_state_set
 .text.pm_power_state_exit_post_ops
                0x00008bf4       0x16 zephyr/soc/arm/nordic_nrf/nrf52/libsoc__arm__nordic_nrf__nrf52.a(power.c.obj)
                0x00008bf4                pm_power_state_exit_post_ops
 .text.adc_context_on_timer_expired
                0x00008c0a       0x2e zephyr/drivers/adc/libdrivers__adc.a(adc_nrfx_saadc.c.obj)
 .text.set_starting_state
                0x00008c38       0x3c zephyr/drivers/clock_control/libdrivers__clock_control.a(clock_control_nrf.c.obj)
 .text.set_on_state
                0x00008c74       0x26 zephyr/drivers/clock_control/libdrivers__clock_control.a(clock_control_nrf.c.obj)
 .text.onoff_started_callback
                0x00008c9a        0xc zephyr/drivers/clock_control/libdrivers__clock_control.a(clock_control_nrf.c.obj)
 .text.lfclk_start
                0x00008ca6        0x6 zephyr/drivers/clock_control/libdrivers__clock_control.a(clock_control_nrf.c.obj)
 .text.lfclk_stop
                0x00008cac        0x6 zephyr/drivers/clock_control/libdrivers__clock_control.a(clock_control_nrf.c.obj)
 .text.api_stop
                0x00008cb2        0x6 zephyr/drivers/clock_control/libdrivers__clock_control.a(clock_control_nrf.c.obj)
 .text.blocking_start_callback
                0x00008cb8        0x6 zephyr/drivers/clock_control/libdrivers__clock_control.a(clock_control_nrf.c.obj)
 .text.api_start
                0x00008cbe       0x36 zephyr/drivers/clock_control/libdrivers__clock_control.a(clock_control_nrf.c.obj)
 .text.gpio_nrfx_port_get_raw
                0x00008cf4        0xe zephyr/drivers/gpio/libdrivers__gpio.a(gpio_nrfx.c.obj)
 .text.gpio_nrfx_port_set_masked_raw
                0x00008d02       0x16 zephyr/drivers/gpio/libdrivers__gpio.a(gpio_nrfx.c.obj)
 .text.gpio_nrfx_port_set_bits_raw
                0x00008d18        0xc zephyr/drivers/gpio/libdrivers__gpio.a(gpio_nrfx.c.obj)
 .text.gpio_nrfx_port_clear_bits_raw
                0x00008d24        0xc zephyr/drivers/gpio/libdrivers__gpio.a(gpio_nrfx.c.obj)
 .text.gpio_nrfx_port_toggle_bits
                0x00008d30       0x12 zephyr/drivers/gpio/libdrivers__gpio.a(gpio_nrfx.c.obj)
 .text.any_other_channel_is_active
                0x00008d42       0x2a zephyr/drivers/pwm/libdrivers__pwm.a(pwm_nrfx.c.obj)
 .text.pwm_nrfx_pin_set
                0x00008d6c      0x170 zephyr/drivers/pwm/libdrivers__pwm.a(pwm_nrfx.c.obj)
 .text.uarte_nrfx_isr_int
                0x00008edc       0x74 zephyr/drivers/serial/libdrivers__serial.a(uart_nrfx_uarte.c.obj)
 .text.uarte_nrfx_config_get
                0x00008f50       0x10 zephyr/drivers/serial/libdrivers__serial.a(uart_nrfx_uarte.c.obj)
 .text.uarte_nrfx_err_check
                0x00008f60        0xe zephyr/drivers/serial/libdrivers__serial.a(uart_nrfx_uarte.c.obj)
 .text.is_tx_ready
                0x00008f6e       0x20 zephyr/drivers/serial/libdrivers__serial.a(uart_nrfx_uarte.c.obj)
 .text.uarte_nrfx_poll_in
                0x00008f8e       0x26 zephyr/drivers/serial/libdrivers__serial.a(uart_nrfx_uarte.c.obj)
 .text.uarte_0_init
                0x00008fb4       0x1e zephyr/drivers/serial/libdrivers__serial.a(uart_nrfx_uarte.c.obj)
 .text.uarte_1_init
                0x00008fd2       0x1e zephyr/drivers/serial/libdrivers__serial.a(uart_nrfx_uarte.c.obj)
 .text.sys_clock_idle_exit
                0x00008ff0        0x2 zephyr/drivers/timer/libdrivers__timer.a(sys_clock_init.c.obj)
                0x00008ff0                sys_clock_idle_exit
 .text.k_sys_fatal_error_handler
                0x00008ff2        0x8 modules/nrf/lib/fatal_error/lib..__nrf__lib__fatal_error.a(fatal_error.c.obj)
                0x00008ff2                k_sys_fatal_error_handler
 .text.hw_cc3xx_init_internal
                0x00008ffa        0x4 modules/nrf/drivers/hw_cc310/lib..__nrf__drivers__hw_cc310.a(hw_cc310.c.obj)
 .text.hw_cc3xx_init
                0x00008ffe       0x12 modules/nrf/drivers/hw_cc310/lib..__nrf__drivers__hw_cc310.a(hw_cc310.c.obj)
 .text.nrfx_isr
                0x00009010        0x2 modules/hal_nordic/nrfx/libmodules__hal_nordic__nrfx.a(nrfx_glue.c.obj)
                0x00009010                nrfx_isr
 .text.nrfx_busy_wait
                0x00009012        0x4 modules/hal_nordic/nrfx/libmodules__hal_nordic__nrfx.a(nrfx_glue.c.obj)
                0x00009012                nrfx_busy_wait
 .text.nrf_gpio_pin_present_check
                0x00009016       0x22 modules/hal_nordic/nrfx/libmodules__hal_nordic__nrfx.a(nrfx_gpiote.c.obj)
 .text.nrf_gpiote_in_event_get
                0x00009038        0x8 modules/hal_nordic/nrfx/libmodules__hal_nordic__nrfx.a(nrfx_gpiote.c.obj)
 .text.nrf_gpio_reconfigure
                0x00009040       0x96 modules/hal_nordic/nrfx/libmodules__hal_nordic__nrfx.a(nrfx_gpiote.c.obj)
 .text.nrf_gpio_cfg_sense_set
                0x000090d6       0x1e modules/hal_nordic/nrfx/libmodules__hal_nordic__nrfx.a(nrfx_gpiote.c.obj)
 .text.start_playback.isra.0
                0x000090f4       0x46 modules/hal_nordic/nrfx/libmodules__hal_nordic__nrfx.a(nrfx_pwm.c.obj)
 .text.z_device_state_init
                0x0000913a        0x2 zephyr/kernel/libkernel.a(device.c.obj)
                0x0000913a                z_device_state_init
 .text.z_device_ready
                0x0000913c       0x14 zephyr/kernel/libkernel.a(device.c.obj)
                0x0000913c                z_device_ready
 .text.z_pm_save_idle_exit
                0x00009150        0xe zephyr/kernel/libkernel.a(idle.c.obj)
                0x00009150                z_pm_save_idle_exit
 .text.k_mem_slab_init
                0x0000915e       0x38 zephyr/kernel/libkernel.a(mem_slab.c.obj)
                0x0000915e                k_mem_slab_init
 .text.z_impl_k_mutex_init
                0x00009196        0xe zephyr/kernel/libkernel.a(mutex.c.obj)
                0x00009196                z_impl_k_mutex_init
 .text.z_handle_obj_poll_events
                0x000091a4       0x1c zephyr/kernel/libkernel.a(poll.c.obj)
                0x000091a4                z_handle_obj_poll_events
 .text.z_reschedule_irqlock
                0x000091c0       0x18 zephyr/kernel/libkernel.a(sched.c.obj)
                0x000091c0                z_reschedule_irqlock
 .text.z_reschedule_unlocked
                0x000091d8       0x14 zephyr/kernel/libkernel.a(sched.c.obj)
 .text.z_priq_dumb_best
                0x000091ec       0x14 zephyr/kernel/libkernel.a(sched.c.obj)
                0x000091ec                z_priq_dumb_best
 .text.z_impl_k_sem_init
                0x00009200       0x20 zephyr/kernel/libkernel.a(sem.c.obj)
                0x00009200                z_impl_k_sem_init
 .text.k_is_in_isr
                0x00009220        0xc zephyr/kernel/libkernel.a(thread.c.obj)
                0x00009220                k_is_in_isr
 .text.z_impl_k_thread_name_set
                0x0000922c        0x6 zephyr/kernel/libkernel.a(thread.c.obj)
                0x0000922c                z_impl_k_thread_name_set
 .text.z_impl_k_thread_start
                0x00009232        0x4 zephyr/kernel/libkernel.a(thread.c.obj)
                0x00009232                z_impl_k_thread_start
 .text.sys_clock_tick_get_32
                0x00009236        0x8 zephyr/kernel/libkernel.a(timeout.c.obj)
                0x00009236                sys_clock_tick_get_32
 .text.z_impl_k_uptime_ticks
                0x0000923e        0x4 zephyr/kernel/libkernel.a(timeout.c.obj)
                0x0000923e                z_impl_k_uptime_ticks
 .text.z_impl_k_busy_wait
                0x00009242        0x8 zephyr/kernel/libkernel.a(timeout.c.obj)
                0x00009242                z_impl_k_busy_wait
 .text.z_impl_k_timer_stop
                0x0000924a       0x3a zephyr/kernel/libkernel.a(timer.c.obj)
                0x0000924a                z_impl_k_timer_stop
 .text.notify_queue_locked
                0x00009284        0xe zephyr/kernel/libkernel.a(work.c.obj)
 .text._OffsetAbsSyms
                0x00009292        0x2 zephyr/CMakeFiles/offsets.dir/./arch/arm/core/offsets/offsets.c.obj
                0x00009292                _OffsetAbsSyms
 *(SORT_BY_ALIGNMENT(.TEXT.*))
 .TEXT.z_arm_platform_init
                0x00009294        0x4 zephyr/libzephyr.a(soc_nrf_common.S.obj)
                0x00009294                z_arm_platform_init
 *(SORT_BY_ALIGNMENT(.gnu.linkonce.t.*))
 *(SORT_BY_ALIGNMENT(.glue_7t))
 .glue_7t       0x00009298        0x0 linker stubs
 *(SORT_BY_ALIGNMENT(.glue_7))
 .glue_7        0x00009298        0x0 linker stubs
 *(SORT_BY_ALIGNMENT(.vfp11_veneer))
 .vfp11_veneer  0x00009298        0x0 linker stubs
 *(SORT_BY_ALIGNMENT(.v4_bx))
 .v4_bx         0x00009298        0x0 linker stubs
                0x00009298                __text_region_end = .

.ARM.exidx      0x00009298        0x8
                0x00009298                __exidx_start = .
 *(SORT_BY_ALIGNMENT(.ARM.exidx*) SORT_BY_ALIGNMENT(gnu.linkonce.armexidx.*))
 .ARM.exidx     0x00009298        0x8 c:/users/utilizador/ncs/v1.9.1/toolchain/opt/bin/../lib/gcc/arm-none-eabi/9.2.1/thumb/v7e-m/nofp\libgcc.a(_udivmoddi4.o)
                0x000092a0                __exidx_end = .
                0x000092a0                __rodata_region_start = .

initlevel       0x000092a0       0x70
                0x000092a0                __init_start = .
                0x000092a0                __init_PRE_KERNEL_1_start = .
 *(SORT_BY_NAME(SORT_BY_ALIGNMENT(.z_init_PRE_KERNEL_1[0-9]_*)))
 .z_init_PRE_KERNEL_10_
                0x000092a0        0x8 zephyr/soc/arm/nordic_nrf/nrf52/libsoc__arm__nordic_nrf__nrf52.a(soc.c.obj)
 *(SORT_BY_NAME(SORT_BY_ALIGNMENT(.z_init_PRE_KERNEL_1[1-9][0-9]_*)))
 .z_init_PRE_KERNEL_130_
                0x000092a8        0x8 zephyr/drivers/clock_control/libdrivers__clock_control.a(clock_control_nrf.c.obj)
 .z_init_PRE_KERNEL_130_
                0x000092b0        0x8 zephyr/kernel/libkernel.a(mem_slab.c.obj)
 .z_init_PRE_KERNEL_140_
                0x000092b8       0x10 zephyr/drivers/gpio/libdrivers__gpio.a(gpio_nrfx.c.obj)
 .z_init_PRE_KERNEL_140_
                0x000092c8        0x8 modules/nrf/drivers/hw_cc310/lib..__nrf__drivers__hw_cc310.a(hw_cc310.c.obj)
 .z_init_PRE_KERNEL_155_
                0x000092d0       0x10 zephyr/drivers/serial/libdrivers__serial.a(uart_nrfx_uarte.c.obj)
 .z_init_PRE_KERNEL_160_
                0x000092e0        0x8 zephyr/drivers/console/libdrivers__console.a(uart_console.c.obj)
                0x000092e8                __init_PRE_KERNEL_2_start = .
 *(SORT_BY_NAME(SORT_BY_ALIGNMENT(.z_init_PRE_KERNEL_2[0-9]_*)))
 .z_init_PRE_KERNEL_20_
                0x000092e8        0x8 zephyr/drivers/timer/libdrivers__timer.a(nrf_rtc_timer.c.obj)
 *(SORT_BY_NAME(SORT_BY_ALIGNMENT(.z_init_PRE_KERNEL_2[1-9][0-9]_*)))
                0x000092f0                __init_POST_KERNEL_start = .
 *(SORT_BY_NAME(SORT_BY_ALIGNMENT(.z_init_POST_KERNEL[0-9]_*)))
 *(SORT_BY_NAME(SORT_BY_ALIGNMENT(.z_init_POST_KERNEL[1-9][0-9]_*)))
 .z_init_POST_KERNEL40_
                0x000092f0        0x8 modules/nrf/drivers/hw_cc310/lib..__nrf__drivers__hw_cc310.a(hw_cc310.c.obj)
 .z_init_POST_KERNEL40_
                0x000092f8        0x8 zephyr/kernel/libkernel.a(system_work_q.c.obj)
 .z_init_POST_KERNEL50_
                0x00009300        0x8 zephyr/drivers/adc/libdrivers__adc.a(adc_nrfx_saadc.c.obj)
 .z_init_POST_KERNEL50_
                0x00009308        0x8 zephyr/drivers/pwm/libdrivers__pwm.a(pwm_nrfx.c.obj)
                0x00009310                __init_APPLICATION_start = .
 *(SORT_BY_NAME(SORT_BY_ALIGNMENT(.z_init_APPLICATION[0-9]_*)))
 *(SORT_BY_NAME(SORT_BY_ALIGNMENT(.z_init_APPLICATION[1-9][0-9]_*)))
                0x00009310                __init_SMP_start = .
 *(SORT_BY_NAME(SORT_BY_ALIGNMENT(.z_init_SMP[0-9]_*)))
 *(SORT_BY_NAME(SORT_BY_ALIGNMENT(.z_init_SMP[1-9][0-9]_*)))
                0x00009310                __init_end = .

devices         0x00009310       0xa8
                0x00009310                __device_start = .
                0x00009310                __device_PRE_KERNEL_1_start = .
 *(SORT_BY_NAME(SORT_BY_ALIGNMENT(.z_device_PRE_KERNEL_1[0-9]_*)))
 *(SORT_BY_NAME(SORT_BY_ALIGNMENT(.z_device_PRE_KERNEL_1[1-9][0-9]_*)))
 .z_device_PRE_KERNEL_130_
                0x00009310       0x18 zephyr/drivers/clock_control/libdrivers__clock_control.a(clock_control_nrf.c.obj)
                0x00009310                __device_dts_ord_27
 .z_device_PRE_KERNEL_140_
                0x00009328       0x30 zephyr/drivers/gpio/libdrivers__gpio.a(gpio_nrfx.c.obj)
                0x00009328                __device_dts_ord_11
                0x00009340                __device_dts_ord_54
 .z_device_PRE_KERNEL_155_
                0x00009358       0x30 zephyr/drivers/serial/libdrivers__serial.a(uart_nrfx_uarte.c.obj)
                0x00009358                __device_dts_ord_63
                0x00009370                __device_dts_ord_62
                0x00009388                __device_PRE_KERNEL_2_start = .
 *(SORT_BY_NAME(SORT_BY_ALIGNMENT(.z_device_PRE_KERNEL_2[0-9]_*)))
 *(SORT_BY_NAME(SORT_BY_ALIGNMENT(.z_device_PRE_KERNEL_2[1-9][0-9]_*)))
                0x00009388                __device_POST_KERNEL_start = .
 *(SORT_BY_NAME(SORT_BY_ALIGNMENT(.z_device_POST_KERNEL[0-9]_*)))
 *(SORT_BY_NAME(SORT_BY_ALIGNMENT(.z_device_POST_KERNEL[1-9][0-9]_*)))
 .z_device_POST_KERNEL50_
                0x00009388       0x18 zephyr/drivers/adc/libdrivers__adc.a(adc_nrfx_saadc.c.obj)
                0x00009388                __device_dts_ord_26
 .z_device_POST_KERNEL50_
                0x000093a0       0x18 zephyr/drivers/pwm/libdrivers__pwm.a(pwm_nrfx.c.obj)
                0x000093a0                __device_dts_ord_24
                0x000093b8                __device_APPLICATION_start = .
 *(SORT_BY_NAME(SORT_BY_ALIGNMENT(.z_device_APPLICATION[0-9]_*)))
 *(SORT_BY_NAME(SORT_BY_ALIGNMENT(.z_device_APPLICATION[1-9][0-9]_*)))
                0x000093b8                __device_SMP_start = .
 *(SORT_BY_NAME(SORT_BY_ALIGNMENT(.z_device_SMP[0-9]_*)))
 *(SORT_BY_NAME(SORT_BY_ALIGNMENT(.z_device_SMP[1-9][0-9]_*)))
                0x000093b8                __device_end = .

sw_isr_table    0x000093b8      0x180
                0x000093b8                . = ALIGN (0x0)
 *(SORT_BY_ALIGNMENT(.gnu.linkonce.sw_isr_table*))
 .gnu.linkonce.sw_isr_table
                0x000093b8      0x180 zephyr/CMakeFiles/zephyr_final.dir/isr_tables.c.obj
                0x000093b8                _sw_isr_table

initlevel_error
                0x000092a0        0x0
 *(SORT_BY_NAME(SORT_BY_ALIGNMENT(.z_init_[_A-Z0-9]*)))
                0x00000001                ASSERT ((SIZEOF (initlevel_error) == 0x0), Undefined initialization levels used.)

app_shmem_regions
                0x00009538        0x0
                0x00009538                __app_shmem_regions_start = .
 *(SORT_BY_NAME(SORT_BY_ALIGNMENT(.app_regions.*)))
                0x00009538                __app_shmem_regions_end = .

bt_l2cap_fixed_chan_area
                0x00009538        0x0
                0x00009538                _bt_l2cap_fixed_chan_list_start = .
 *(SORT_BY_NAME(SORT_BY_ALIGNMENT(._bt_l2cap_fixed_chan.static.*)))
                0x00009538                _bt_l2cap_fixed_chan_list_end = .

bt_gatt_service_static_area
                0x00009538        0x0
                0x00009538                _bt_gatt_service_static_list_start = .
 *(SORT_BY_NAME(SORT_BY_ALIGNMENT(._bt_gatt_service_static.static.*)))
                0x00009538                _bt_gatt_service_static_list_end = .

k_p4wq_initparam_area
                0x00009538        0x0
                0x00009538                _k_p4wq_initparam_list_start = .
 *(SORT_BY_NAME(SORT_BY_ALIGNMENT(._k_p4wq_initparam.static.*)))
                0x00009538                _k_p4wq_initparam_list_end = .

log_strings_sections
                0x00009538        0x0
                0x00009538                __log_strings_start = .
 *(SORT_BY_NAME(SORT_BY_ALIGNMENT(.log_strings*)))
                0x00009538                __log_strings_end = .

log_const_sections
                0x00009538        0x0
                0x00009538                __log_const_start = .
 *(SORT_BY_NAME(SORT_BY_ALIGNMENT(.log_const_*)))
                0x00009538                __log_const_end = .

log_backends_sections
                0x00009538        0x0
                0x00009538                __log_backends_start = .
 *(SORT_BY_ALIGNMENT(._log_backend.*))
                0x00009538                __log_backends_end = .

shell_area      0x00009538        0x0
                0x00009538                _shell_list_start = .
 *(SORT_BY_NAME(SORT_BY_ALIGNMENT(._shell.static.*)))
                0x00009538                _shell_list_end = .

shell_root_cmds_sections
                0x00009538        0x0
                0x00009538                __shell_root_cmds_start = .
 *(SORT_BY_NAME(SORT_BY_ALIGNMENT(.shell_root_cmd_*)))
                0x00009538                __shell_root_cmds_end = .

font_entry_sections
                0x00009538        0x0
                0x00009538                __font_entry_start = .
 *(SORT_BY_NAME(SORT_BY_ALIGNMENT(._cfb_font.*)))
                0x00009538                __font_entry_end = .

tracing_backend_area
                0x00009538        0x0
                0x00009538                _tracing_backend_list_start = .
 *(SORT_BY_NAME(SORT_BY_ALIGNMENT(._tracing_backend.static.*)))
                0x00009538                _tracing_backend_list_end = .

zephyr_dbg_info
 *(SORT_BY_ALIGNMENT(.dbg_thread_info))

device_handles  0x00009538       0x2a
                0x00009538                __device_handles_start = .
 *(SORT_BY_NAME(SORT_BY_ALIGNMENT(.__device_handles_pass2*)))
 .__device_handles_pass2
                0x00009538       0x2a zephyr/CMakeFiles/zephyr_final.dir/dev_handles.c.obj
                0x00009538                __devicehdl_DT_N_S_soc_S_pwm_4001c000
                0x0000953e                __devicehdl_DT_N_S_soc_S_adc_40007000
                0x00009544                __devicehdl_DT_N_S_soc_S_uart_40002000
                0x0000954a                __devicehdl_DT_N_S_soc_S_uart_40028000
                0x00009550                __devicehdl_DT_N_S_soc_S_gpio_50000300
                0x00009556                __devicehdl_DT_N_S_soc_S_gpio_50000000
                0x0000955c                __devicehdl_DT_N_S_soc_S_clock_40000000
                0x00009562                __device_handles_end = .

rodata          0x00009570     0x151c
 *(SORT_BY_ALIGNMENT(.rodata))
 *(SORT_BY_ALIGNMENT(.rodata.*))
 .rodata.delay_machine_code.12410
                0x00009570        0x6 zephyr/soc/arm/nordic_nrf/nrf52/libsoc__arm__nordic_nrf__nrf52.a(soc.c.obj)
 *fill*         0x00009576        0x2 
 .rodata.apis   0x00009578        0x8 zephyr/libzephyr.a(nrf_cc3xx_platform_abort_zephyr.c.obj)
 .rodata.mutex_apis
                0x00009580       0x10 zephyr/libzephyr.a(nrf_cc3xx_platform_mutex_zephyr.c.obj)
 .rodata.mutexes
                0x00009590       0x14 zephyr/libzephyr.a(nrf_cc3xx_platform_mutex_zephyr.c.obj)
 .rodata.static_regions
                0x000095a4        0xc zephyr/arch/arch/arm/core/aarch32/mpu/libarch__arm__core__aarch32__mpu.a(arm_core_mpu.c.obj)
 .rodata.mpu_config
                0x000095b0        0x8 zephyr/soc/arm/common/cortex_m/libsoc__arm__common__cortex_m.a(arm_mpu_regions.c.obj)
                0x000095b0                mpu_config
 .rodata.mpu_regions
                0x000095b8       0x18 zephyr/soc/arm/common/cortex_m/libsoc__arm__common__cortex_m.a(arm_mpu_regions.c.obj)
 .rodata.adc_nrfx_driver_api
                0x000095d0       0x10 zephyr/drivers/adc/libdrivers__adc.a(adc_nrfx_saadc.c.obj)
 .rodata.clock_control_api
                0x000095e0       0x18 zephyr/drivers/clock_control/libdrivers__clock_control.a(clock_control_nrf.c.obj)
 .rodata.config
                0x000095f8       0x10 zephyr/drivers/clock_control/libdrivers__clock_control.a(clock_control_nrf.c.obj)
 .rodata.transitions.11168
                0x00009608        0xc zephyr/drivers/clock_control/libdrivers__clock_control.a(clock_control_nrf.c.obj)
 .rodata.gpio_nrfx_drv_api_funcs
                0x00009614       0x24 zephyr/drivers/gpio/libdrivers__gpio.a(gpio_nrfx.c.obj)
 .rodata.gpio_nrfx_p0_cfg
                0x00009638       0x10 zephyr/drivers/gpio/libdrivers__gpio.a(gpio_nrfx.c.obj)
 .rodata.gpio_nrfx_p1_cfg
                0x00009648       0x10 zephyr/drivers/gpio/libdrivers__gpio.a(gpio_nrfx.c.obj)
 .rodata.pwm_nrfx_0config
                0x00009658       0x28 zephyr/drivers/pwm/libdrivers__pwm.a(pwm_nrfx.c.obj)
 .rodata.pwm_nrfx_drv_api_funcs
                0x00009680        0x8 zephyr/drivers/pwm/libdrivers__pwm.a(pwm_nrfx.c.obj)
 .rodata.uart_nrfx_uarte_driver_api
                0x00009688       0x14 zephyr/drivers/serial/libdrivers__serial.a(uart_nrfx_uarte.c.obj)
 .rodata.uarte_0z_config
                0x0000969c       0x20 zephyr/drivers/serial/libdrivers__serial.a(uart_nrfx_uarte.c.obj)
 .rodata.uarte_1z_config
                0x000096bc       0x20 zephyr/drivers/serial/libdrivers__serial.a(uart_nrfx_uarte.c.obj)
 .rodata.levels.9433
                0x000096dc       0x14 zephyr/kernel/libkernel.a(device.c.obj)
 .rodata._k_neg_eagain
                0x000096f0        0x4 zephyr/kernel/libkernel.a(errno.c.obj)
                0x000096f0                _k_neg_eagain
 .rodata.CSWTCH.8
                0x000096f4       0x1c C:/Users/Utilizador/ncs/v1.9.1/nrfxlib/crypto/nrf_cc310_platform/lib/cortex-m4/soft-float/no-interrupts/libnrf_cc310_platform_0.9.13.a(nrf_cc3xx_platform.c.obj)
 .rodata.mutex_free.str1.4
                0x00009710       0x26 C:/Users/Utilizador/ncs/v1.9.1/nrfxlib/crypto/nrf_cc310_platform/lib/cortex-m4/soft-float/no-interrupts/libnrf_cc310_platform_0.9.13.a(nrf_cc3xx_platform_mutex.c.obj)
 *fill*         0x00009736        0x2 
 .rodata.mutex_init.str1.4
                0x00009738       0x23 C:/Users/Utilizador/ncs/v1.9.1/nrfxlib/crypto/nrf_cc310_platform/lib/cortex-m4/soft-float/no-interrupts/libnrf_cc310_platform_0.9.13.a(nrf_cc3xx_platform_mutex.c.obj)
 *fill*         0x0000975b        0x1 
 .rodata.CC_PalPowerSaveModeInit.str1.4
                0x0000975c       0x20 C:/Users/Utilizador/ncs/v1.9.1/nrfxlib/crypto/nrf_cc310_platform/lib/cortex-m4/soft-float/no-interrupts/libnrf_cc310_platform_0.9.13.a(cc_pal_pm.c.obj)
 .rodata.my_channel_cfg
                0x0000977c        0x8 app/libapp.a(main.c.obj)
 .rodata.thread_B_code.str1.1
                0x00009784       0x73 app/libapp.a(main.c.obj)
 .rodata.thread_C_code.str1.1
                0x000097f7       0xc1 app/libapp.a(main.c.obj)
 .rodata.thread_A_code.str1.1
                0x000098b8      0x122 app/libapp.a(main.c.obj)
 .rodata.main.str1.1
                0x000099da       0x33 app/libapp.a(main.c.obj)
 .rodata.cbvprintf.str1.1
                0x00009a0d        0x6 zephyr/libzephyr.a(cbprintf_complete.c.obj)
 .rodata.sys_notify_finalize.str1.1
                0x00009a13       0x40 zephyr/libzephyr.a(notify.c.obj)
                                 0x42 (size before relaxing)
 .rodata.mutex_free_platform.str1.1
                0x00009a53       0x26 zephyr/libzephyr.a(nrf_cc3xx_platform_mutex_zephyr.c.obj)
 .rodata.mutex_init_platform.str1.1
                0x00009a79       0x2d zephyr/libzephyr.a(nrf_cc3xx_platform_mutex_zephyr.c.obj)
 .rodata.process_event.str1.1
                0x00009aa6      0x122 zephyr/libzephyr.a(onoff.c.obj)
                                0x141 (size before relaxing)
 .rodata.pm_state_notify.str1.1
                0x00009bc8       0x9c zephyr/libzephyr.a(pm.c.obj)
 .rodata.sys_reboot.str1.1
                0x00009bc8       0x29 zephyr/libzephyr.a(reboot.c.obj)
 .rodata.z_arm_irq_priority_set.str1.1
                0x00009bf1       0x91 zephyr/arch/arch/arm/core/aarch32/libarch__arm__core__aarch32.a(irq_manage.c.obj)
                                 0xae (size before relaxing)
 .rodata.mem_manage_fault.str1.1
                0x00009c82       0xa7 zephyr/arch/arch/arm/core/aarch32/cortex_m/libarch__arm__core__aarch32__cortex_m.a(fault.c.obj)
                                 0xc4 (size before relaxing)
 .rodata.z_arm_fault.str1.1
                0x00009d29       0xa5 zephyr/arch/arch/arm/core/aarch32/cortex_m/libarch__arm__core__aarch32__cortex_m.a(fault.c.obj)
                                 0xa7 (size before relaxing)
 .rodata.arm_core_mpu_configure_static_mpu_regions.str1.1
                0x00009dce       0x63 zephyr/arch/arch/arm/core/aarch32/mpu/libarch__arm__core__aarch32__mpu.a(arm_mpu.c.obj)
                                 0x82 (size before relaxing)
 .rodata.arm_core_mpu_configure_dynamic_mpu_regions.str1.1
                0x00009e31       0x2d zephyr/arch/arch/arm/core/aarch32/mpu/libarch__arm__core__aarch32__mpu.a(arm_mpu.c.obj)
 .rodata.z_arm_mpu_init.str1.1
                0x00009e5e       0xa5 zephyr/arch/arch/arm/core/aarch32/mpu/libarch__arm__core__aarch32__mpu.a(arm_mpu.c.obj)
 .rodata.str1.1
                0x00009f03        0xf zephyr/soc/arm/common/cortex_m/libsoc__arm__common__cortex_m.a(arm_mpu_regions.c.obj)
 .rodata.CSWTCH.9
                0x00009f12        0x6 zephyr/soc/arm/nordic_nrf/nrf52/libsoc__arm__nordic_nrf__nrf52.a(soc.c.obj)
 .rodata.str1.1
                0x00009f18        0x6 zephyr/drivers/adc/libdrivers__adc.a(adc_nrfx_saadc.c.obj)
 .rodata.get_status.str1.1
                0x00009f18       0x61 zephyr/drivers/clock_control/libdrivers__clock_control.a(clock_control_nrf.c.obj)
                                 0x7e (size before relaxing)
 .rodata.clock_event_handler.str1.1
                0x00009f79        0x2 zephyr/drivers/clock_control/libdrivers__clock_control.a(clock_control_nrf.c.obj)
 .rodata.z_nrf_clock_control_lf_on.str1.1
                0x00009f79        0x9 zephyr/drivers/clock_control/libdrivers__clock_control.a(clock_control_nrf.c.obj)
 .rodata.str1.1
                0x00009f82        0x6 zephyr/drivers/clock_control/libdrivers__clock_control.a(clock_control_nrf.c.obj)
 .rodata.gpio_nrfx_manage_callback.str1.1
                0x00009f88       0x6e zephyr/drivers/gpio/libdrivers__gpio.a(gpio_nrfx.c.obj)
                                 0x8b (size before relaxing)
 .rodata.nrfx_gpio_handler.str1.1
                0x00009ff6        0xc zephyr/drivers/gpio/libdrivers__gpio.a(gpio_nrfx.c.obj)
 .rodata.gpio_nrfx_pin_interrupt_configure.str1.1
                0x0000a002       0x56 zephyr/drivers/gpio/libdrivers__gpio.a(gpio_nrfx.c.obj)
                                 0x58 (size before relaxing)
 .rodata.str1.1
                0x0000a058        0x7 zephyr/drivers/gpio/libdrivers__gpio.a(gpio_nrfx.c.obj)
                                  0xe (size before relaxing)
 .rodata.nrf_gpio_pin_port_decode.str1.1
                0x0000a05f       0x75 zephyr/drivers/pwm/libdrivers__pwm.a(pwm_nrfx.c.obj)
 .rodata.str1.1
                0x0000a05f        0x6 zephyr/drivers/pwm/libdrivers__pwm.a(pwm_nrfx.c.obj)
 .rodata.nrf_gpio_pin_port_decode.str1.1
                0x0000a05f       0x75 zephyr/drivers/serial/libdrivers__serial.a(uart_nrfx_uarte.c.obj)
 .rodata.str1.1
                0x0000a05f        0xe zephyr/drivers/serial/libdrivers__serial.a(uart_nrfx_uarte.c.obj)
 .rodata.nrf_clock_is_running.constprop.0.str1.1
                0x0000a06d       0x34 modules/hal_nordic/nrfx/libmodules__hal_nordic__nrfx.a(nrfx_clock.c.obj)
                                 0x53 (size before relaxing)
 .rodata.nrfx_clock_init.str1.1
                0x0000a0a1       0x4b modules/hal_nordic/nrfx/libmodules__hal_nordic__nrfx.a(nrfx_clock.c.obj)
 .rodata.nrfx_clock_enable.str1.1
                0x0000a0ec       0x1e modules/hal_nordic/nrfx/libmodules__hal_nordic__nrfx.a(nrfx_clock.c.obj)
 .rodata.legacy_handler.str1.1
                0x0000a10a       0x64 modules/hal_nordic/nrfx/libmodules__hal_nordic__nrfx.a(nrfx_gpiote.c.obj)
                                 0x81 (size before relaxing)
 .rodata.release_handler.str1.1
                0x0000a16e       0x14 modules/hal_nordic/nrfx/libmodules__hal_nordic__nrfx.a(nrfx_gpiote.c.obj)
 .rodata.nrf_gpio_pin_port_decode.str1.1
                0x0000a182       0x58 modules/hal_nordic/nrfx/libmodules__hal_nordic__nrfx.a(nrfx_gpiote.c.obj)
 .rodata.nrfx_gpiote_channel_get.str1.1
                0x0000a182        0xa modules/hal_nordic/nrfx/libmodules__hal_nordic__nrfx.a(nrfx_gpiote.c.obj)
 .rodata.nrfx_gpiote_trigger_enable.str1.1
                0x0000a18c       0x20 modules/hal_nordic/nrfx/libmodules__hal_nordic__nrfx.a(nrfx_gpiote.c.obj)
 .rodata.nrf_pwm_sequence_set.str1.1
                0x0000a1ac       0xcd modules/hal_nordic/nrfx/libmodules__hal_nordic__nrfx.a(nrfx_pwm.c.obj)
                                 0xea (size before relaxing)
 .rodata.nrf_gpio_pin_port_decode.str1.1
                0x0000a279       0x58 modules/hal_nordic/nrfx/libmodules__hal_nordic__nrfx.a(nrfx_pwm.c.obj)
 .rodata.nrfx_pwm_init.str1.1
                0x0000a279       0x65 modules/hal_nordic/nrfx/libmodules__hal_nordic__nrfx.a(nrfx_pwm.c.obj)
 .rodata.nrfx_pwm_uninit.str1.1
                0x0000a2de       0x2c modules/hal_nordic/nrfx/libmodules__hal_nordic__nrfx.a(nrfx_pwm.c.obj)
 .rodata.nrfx_pwm_simple_playback.str1.1
                0x0000a30a       0x3c modules/hal_nordic/nrfx/libmodules__hal_nordic__nrfx.a(nrfx_pwm.c.obj)
 .rodata.nrfx_pwm_stop.str1.1
                0x0000a346       0x45 modules/hal_nordic/nrfx/libmodules__hal_nordic__nrfx.a(nrfx_pwm.c.obj)
 .rodata.CSWTCH.14
                0x0000a38b        0x6 modules/hal_nordic/nrfx/libmodules__hal_nordic__nrfx.a(system_nrf52840.c.obj)
 .rodata.CSWTCH.5
                0x0000a391        0x6 modules/hal_nordic/nrfx/libmodules__hal_nordic__nrfx.a(system_nrf52840.c.obj)
 .rodata.z_fatal_error.str1.1
                0x0000a397       0x74 zephyr/kernel/libkernel.a(fatal.c.obj)
                                 0x91 (size before relaxing)
 .rodata.idle.str1.1
                0x0000a40b       0x49 zephyr/kernel/libkernel.a(idle.c.obj)
                                 0x66 (size before relaxing)
 .rodata.z_cstart.str1.1
                0x0000a454        0x5 zephyr/kernel/libkernel.a(init.c.obj)
 .rodata.init_mem_slab_module.str1.1
                0x0000a459       0x61 zephyr/kernel/libkernel.a(mem_slab.c.obj)
                                 0x7e (size before relaxing)
 .rodata.k_mem_slab_alloc.str1.1
                0x0000a4ba       0x7f zephyr/kernel/libkernel.a(mem_slab.c.obj)
 .rodata.z_impl_k_mutex_lock.str1.1
                0x0000a4ba       0x59 zephyr/kernel/libkernel.a(mutex.c.obj)
                                 0xf5 (size before relaxing)
 .rodata.z_impl_k_mutex_unlock.str1.1
                0x0000a513       0x76 zephyr/kernel/libkernel.a(mutex.c.obj)
 .rodata.clear_event_registrations.str1.1
                0x0000a589       0xfb zephyr/kernel/libkernel.a(poll.c.obj)
                                0x199 (size before relaxing)
 .rodata.signal_poll_event.str1.1
                0x0000a684       0x35 zephyr/kernel/libkernel.a(poll.c.obj)
 .rodata.k_sched_time_slice_set.str1.1
                0x0000a6b9       0x9c zephyr/kernel/libkernel.a(sched.c.obj)
 .rodata.k_sched_lock.str1.1
                0x0000a6b9       0x71 zephyr/kernel/libkernel.a(sched.c.obj)
 .rodata.z_priq_dumb_remove.str1.1
                0x0000a6b9       0x43 zephyr/kernel/libkernel.a(sched.c.obj)
 .rodata.unpend_thread_no_timeout.str1.1
                0x0000a6fc       0x17 zephyr/kernel/libkernel.a(sched.c.obj)
 .rodata.update_cache.str1.1
                0x0000a713       0x27 zephyr/kernel/libkernel.a(sched.c.obj)
 .rodata.k_sched_unlock.str1.1
                0x0000a73a       0x31 zephyr/kernel/libkernel.a(sched.c.obj)
 .rodata.z_tick_sleep.str1.1
                0x0000a76b       0x40 zephyr/kernel/libkernel.a(sched.c.obj)
 .rodata.z_thread_abort.str1.1
                0x0000a7ab       0x22 zephyr/kernel/libkernel.a(sched.c.obj)
                                 0x24 (size before relaxing)
 .rodata.z_impl_k_sem_give.str1.1
                0x0000a7cd       0x70 zephyr/kernel/libkernel.a(sem.c.obj)
 .rodata.z_impl_k_sem_take.str1.1
                0x0000a7cd       0x6d zephyr/kernel/libkernel.a(sem.c.obj)
                                 0x9c (size before relaxing)
 .rodata.k_sys_work_q_init.str1.1
                0x0000a83a        0x9 zephyr/kernel/libkernel.a(system_work_q.c.obj)
 .rodata.z_setup_new_thread.str1.1
                0x0000a843       0xd4 zephyr/kernel/libkernel.a(thread.c.obj)
                                 0xf1 (size before relaxing)
 .rodata.z_impl_k_thread_create.str1.1
                0x0000a917       0x25 zephyr/kernel/libkernel.a(thread.c.obj)
                                 0x37 (size before relaxing)
 .rodata.z_init_static_threads.str1.1
                0x0000a93c       0x2d zephyr/kernel/libkernel.a(thread.c.obj)
                                 0x4c (size before relaxing)
 .rodata.z_add_timeout.str1.1
                0x0000a969       0x44 zephyr/kernel/libkernel.a(timeout.c.obj)
                                 0xe3 (size before relaxing)
 .rodata.z_timer_expiration_handler.str1.1
                0x0000a9ad       0x9c zephyr/kernel/libkernel.a(timer.c.obj)
 .rodata.work_queue_main.str1.1
                0x0000a9ad       0x38 zephyr/kernel/libkernel.a(work.c.obj)
                                 0xd4 (size before relaxing)
 .rodata.submit_to_queue_locked.str1.1
                0x0000a9e5       0x1b zephyr/kernel/libkernel.a(work.c.obj)
 .rodata.k_work_init.str1.1
                0x0000aa00       0x14 zephyr/kernel/libkernel.a(work.c.obj)
 .rodata.k_work_queue_start.str1.1
                0x0000aa14       0x40 zephyr/kernel/libkernel.a(work.c.obj)
 .rodata.boot_banner.str1.1
                0x0000aa54       0x36 zephyr/kernel/libkernel.a(banner.c.obj)
                                 0x37 (size before relaxing)
 *(SORT_BY_ALIGNMENT(.gnu.linkonce.r.*))
                0x0000aa8c                . = ALIGN (0x4)
 *fill*         0x0000aa8a        0x2 
                0x0000aa8c                __rodata_region_end = .
                0x0000aaa0                . = ALIGN (_region_min_align)
                0x00010000                . = ALIGN ((0x1 << ((__rodata_region_end - __rom_region_start) <= 0x4)?0x2:((__rodata_region_end - __rom_region_start) <= 0x8)?0x3:((__rodata_region_end - __rom_region_start) <= 0x10)?0x4:((__rodata_region_end - __rom_region_start) <= 0x20)?0x5:((__rodata_region_end - __rom_region_start) <= 0x40)?0x6:((__rodata_region_end - __rom_region_start) <= 0x80)?0x7:((__rodata_region_end - __rom_region_start) <= 0x100)?0x8:((__rodata_region_end - __rom_region_start) <= 0x200)?0x9:((__rodata_region_end - __rom_region_start) <= 0x400)?0xa:((__rodata_region_end - __rom_region_start) <= 0x800)?0xb:((__rodata_region_end - __rom_region_start) <= 0x1000)?0xc:((__rodata_region_end - __rom_region_start) <= 0x2000)?0xd:((__rodata_region_end - __rom_region_start) <= 0x4000)?0xe:((__rodata_region_end - __rom_region_start) <= 0x8000)?0xf:((__rodata_region_end - __rom_region_start) <= 0x10000)?0x10:((__rodata_region_end - __rom_region_start) <= 0x20000)?0x11:((__rodata_region_end - __rom_region_start) <= 0x40000)?0x12:((__rodata_region_end - __rom_region_start) <= 0x80000)?0x13:((__rodata_region_end - __rom_region_start) <= 0x100000)?0x14:((__rodata_region_end - __rom_region_start) <= 0x200000)?0x15:((__rodata_region_end - __rom_region_start) <= 0x400000)?0x16:((__rodata_region_end - __rom_region_start) <= 0x800000)?0x17:((__rodata_region_end - __rom_region_start) <= 0x1000000)?0x18:((__rodata_region_end - __rom_region_start) <= 0x2000000)?0x19:((__rodata_region_end - __rom_region_start) <= 0x4000000)?0x1a:((__rodata_region_end - __rom_region_start) <= 0x8000000)?0x1b:((__rodata_region_end - __rom_region_start) <= 0x10000000)?0x1c:((__rodata_region_end - __rom_region_start) <= 0x20000000)?0x1d:((__rodata_region_end - __rom_region_start) <= 0x40000000)?0x1e:((__rodata_region_end - __rom_region_start) <= 0x80000000)?0x1f:0x20))
                0x00010000                __rom_region_end = .
                0x20000000                . = 0x20000000
                0x20000000                . = ALIGN (_region_min_align)
                0x20000000                _image_ram_start = .

.ramfunc        0x20000000        0x0 load address 0x0000aa8c
                0x20000000                . = ALIGN (_region_min_align)
                0x20000000                . = ALIGN ((0x1 << (__ramfunc_size <= 0x4)?0x2:(__ramfunc_size <= 0x8)?0x3:(__ramfunc_size <= 0x10)?0x4:(__ramfunc_size <= 0x20)?0x5:(__ramfunc_size <= 0x40)?0x6:(__ramfunc_size <= 0x80)?0x7:(__ramfunc_size <= 0x100)?0x8:(__ramfunc_size <= 0x200)?0x9:(__ramfunc_size <= 0x400)?0xa:(__ramfunc_size <= 0x800)?0xb:(__ramfunc_size <= 0x1000)?0xc:(__ramfunc_size <= 0x2000)?0xd:(__ramfunc_size <= 0x4000)?0xe:(__ramfunc_size <= 0x8000)?0xf:(__ramfunc_size <= 0x10000)?0x10:(__ramfunc_size <= 0x20000)?0x11:(__ramfunc_size <= 0x40000)?0x12:(__ramfunc_size <= 0x80000)?0x13:(__ramfunc_size <= 0x100000)?0x14:(__ramfunc_size <= 0x200000)?0x15:(__ramfunc_size <= 0x400000)?0x16:(__ramfunc_size <= 0x800000)?0x17:(__ramfunc_size <= 0x1000000)?0x18:(__ramfunc_size <= 0x2000000)?0x19:(__ramfunc_size <= 0x4000000)?0x1a:(__ramfunc_size <= 0x8000000)?0x1b:(__ramfunc_size <= 0x10000000)?0x1c:(__ramfunc_size <= 0x20000000)?0x1d:(__ramfunc_size <= 0x40000000)?0x1e:(__ramfunc_size <= 0x80000000)?0x1f:0x20))
                0x20000000                __ramfunc_start = .
 *(SORT_BY_ALIGNMENT(.ramfunc))
 *(SORT_BY_ALIGNMENT(.ramfunc.*))
                0x20000000                . = ALIGN (_region_min_align)
                0x20000000                . = ALIGN ((0x1 << (__ramfunc_size <= 0x4)?0x2:(__ramfunc_size <= 0x8)?0x3:(__ramfunc_size <= 0x10)?0x4:(__ramfunc_size <= 0x20)?0x5:(__ramfunc_size <= 0x40)?0x6:(__ramfunc_size <= 0x80)?0x7:(__ramfunc_size <= 0x100)?0x8:(__ramfunc_size <= 0x200)?0x9:(__ramfunc_size <= 0x400)?0xa:(__ramfunc_size <= 0x800)?0xb:(__ramfunc_size <= 0x1000)?0xc:(__ramfunc_size <= 0x2000)?0xd:(__ramfunc_size <= 0x4000)?0xe:(__ramfunc_size <= 0x8000)?0xf:(__ramfunc_size <= 0x10000)?0x10:(__ramfunc_size <= 0x20000)?0x11:(__ramfunc_size <= 0x40000)?0x12:(__ramfunc_size <= 0x80000)?0x13:(__ramfunc_size <= 0x100000)?0x14:(__ramfunc_size <= 0x200000)?0x15:(__ramfunc_size <= 0x400000)?0x16:(__ramfunc_size <= 0x800000)?0x17:(__ramfunc_size <= 0x1000000)?0x18:(__ramfunc_size <= 0x2000000)?0x19:(__ramfunc_size <= 0x4000000)?0x1a:(__ramfunc_size <= 0x8000000)?0x1b:(__ramfunc_size <= 0x10000000)?0x1c:(__ramfunc_size <= 0x20000000)?0x1d:(__ramfunc_size <= 0x40000000)?0x1e:(__ramfunc_size <= 0x80000000)?0x1f:0x20))
                0x20000000                __ramfunc_end = .
                0x00000000                __ramfunc_size = (__ramfunc_end - __ramfunc_start)
                0x0000aa8c                __ramfunc_load_start = LOADADDR (.ramfunc)

datas           0x20000000      0x1ec load address 0x0000aa8c
                0x20000000                __data_region_start = .
                0x20000000                __data_start = .
 *(SORT_BY_ALIGNMENT(.data))
 *(SORT_BY_ALIGNMENT(.data.*))
 .data.m_data   0x20000000       0xb0 zephyr/drivers/adc/libdrivers__adc.a(adc_nrfx_saadc.c.obj)
 .data.asym_mutex
                0x200000b0        0x8 zephyr/libzephyr.a(nrf_cc3xx_platform_mutex_zephyr.c.obj)
 .data.power_mutex
                0x200000b8        0x8 zephyr/libzephyr.a(nrf_cc3xx_platform_mutex_zephyr.c.obj)
 .data.rng_mutex
                0x200000c0        0x8 zephyr/libzephyr.a(nrf_cc3xx_platform_mutex_zephyr.c.obj)
 .data.sym_mutex
                0x200000c8        0x8 zephyr/libzephyr.a(nrf_cc3xx_platform_mutex_zephyr.c.obj)
 .data._char_out
                0x200000d0        0x4 zephyr/libzephyr.a(printk.c.obj)
                0x200000d0                _char_out
 .data._stdout_hook
                0x200000d4        0x4 zephyr/lib/libc/minimal/liblib__libc__minimal.a(stdout_console.c.obj)
 .data.uarte_0_data
                0x200000d8       0x14 zephyr/drivers/serial/libdrivers__serial.a(uart_nrfx_uarte.c.obj)
 .data.uarte_1_data
                0x200000ec       0x14 zephyr/drivers/serial/libdrivers__serial.a(uart_nrfx_uarte.c.obj)
 .data.m_cb     0x20000100       0x7c modules/hal_nordic/nrfx/libmodules__hal_nordic__nrfx.a(nrfx_gpiote.c.obj)
 .data.m_channels_allocated
                0x2000017c        0x4 modules/hal_nordic/nrfx/libmodules__hal_nordic__nrfx.a(nrfx_ppi.c.obj)
 .data.SystemCoreClock
                0x20000180        0x4 modules/hal_nordic/nrfx/libmodules__hal_nordic__nrfx.a(system_nrf52840.c.obj)
                0x20000180                SystemCoreClock
 .data.timeout_list
                0x20000184        0x8 zephyr/kernel/libkernel.a(timeout.c.obj)
 .data.platform_abort_apis
                0x2000018c        0x8 C:/Users/Utilizador/ncs/v1.9.1/nrfxlib/crypto/nrf_cc310_platform/lib/cortex-m4/soft-float/no-interrupts/libnrf_cc310_platform_0.9.13.a(nrf_cc3xx_platform_abort.c.obj)
                0x2000018c                platform_abort_apis
 .data.asym_mutex
                0x20000194        0x8 C:/Users/Utilizador/ncs/v1.9.1/nrfxlib/crypto/nrf_cc310_platform/lib/cortex-m4/soft-float/no-interrupts/libnrf_cc310_platform_0.9.13.a(nrf_cc3xx_platform_mutex.c.obj)
 .data.platform_mutex_apis
                0x2000019c       0x10 C:/Users/Utilizador/ncs/v1.9.1/nrfxlib/crypto/nrf_cc310_platform/lib/cortex-m4/soft-float/no-interrupts/libnrf_cc310_platform_0.9.13.a(nrf_cc3xx_platform_mutex.c.obj)
                0x2000019c                platform_mutex_apis
 .data.platform_mutexes
                0x200001ac       0x14 C:/Users/Utilizador/ncs/v1.9.1/nrfxlib/crypto/nrf_cc310_platform/lib/cortex-m4/soft-float/no-interrupts/libnrf_cc310_platform_0.9.13.a(nrf_cc3xx_platform_mutex.c.obj)
                0x200001ac                platform_mutexes
 .data.power_mutex
                0x200001c0        0x8 C:/Users/Utilizador/ncs/v1.9.1/nrfxlib/crypto/nrf_cc310_platform/lib/cortex-m4/soft-float/no-interrupts/libnrf_cc310_platform_0.9.13.a(nrf_cc3xx_platform_mutex.c.obj)
 .data.rng_mutex
                0x200001c8        0x8 C:/Users/Utilizador/ncs/v1.9.1/nrfxlib/crypto/nrf_cc310_platform/lib/cortex-m4/soft-float/no-interrupts/libnrf_cc310_platform_0.9.13.a(nrf_cc3xx_platform_mutex.c.obj)
 .data.sym_mutex
                0x200001d0        0x8 C:/Users/Utilizador/ncs/v1.9.1/nrfxlib/crypto/nrf_cc310_platform/lib/cortex-m4/soft-float/no-interrupts/libnrf_cc310_platform_0.9.13.a(nrf_cc3xx_platform_mutex.c.obj)
 .data.CCAsymCryptoMutex
                0x200001d8        0x4 C:/Users/Utilizador/ncs/v1.9.1/nrfxlib/crypto/nrf_cc310_platform/lib/cortex-m4/soft-float/no-interrupts/libnrf_cc310_platform_0.9.13.a(cc_pal.c.obj)
                0x200001d8                CCAsymCryptoMutex
 .data.CCPowerMutex
                0x200001dc        0x4 C:/Users/Utilizador/ncs/v1.9.1/nrfxlib/crypto/nrf_cc310_platform/lib/cortex-m4/soft-float/no-interrupts/libnrf_cc310_platform_0.9.13.a(cc_pal.c.obj)
                0x200001dc                CCPowerMutex
 .data.CCRndCryptoMutex
                0x200001e0        0x4 C:/Users/Utilizador/ncs/v1.9.1/nrfxlib/crypto/nrf_cc310_platform/lib/cortex-m4/soft-float/no-interrupts/libnrf_cc310_platform_0.9.13.a(cc_pal.c.obj)
                0x200001e0                CCRndCryptoMutex
 .data.CCSymCryptoMutex
                0x200001e4        0x4 C:/Users/Utilizador/ncs/v1.9.1/nrfxlib/crypto/nrf_cc310_platform/lib/cortex-m4/soft-float/no-interrupts/libnrf_cc310_platform_0.9.13.a(cc_pal.c.obj)
                0x200001e4                CCSymCryptoMutex
 .data.pCCRndCryptoMutex
                0x200001e8        0x4 C:/Users/Utilizador/ncs/v1.9.1/nrfxlib/crypto/nrf_cc310_platform/lib/cortex-m4/soft-float/no-interrupts/libnrf_cc310_platform_0.9.13.a(cc_pal.c.obj)
                0x200001e8                pCCRndCryptoMutex
 *(SORT_BY_ALIGNMENT(.kernel.*))
                0x200001ec                __data_end = .
                0x000001ec                __data_size = (__data_end - __data_start)
                0x0000aa8c                __data_load_start = LOADADDR (datas)
                0x0000aa8c                __data_region_load_start = LOADADDR (datas)

device_states   0x200001ec       0x1c load address 0x0000ac78
                0x200001ec                __device_states_start = .
 *(SORT_BY_ALIGNMENT(.z_devstate))
 .z_devstate    0x200001ec        0x4 zephyr/drivers/adc/libdrivers__adc.a(adc_nrfx_saadc.c.obj)
 .z_devstate    0x200001f0        0x4 zephyr/drivers/clock_control/libdrivers__clock_control.a(clock_control_nrf.c.obj)